load_backend: loaded RPC backend from /home/rybens/.local/share/ggufone/runtime/b11026-linux-x64-vulkan/libggml-rpc.so
ggml_vulkan: Found 1 Vulkan devices:
ggml_vulkan: 0 = NVIDIA GeForce RTX 3060 Ti (NVIDIA) | uma: 0 | fp16: 1 | bf16: 1 | fp4: 0 | warp size: 32 | shared memory: 49152 | int dot: 1 | matrix cores: NV_coopmat2
load_backend: loaded Vulkan backend from /home/rybens/.local/share/ggufone/runtime/b11026-linux-x64-vulkan/libggml-vulkan.so
load_backend: loaded CPU backend from /home/rybens/.local/share/ggufone/runtime/b11026-linux-x64-vulkan/libggml-cpu-haswell.so
~llama_context:    Vulkan0 compute buffer size is 359.4228 MiB, matches expectation of 359.4228 MiB
~llama_context: Vulkan_Host compute buffer size is  21.4873 MiB, matches expectation of  21.4873 MiB
~llama_context:    Vulkan0 compute buffer size is 360.4359 MiB, matches expectation of 360.4359 MiB
~llama_context: Vulkan_Host compute buffer size is  12.8925 MiB, matches expectation of  12.8925 MiB
~llama_context:    Vulkan0 compute buffer size is 361.2272 MiB, matches expectation of 361.2272 MiB
~llama_context: Vulkan_Host compute buffer size is  21.4873 MiB, matches expectation of  21.4873 MiB
~llama_context:    Vulkan0 compute buffer size is 360.8315 MiB, matches expectation of 360.8315 MiB
~llama_context: Vulkan_Host compute buffer size is  21.4873 MiB, matches expectation of  21.4873 MiB
~llama_context:    Vulkan0 compute buffer size is 360.1985 MiB, matches expectation of 360.1985 MiB
~llama_context: Vulkan_Host compute buffer size is  12.8925 MiB, matches expectation of  12.8925 MiB
~llama_context:    Vulkan0 compute buffer size is 361.0294 MiB, matches expectation of 361.0294 MiB
~llama_context: Vulkan_Host compute buffer size is  21.4873 MiB, matches expectation of  21.4873 MiB
~llama_context:    Vulkan0 compute buffer size is 361.0294 MiB, matches expectation of 361.0294 MiB
~llama_context: Vulkan_Host compute buffer size is  21.4873 MiB, matches expectation of  21.4873 MiB
~llama_context:    Vulkan0 compute buffer size is 360.7920 MiB, matches expectation of 360.7920 MiB
~llama_context: Vulkan_Host compute buffer size is  12.8925 MiB, matches expectation of  12.8925 MiB
~llama_context:    Vulkan0 compute buffer size is 362.4142 MiB, matches expectation of 362.4142 MiB
~llama_context: Vulkan_Host compute buffer size is  21.4873 MiB, matches expectation of  21.4873 MiB
~llama_context:    Vulkan0 compute buffer size is 359.4228 MiB, matches expectation of 359.4228 MiB
~llama_context: Vulkan_Host compute buffer size is  21.4873 MiB, matches expectation of  21.4873 MiB
report: docs/evidence/t9bcbecff_occamy_chunks/occ_base_report_005.json
placement: docs/evidence/t9bcbecff_occamy_chunks/occ_base_placement_005.json
### quality — Accio-Lab_occamy-1.0-Q4_K_L.gguf

- generated: 2026-09-20T11:48:03Z
- host: Linux-7.2.4-ogc3.1.fc44.x86_64-x86_64-with-glibc2.43 · cpus 24 · cgroup quota n/a
- config: backend=vulkan runs=1 threads=4
- reproduce: `uv run ggufone bench --suite quality --model /var/home/rybens/.hermes/models/Accio-Lab_occamy-1.0-Q4_K_L.gguf --backend vulkan --runs 1 --threads 4 --devset docs/evidence/tiel_corrected_chunks/devset_005.jsonl --gpu-layers 9 --json`
- wall: 36.0 s
- engine devices: Vulkan0=10 · Vulkan_Host=10 (compute buffers) · effective backend: vulkan
- framing: chat-template: qwen35moe / internal · prefix tokens: 74, 75, 79, 80, 81, 82, 83, 88, 103

**exact-match agreement**

| type | n | correct | agreement | 95% CI |
|---|---|---|---|---|
| choice | 3 | 2 | 0.6667 | 0.2077 – 0.9385 |
| noul | 3 | 2 | 0.6667 | 0.2077 – 0.9385 |
| score | 4 | 2 | 0.5000 | 0.1500 – 0.8500 |
| overall | 10 | 6 | 0.6000 | 0.3127 – 0.8318 |

**cue verdicts**

| item | type | cue top token | top-token mass | verdict |
|---|---|---|---|---|
| s14 | score | `<|im_end|>` | 1.0000 | W_CUE_REFUSED |
| n14 | noul | `<|im_end|>` | 0.9999 | W_CUE_REFUSED |
| c15 | choice | `<|im_end|>` | 0.9998 | W_CUE_REFUSED |
| s15 | score | `<|im_end|>` | 1.0000 | W_CUE_REFUSED |
| n15 | noul | `<|im_end|>` | 0.9998 | W_CUE_REFUSED |
| c16 | choice | `<|im_end|>` | 1.0000 | W_CUE_REFUSED |
| s16 | score | `<|im_end|>` | 1.0000 | W_CUE_REFUSED |
| n16 | noul | `<|im_end|>` | 0.9999 | W_CUE_REFUSED |
| c17 | choice | `<|im_end|>` | 1.0000 | W_CUE_REFUSED |
| s17 | score | `<|im_end|>` | 1.0000 | W_CUE_REFUSED |

- W_CUE_REFUSED: the cue row's top token is a turn-closer — the model closes the assistant turn instead of answering, so the label mass at that row cannot reach the floor (`readout.reliability` measures it, `docs/TEMPLATES.md` §4 carries the policy).

- agreement = the highest-probability candidate equals the gold candidate (the discrete decision), measured per question type and overall with 95% Wilson intervals; report-only in v1 (SPEC S-11).

