load_backend: loaded RPC backend from /home/rybens/.local/share/ggufone/runtime/b11026-linux-x64-vulkan/libggml-rpc.so
ggml_vulkan: Found 1 Vulkan devices:
ggml_vulkan: 0 = NVIDIA GeForce RTX 3060 Ti (NVIDIA) | uma: 0 | fp16: 1 | bf16: 1 | fp4: 0 | warp size: 32 | shared memory: 49152 | int dot: 1 | matrix cores: NV_coopmat2
load_backend: loaded Vulkan backend from /home/rybens/.local/share/ggufone/runtime/b11026-linux-x64-vulkan/libggml-vulkan.so
load_backend: loaded CPU backend from /home/rybens/.local/share/ggufone/runtime/b11026-linux-x64-vulkan/libggml-cpu-haswell.so
~llama_context:    Vulkan0 compute buffer size is 361.6229 MiB, matches expectation of 361.6229 MiB
~llama_context: Vulkan_Host compute buffer size is  21.4873 MiB, matches expectation of  21.4873 MiB
~llama_context:    Vulkan0 compute buffer size is 361.1481 MiB, matches expectation of 361.1481 MiB
~llama_context: Vulkan_Host compute buffer size is  12.8925 MiB, matches expectation of  12.8925 MiB
~llama_context:    Vulkan0 compute buffer size is 362.2164 MiB, matches expectation of 362.2164 MiB
~llama_context: Vulkan_Host compute buffer size is  21.4873 MiB, matches expectation of  21.4873 MiB
~llama_context:    Vulkan0 compute buffer size is 361.6229 MiB, matches expectation of 361.6229 MiB
~llama_context: Vulkan_Host compute buffer size is  21.4873 MiB, matches expectation of  21.4873 MiB
~llama_context:    Vulkan0 compute buffer size is 360.9107 MiB, matches expectation of 360.9107 MiB
~llama_context: Vulkan_Host compute buffer size is  12.8925 MiB, matches expectation of  12.8925 MiB
~llama_context:    Vulkan0 compute buffer size is 362.0185 MiB, matches expectation of 362.0185 MiB
~llama_context: Vulkan_Host compute buffer size is  21.4873 MiB, matches expectation of  21.4873 MiB
~llama_context:    Vulkan0 compute buffer size is 361.8207 MiB, matches expectation of 361.8207 MiB
~llama_context: Vulkan_Host compute buffer size is  21.4873 MiB, matches expectation of  21.4873 MiB
~llama_context:    Vulkan0 compute buffer size is 361.5042 MiB, matches expectation of 361.5042 MiB
~llama_context: Vulkan_Host compute buffer size is  12.8925 MiB, matches expectation of  12.8925 MiB
~llama_context:    Vulkan0 compute buffer size is 363.2055 MiB, matches expectation of 363.2055 MiB
~llama_context: Vulkan_Host compute buffer size is  21.4873 MiB, matches expectation of  21.4873 MiB
~llama_context:    Vulkan0 compute buffer size is 361.4250 MiB, matches expectation of 361.4250 MiB
~llama_context: Vulkan_Host compute buffer size is  21.4873 MiB, matches expectation of  21.4873 MiB
report: docs/evidence/t9bcbecff_occamy_chunks/occ_e3e_report_005.json
placement: docs/evidence/t9bcbecff_occamy_chunks/occ_e3e_placement_005.json
### quality — Accio-Lab_occamy-1.0-Q4_K_L.gguf

- generated: 2026-09-20T11:52:11Z
- host: Linux-7.2.4-ogc3.1.fc44.x86_64-x86_64-with-glibc2.43 · cpus 24 · cgroup quota n/a
- config: backend=vulkan runs=1 threads=4
- reproduce: `uv run ggufone bench --suite quality --model /var/home/rybens/.hermes/models/Accio-Lab_occamy-1.0-Q4_K_L.gguf --backend vulkan --runs 1 --threads 4 --devset docs/evidence/tiel_corrected_chunks/devset_005.jsonl --cue json_instructed --chat-format role_split --gpu-layers 9 --json`
- wall: 35.1 s
- engine devices: Vulkan0=10 · Vulkan_Host=10 (compute buffers) · effective backend: vulkan
- framing: chat-template: qwen35moe / internal · prefix tokens: 76, 77, 81, 82, 83, 84, 85, 90, 105
- prompt policy: cue=json_instructed · chat_format=role_split (question in a user turn)

**exact-match agreement**

| type | n | correct | agreement | 95% CI |
|---|---|---|---|---|
| choice | 3 | 3 | 1.000 | 0.4385 – 1.000 |
| noul | 3 | 3 | 1.000 | 0.4385 – 1.000 |
| score | 4 | 4 | 1.000 | 0.5101 – 1.000 |
| overall | 10 | 10 | 1.000 | 0.7225 – 1.000 |

**cue verdicts**

| item | type | cue top token | top-token mass | verdict |
|---|---|---|---|---|
| s14 | score | `token 16` | 0.9485 | ok |
| n14 | noul | `token 2083` | 1.0000 | ok |
| c15 | choice | `token 4791` | 1.0000 | ok |
| s15 | score | `token 17` | 0.9631 | ok |
| n15 | noul | `token 9405` | 0.9726 | ok |
| c16 | choice | `token 46894` | 0.9999 | ok |
| s16 | score | `token 15` | 0.9857 | ok |
| n16 | noul | `token 2083` | 0.9990 | ok |
| c17 | choice | `token 15632` | 1.0000 | ok |
| s17 | score | `token 17` | 0.8581 | ok |

- agreement = the highest-probability candidate equals the gold candidate (the discrete decision), measured per question type and overall with 95% Wilson intervals; report-only in v1 (SPEC S-11).

