load_backend: loaded RPC backend from /home/rybens/.local/share/ggufone/runtime/b11026-linux-x64-vulkan/libggml-rpc.so
ggml_vulkan: Found 1 Vulkan devices:
ggml_vulkan: 0 = NVIDIA GeForce RTX 3060 Ti (NVIDIA) | uma: 0 | fp16: 1 | bf16: 1 | fp4: 0 | warp size: 32 | shared memory: 49152 | int dot: 1 | matrix cores: NV_coopmat2
load_backend: loaded Vulkan backend from /home/rybens/.local/share/ggufone/runtime/b11026-linux-x64-vulkan/libggml-vulkan.so
load_backend: loaded CPU backend from /home/rybens/.local/share/ggufone/runtime/b11026-linux-x64-vulkan/libggml-cpu-haswell.so
~llama_context:    Vulkan0 compute buffer size is 361.8207 MiB, matches expectation of 361.8207 MiB
~llama_context: Vulkan_Host compute buffer size is  21.4873 MiB, matches expectation of  21.4873 MiB
~llama_context:    Vulkan0 compute buffer size is 359.8356 MiB, matches expectation of 359.8356 MiB
~llama_context: Vulkan_Host compute buffer size is  25.7846 MiB, matches expectation of  25.7846 MiB
~llama_context:    Vulkan0 compute buffer size is 360.9107 MiB, matches expectation of 360.9107 MiB
~llama_context: Vulkan_Host compute buffer size is  12.8925 MiB, matches expectation of  12.8925 MiB
~llama_context:    Vulkan0 compute buffer size is 361.6229 MiB, matches expectation of 361.6229 MiB
~llama_context: Vulkan_Host compute buffer size is  21.4873 MiB, matches expectation of  21.4873 MiB
~llama_context:    Vulkan0 compute buffer size is 361.2272 MiB, matches expectation of 361.2272 MiB
~llama_context: Vulkan_Host compute buffer size is  21.4873 MiB, matches expectation of  21.4873 MiB
~llama_context:    Vulkan0 compute buffer size is 360.7920 MiB, matches expectation of 360.7920 MiB
~llama_context: Vulkan_Host compute buffer size is  12.8925 MiB, matches expectation of  12.8925 MiB
~llama_context:    Vulkan0 compute buffer size is 361.4250 MiB, matches expectation of 361.4250 MiB
~llama_context: Vulkan_Host compute buffer size is  21.4873 MiB, matches expectation of  21.4873 MiB
~llama_context:    Vulkan0 compute buffer size is 360.6733 MiB, matches expectation of 360.6733 MiB
~llama_context: Vulkan_Host compute buffer size is  17.1898 MiB, matches expectation of  17.1898 MiB
~llama_context:    Vulkan0 compute buffer size is 360.5546 MiB, matches expectation of 360.5546 MiB
~llama_context: Vulkan_Host compute buffer size is  12.8925 MiB, matches expectation of  12.8925 MiB
~llama_context:    Vulkan0 compute buffer size is 362.0185 MiB, matches expectation of 362.0185 MiB
~llama_context: Vulkan_Host compute buffer size is  21.4873 MiB, matches expectation of  21.4873 MiB
report: docs/evidence/t9bcbecff_occamy_chunks/occ_base_report_004.json
placement: docs/evidence/t9bcbecff_occamy_chunks/occ_base_placement_004.json
### quality — Accio-Lab_occamy-1.0-Q4_K_L.gguf

- generated: 2026-09-20T11:47:29Z
- host: Linux-7.2.4-ogc3.1.fc44.x86_64-x86_64-with-glibc2.43 · cpus 24 · cgroup quota n/a
- config: backend=vulkan runs=1 threads=4
- reproduce: `uv run ggufone bench --suite quality --model /var/home/rybens/.hermes/models/Accio-Lab_occamy-1.0-Q4_K_L.gguf --backend vulkan --runs 1 --threads 4 --devset docs/evidence/tiel_corrected_chunks/devset_004.jsonl --gpu-layers 9 --json`
- wall: 34.6 s
- engine devices: Vulkan0=10 · Vulkan_Host=10 (compute buffers) · effective backend: vulkan
- framing: chat-template: qwen35moe / internal · prefix tokens: 82, 83, 84, 86, 89, 90, 92, 93, 94, 95

**exact-match agreement**

| type | n | correct | agreement | 95% CI |
|---|---|---|---|---|
| choice | 4 | 2 | 0.5000 | 0.1500 – 0.8500 |
| noul | 3 | 1 | 0.3333 | 0.0615 – 0.7923 |
| score | 3 | 1 | 0.3333 | 0.0615 – 0.7923 |
| overall | 10 | 4 | 0.4000 | 0.1682 – 0.6873 |

**cue verdicts**

| item | type | cue top token | top-token mass | verdict |
|---|---|---|---|---|
| c11 | choice | `<|im_end|>` | 1.0000 | W_CUE_REFUSED |
| s11 | score | `<|im_end|>` | 1.0000 | W_CUE_REFUSED |
| n11 | noul | `<|im_end|>` | 0.9999 | W_CUE_REFUSED |
| c12 | choice | `<|im_end|>` | 1.0000 | W_CUE_REFUSED |
| s12 | score | `<|im_end|>` | 1.0000 | W_CUE_REFUSED |
| n12 | noul | `<|im_end|>` | 1.0000 | W_CUE_REFUSED |
| c13 | choice | `<|im_end|>` | 0.9998 | W_CUE_REFUSED |
| s13 | score | `<|im_end|>` | 1.0000 | W_CUE_REFUSED |
| n13 | noul | `<|im_end|>` | 0.9999 | W_CUE_REFUSED |
| c14 | choice | `<|im_end|>` | 1.0000 | W_CUE_REFUSED |

- W_CUE_REFUSED: the cue row's top token is a turn-closer — the model closes the assistant turn instead of answering, so the label mass at that row cannot reach the floor (`readout.reliability` measures it, `docs/TEMPLATES.md` §4 carries the policy).

- agreement = the highest-probability candidate equals the gold candidate (the discrete decision), measured per question type and overall with 95% Wilson intervals; report-only in v1 (SPEC S-11).

