load_backend: loaded RPC backend from /home/rybens/.local/share/ggufone/runtime/b11026-linux-x64-vulkan/libggml-rpc.so
ggml_vulkan: Found 1 Vulkan devices:
ggml_vulkan: 0 = NVIDIA GeForce RTX 3060 Ti (NVIDIA) | uma: 0 | fp16: 1 | bf16: 1 | fp4: 0 | warp size: 32 | shared memory: 49152 | int dot: 1 | matrix cores: NV_coopmat2
load_backend: loaded Vulkan backend from /home/rybens/.local/share/ggufone/runtime/b11026-linux-x64-vulkan/libggml-vulkan.so
load_backend: loaded CPU backend from /home/rybens/.local/share/ggufone/runtime/b11026-linux-x64-vulkan/libggml-cpu-haswell.so
~llama_context:    Vulkan0 compute buffer size is 363.2055 MiB, matches expectation of 363.2055 MiB
~llama_context: Vulkan_Host compute buffer size is  21.4873 MiB, matches expectation of  21.4873 MiB
~llama_context:    Vulkan0 compute buffer size is 362.0977 MiB, matches expectation of 362.0977 MiB
~llama_context: Vulkan_Host compute buffer size is  25.7846 MiB, matches expectation of  25.7846 MiB
~llama_context:    Vulkan0 compute buffer size is 361.5042 MiB, matches expectation of 361.5042 MiB
~llama_context: Vulkan_Host compute buffer size is  12.8925 MiB, matches expectation of  12.8925 MiB
~llama_context:    Vulkan0 compute buffer size is 362.6120 MiB, matches expectation of 362.6120 MiB
~llama_context: Vulkan_Host compute buffer size is  21.4873 MiB, matches expectation of  21.4873 MiB
~llama_context:    Vulkan0 compute buffer size is 361.8207 MiB, matches expectation of 361.8207 MiB
~llama_context: Vulkan_Host compute buffer size is  21.4873 MiB, matches expectation of  21.4873 MiB
~llama_context:    Vulkan0 compute buffer size is 361.7416 MiB, matches expectation of 361.7416 MiB
~llama_context: Vulkan_Host compute buffer size is  12.8925 MiB, matches expectation of  12.8925 MiB
~llama_context:    Vulkan0 compute buffer size is 362.6120 MiB, matches expectation of 362.6120 MiB
~llama_context: Vulkan_Host compute buffer size is  21.4873 MiB, matches expectation of  21.4873 MiB
~llama_context:    Vulkan0 compute buffer size is 362.0977 MiB, matches expectation of 362.0977 MiB
~llama_context: Vulkan_Host compute buffer size is  25.7846 MiB, matches expectation of  25.7846 MiB
~llama_context:    Vulkan0 compute buffer size is 361.6229 MiB, matches expectation of 361.6229 MiB
~llama_context: Vulkan_Host compute buffer size is  12.8925 MiB, matches expectation of  12.8925 MiB
~llama_context:    Vulkan0 compute buffer size is 362.6120 MiB, matches expectation of 362.6120 MiB
~llama_context: Vulkan_Host compute buffer size is  21.4873 MiB, matches expectation of  21.4873 MiB
report: docs/evidence/t9bcbecff_occamy_chunks/occ_e3e_report_001.json
placement: docs/evidence/t9bcbecff_occamy_chunks/occ_e3e_placement_001.json
### quality — Accio-Lab_occamy-1.0-Q4_K_L.gguf

- generated: 2026-09-20T11:49:43Z
- host: Linux-7.2.4-ogc3.1.fc44.x86_64-x86_64-with-glibc2.43 · cpus 24 · cgroup quota n/a
- config: backend=vulkan runs=1 threads=4
- reproduce: `uv run ggufone bench --suite quality --model /var/home/rybens/.hermes/models/Accio-Lab_occamy-1.0-Q4_K_L.gguf --backend vulkan --runs 1 --threads 4 --devset docs/evidence/tiel_corrected_chunks/devset_001.jsonl --cue json_instructed --chat-format role_split --gpu-layers 9 --json`
- wall: 37.1 s
- engine devices: Vulkan0=10 · Vulkan_Host=10 (compute buffers) · effective backend: vulkan
- framing: chat-template: qwen35moe / internal · prefix tokens: 86, 87, 88, 89, 91, 95, 96, 99, 101, 111
- prompt policy: cue=json_instructed · chat_format=role_split (question in a user turn)

**exact-match agreement**

| type | n | correct | agreement | 95% CI |
|---|---|---|---|---|
| choice | 4 | 4 | 1.000 | 0.5101 – 1.000 |
| noul | 3 | 3 | 1.000 | 0.4385 – 1.000 |
| score | 3 | 2 | 0.6667 | 0.2077 – 0.9385 |
| overall | 10 | 9 | 0.9000 | 0.5958 – 0.9821 |

**cue verdicts**

| item | type | cue top token | top-token mass | verdict |
|---|---|---|---|---|
| c01 | choice | `token 69685` | 0.8498 | ok |
| s01 | score | `token 19` | 0.6922 | ok |
| n01 | noul | `token 9405` | 0.9996 | ok |
| c02 | choice | `token 37355` | 1.0000 | ok |
| s02 | score | `token 18` | 0.9988 | ok |
| n02 | noul | `token 9405` | 0.9942 | ok |
| c03 | choice | `token 14501` | 1.0000 | ok |
| s03 | score | `token 19` | 0.9235 | ok |
| n03 | noul | `token 9405` | 0.9994 | ok |
| c04 | choice | `token 49088` | 0.8047 | ok |

- agreement = the highest-probability candidate equals the gold candidate (the discrete decision), measured per question type and overall with 95% Wilson intervals; report-only in v1 (SPEC S-11).

