load_backend: loaded RPC backend from /home/rybens/.local/share/ggufone/runtime/b11026-linux-x64-vulkan/libggml-rpc.so
ggml_vulkan: Found 1 Vulkan devices:
ggml_vulkan: 0 = NVIDIA GeForce RTX 3060 Ti (NVIDIA) | uma: 0 | fp16: 1 | bf16: 1 | fp4: 0 | warp size: 32 | shared memory: 49152 | int dot: 1 | matrix cores: NV_coopmat2
load_backend: loaded Vulkan backend from /home/rybens/.local/share/ggufone/runtime/b11026-linux-x64-vulkan/libggml-vulkan.so
load_backend: loaded CPU backend from /home/rybens/.local/share/ggufone/runtime/b11026-linux-x64-vulkan/libggml-cpu-haswell.so
~llama_context:    Vulkan0 compute buffer size is 361.3855 MiB, matches expectation of 361.3855 MiB
~llama_context: Vulkan_Host compute buffer size is  12.8925 MiB, matches expectation of  12.8925 MiB
~llama_context:    Vulkan0 compute buffer size is 362.8098 MiB, matches expectation of 362.8098 MiB
~llama_context: Vulkan_Host compute buffer size is  21.4873 MiB, matches expectation of  21.4873 MiB
~llama_context:    Vulkan0 compute buffer size is 362.0977 MiB, matches expectation of 362.0977 MiB
~llama_context: Vulkan_Host compute buffer size is  25.7846 MiB, matches expectation of  25.7846 MiB
~llama_context:    Vulkan0 compute buffer size is 361.2668 MiB, matches expectation of 361.2668 MiB
~llama_context: Vulkan_Host compute buffer size is  12.8925 MiB, matches expectation of  12.8925 MiB
~llama_context:    Vulkan0 compute buffer size is 362.2164 MiB, matches expectation of 362.2164 MiB
~llama_context: Vulkan_Host compute buffer size is  21.4873 MiB, matches expectation of  21.4873 MiB
~llama_context:    Vulkan0 compute buffer size is 362.0185 MiB, matches expectation of 362.0185 MiB
~llama_context: Vulkan_Host compute buffer size is  21.4873 MiB, matches expectation of  21.4873 MiB
~llama_context:    Vulkan0 compute buffer size is 361.3855 MiB, matches expectation of 361.3855 MiB
~llama_context: Vulkan_Host compute buffer size is  12.8925 MiB, matches expectation of  12.8925 MiB
~llama_context:    Vulkan0 compute buffer size is 362.4142 MiB, matches expectation of 362.4142 MiB
~llama_context: Vulkan_Host compute buffer size is  21.4873 MiB, matches expectation of  21.4873 MiB
~llama_context:    Vulkan0 compute buffer size is 361.8207 MiB, matches expectation of 361.8207 MiB
~llama_context: Vulkan_Host compute buffer size is  21.4873 MiB, matches expectation of  21.4873 MiB
~llama_context:    Vulkan0 compute buffer size is 361.2668 MiB, matches expectation of 361.2668 MiB
~llama_context: Vulkan_Host compute buffer size is  12.8925 MiB, matches expectation of  12.8925 MiB
report: docs/evidence/t9bcbecff_occamy_chunks/occ_e3e_report_003.json
placement: docs/evidence/t9bcbecff_occamy_chunks/occ_e3e_placement_003.json
### quality — Accio-Lab_occamy-1.0-Q4_K_L.gguf

- generated: 2026-09-20T11:50:57Z
- host: Linux-7.2.4-ogc3.1.fc44.x86_64-x86_64-with-glibc2.43 · cpus 24 · cgroup quota n/a
- config: backend=vulkan runs=1 threads=4
- reproduce: `uv run ggufone bench --suite quality --model /var/home/rybens/.hermes/models/Accio-Lab_occamy-1.0-Q4_K_L.gguf --backend vulkan --runs 1 --threads 4 --devset docs/evidence/tiel_corrected_chunks/devset_003.jsonl --cue json_instructed --chat-format role_split --gpu-layers 9 --json`
- wall: 36.8 s
- engine devices: Vulkan0=10 · Vulkan_Host=10 (compute buffers) · effective backend: vulkan
- framing: chat-template: qwen35moe / internal · prefix tokens: 84, 86, 87, 88, 89, 92, 93, 98
- prompt policy: cue=json_instructed · chat_format=role_split (question in a user turn)

**exact-match agreement**

| type | n | correct | agreement | 95% CI |
|---|---|---|---|---|
| choice | 3 | 3 | 1.000 | 0.4385 – 1.000 |
| noul | 4 | 4 | 1.000 | 0.5101 – 1.000 |
| score | 3 | 1 | 0.3333 | 0.0615 – 0.7923 |
| overall | 10 | 8 | 0.8000 | 0.4902 – 0.9433 |

**cue verdicts**

| item | type | cue top token | top-token mass | verdict |
|---|---|---|---|---|
| n07 | noul | `token 9405` | 0.9913 | ok |
| c08 | choice | `token 25316` | 0.9994 | ok |
| s08 | score | `token 16` | 0.7920 | ok |
| n08 | noul | `token 2083` | 1.0000 | ok |
| c09 | choice | `token 72967` | 1.0000 | ok |
| s09 | score | `token 15` | 0.6103 | ok |
| n09 | noul | `token 2083` | 1.0000 | ok |
| c10 | choice | `token 5511` | 1.0000 | ok |
| s10 | score | `token 18` | 0.9675 | ok |
| n10 | noul | `token 9405` | 0.9967 | ok |

- agreement = the highest-probability candidate equals the gold candidate (the discrete decision), measured per question type and overall with 95% Wilson intervals; report-only in v1 (SPEC S-11).

