load_backend: loaded RPC backend from /home/rybens/.local/share/ggufone/runtime/b11026-linux-x64-vulkan/libggml-rpc.so
ggml_vulkan: Found 1 Vulkan devices:
ggml_vulkan: 0 = NVIDIA GeForce RTX 3060 Ti (NVIDIA) | uma: 0 | fp16: 1 | bf16: 1 | fp4: 0 | warp size: 32 | shared memory: 49152 | int dot: 1 | matrix cores: NV_coopmat2
load_backend: loaded Vulkan backend from /home/rybens/.local/share/ggufone/runtime/b11026-linux-x64-vulkan/libggml-vulkan.so
load_backend: loaded CPU backend from /home/rybens/.local/share/ggufone/runtime/b11026-linux-x64-vulkan/libggml-cpu-haswell.so
~llama_context:    Vulkan0 compute buffer size is 232.3438 MiB, matches expectation of 232.3438 MiB
~llama_context: Vulkan_Host compute buffer size is  21.4873 MiB, matches expectation of  21.4873 MiB
~llama_context:    Vulkan0 compute buffer size is 229.5000 MiB, matches expectation of 229.5000 MiB
~llama_context: Vulkan_Host compute buffer size is  25.7846 MiB, matches expectation of  25.7846 MiB
~llama_context:    Vulkan0 compute buffer size is 227.9766 MiB, matches expectation of 227.9766 MiB
~llama_context: Vulkan_Host compute buffer size is  12.8925 MiB, matches expectation of  12.8925 MiB
~llama_context:    Vulkan0 compute buffer size is 231.3281 MiB, matches expectation of 231.3281 MiB
~llama_context: Vulkan_Host compute buffer size is  21.4873 MiB, matches expectation of  21.4873 MiB
~llama_context:    Vulkan0 compute buffer size is 228.7891 MiB, matches expectation of 228.7891 MiB
~llama_context: Vulkan_Host compute buffer size is  21.4873 MiB, matches expectation of  21.4873 MiB
~llama_context:    Vulkan0 compute buffer size is 228.5859 MiB, matches expectation of 228.5859 MiB
~llama_context: Vulkan_Host compute buffer size is  12.8925 MiB, matches expectation of  12.8925 MiB
~llama_context:    Vulkan0 compute buffer size is 230.8203 MiB, matches expectation of 230.8203 MiB
~llama_context: Vulkan_Host compute buffer size is  21.4873 MiB, matches expectation of  21.4873 MiB
~llama_context:    Vulkan0 compute buffer size is 229.5000 MiB, matches expectation of 229.5000 MiB
~llama_context: Vulkan_Host compute buffer size is  25.7846 MiB, matches expectation of  25.7846 MiB
~llama_context:    Vulkan0 compute buffer size is 228.2812 MiB, matches expectation of 228.2812 MiB
~llama_context: Vulkan_Host compute buffer size is  12.8925 MiB, matches expectation of  12.8925 MiB
~llama_context:    Vulkan0 compute buffer size is 231.3281 MiB, matches expectation of 231.3281 MiB
~llama_context: Vulkan_Host compute buffer size is  21.4873 MiB, matches expectation of  21.4873 MiB
report: docs/evidence/t9bcbecff_tiel_chunks/report_001.json
placement: docs/evidence/t9bcbecff_tiel_chunks/placement_001.json
### quality — Tiel-Coder-35B-A3B-UD-Q4_K_XL.gguf

- generated: 2026-09-20T11:17:41Z
- host: Linux-7.2.4-ogc3.1.fc44.x86_64-x86_64-with-glibc2.43 · cpus 24 · cgroup quota n/a
- config: backend=vulkan runs=1 threads=4
- reproduce: `uv run ggufone bench --suite quality --model /var/home/rybens/.hermes/models/Tiel-Coder-35B-A3B-UD-Q4_K_XL.gguf --backend vulkan --runs 1 --threads 4 --devset docs/evidence/tiel_corrected_chunks/devset_001.jsonl --cue json_instructed --chat-format role_split --gpu-layers 9 --json`
- wall: 35.4 s
- engine devices: Vulkan0=10 · Vulkan_Host=10 (compute buffers) · effective backend: vulkan
- framing: chat-template: qwen35moe / builtin · prefix tokens: 86, 87, 88, 89, 91, 95, 96, 99, 101, 111
- prompt policy: cue=json_instructed · chat_format=role_split (question in a user turn)

**exact-match agreement**

| type | n | correct | agreement | 95% CI |
|---|---|---|---|---|
| choice | 4 | 4 | 1.000 | 0.5101 – 1.000 |
| noul | 3 | 3 | 1.000 | 0.4385 – 1.000 |
| score | 3 | 2 | 0.6667 | 0.2077 – 0.9385 |
| overall | 10 | 9 | 0.9000 | 0.5958 – 0.9821 |

**cue verdicts**

| item | type | cue top token | top-token mass | verdict |
|---|---|---|---|---|
| c01 | choice | `token 69685` | 0.9419 | ok |
| s01 | score | `token 19` | 0.5759 | ok |
| n01 | noul | `token 9405` | 0.9005 | ok |
| c02 | choice | `token 37355` | 0.9989 | ok |
| s02 | score | `token 18` | 0.9168 | ok |
| n02 | noul | `token 9405` | 0.9089 | ok |
| c03 | choice | `token 14501` | 0.9989 | ok |
| s03 | score | `token 19` | 0.9234 | ok |
| n03 | noul | `token 9405` | 0.9982 | ok |
| c04 | choice | `token 49088` | 0.7409 | ok |

- agreement = the highest-probability candidate equals the gold candidate (the discrete decision), measured per question type and overall with 95% Wilson intervals; report-only in v1 (SPEC S-11).

