load_backend: loaded RPC backend from /home/rybens/.local/share/ggufone/runtime/b11026-linux-x64-vulkan/libggml-rpc.so
ggml_vulkan: Found 1 Vulkan devices:
ggml_vulkan: 0 = NVIDIA GeForce RTX 3060 Ti (NVIDIA) | uma: 0 | fp16: 1 | bf16: 1 | fp4: 0 | warp size: 32 | shared memory: 49152 | int dot: 1 | matrix cores: NV_coopmat2
load_backend: loaded Vulkan backend from /home/rybens/.local/share/ggufone/runtime/b11026-linux-x64-vulkan/libggml-vulkan.so
load_backend: loaded CPU backend from /home/rybens/.local/share/ggufone/runtime/b11026-linux-x64-vulkan/libggml-cpu-haswell.so
~llama_context:    Vulkan0 compute buffer size is 231.3281 MiB, matches expectation of 231.3281 MiB
~llama_context: Vulkan_Host compute buffer size is  21.4873 MiB, matches expectation of  21.4873 MiB
~llama_context:    Vulkan0 compute buffer size is 229.5000 MiB, matches expectation of 229.5000 MiB
~llama_context: Vulkan_Host compute buffer size is  25.7846 MiB, matches expectation of  25.7846 MiB
~llama_context:    Vulkan0 compute buffer size is 228.2812 MiB, matches expectation of 228.2812 MiB
~llama_context: Vulkan_Host compute buffer size is  12.8925 MiB, matches expectation of  12.8925 MiB
~llama_context:    Vulkan0 compute buffer size is 230.3125 MiB, matches expectation of 230.3125 MiB
~llama_context: Vulkan_Host compute buffer size is  21.4873 MiB, matches expectation of  21.4873 MiB
~llama_context:    Vulkan0 compute buffer size is 229.2969 MiB, matches expectation of 229.2969 MiB
~llama_context: Vulkan_Host compute buffer size is  21.4873 MiB, matches expectation of  21.4873 MiB
~llama_context:    Vulkan0 compute buffer size is 227.9766 MiB, matches expectation of 227.9766 MiB
~llama_context: Vulkan_Host compute buffer size is  12.8925 MiB, matches expectation of  12.8925 MiB
~llama_context:    Vulkan0 compute buffer size is 229.8047 MiB, matches expectation of 229.8047 MiB
~llama_context: Vulkan_Host compute buffer size is  21.4873 MiB, matches expectation of  21.4873 MiB
~llama_context:    Vulkan0 compute buffer size is 228.2812 MiB, matches expectation of 228.2812 MiB
~llama_context: Vulkan_Host compute buffer size is  17.1898 MiB, matches expectation of  17.1898 MiB
~llama_context:    Vulkan0 compute buffer size is 227.3672 MiB, matches expectation of 227.3672 MiB
~llama_context: Vulkan_Host compute buffer size is  12.8925 MiB, matches expectation of  12.8925 MiB
~llama_context:    Vulkan0 compute buffer size is 231.3281 MiB, matches expectation of 231.3281 MiB
~llama_context: Vulkan_Host compute buffer size is  21.4873 MiB, matches expectation of  21.4873 MiB
report: docs/evidence/t9bcbecff_tiel_chunks/report_004.json
placement: docs/evidence/t9bcbecff_tiel_chunks/placement_004.json
### quality — Tiel-Coder-35B-A3B-UD-Q4_K_XL.gguf

- generated: 2026-09-20T11:19:27Z
- host: Linux-7.2.4-ogc3.1.fc44.x86_64-x86_64-with-glibc2.43 · cpus 24 · cgroup quota n/a
- config: backend=vulkan runs=1 threads=4
- reproduce: `uv run ggufone bench --suite quality --model /var/home/rybens/.hermes/models/Tiel-Coder-35B-A3B-UD-Q4_K_XL.gguf --backend vulkan --runs 1 --threads 4 --devset docs/evidence/tiel_corrected_chunks/devset_004.jsonl --cue json_instructed --chat-format role_split --gpu-layers 9 --json`
- wall: 36.1 s
- engine devices: Vulkan0=10 · Vulkan_Host=10 (compute buffers) · effective backend: vulkan
- framing: chat-template: qwen35moe / builtin · prefix tokens: 84, 85, 86, 88, 91, 92, 94, 95, 96, 97
- prompt policy: cue=json_instructed · chat_format=role_split (question in a user turn)

**exact-match agreement**

| type | n | correct | agreement | 95% CI |
|---|---|---|---|---|
| choice | 4 | 3 | 0.7500 | 0.3006 – 0.9544 |
| noul | 3 | 3 | 1.000 | 0.4385 – 1.000 |
| score | 3 | 2 | 0.6667 | 0.2077 – 0.9385 |
| overall | 10 | 8 | 0.8000 | 0.4902 – 0.9433 |

**cue verdicts**

| item | type | cue top token | top-token mass | verdict |
|---|---|---|---|---|
| c11 | choice | `token 23938` | 0.8068 | ok |
| s11 | score | `token 16` | 0.9801 | ok |
| n11 | noul | `token 9405` | 0.9645 | ok |
| c12 | choice | `token 27265` | 0.9873 | ok |
| s12 | score | `token 18` | 0.9224 | ok |
| n12 | noul | `token 2083` | 0.9958 | ok |
| c13 | choice | `token 93686` | 0.7163 | ok |
| s13 | score | `token 15` | 0.7356 | ok |
| n13 | noul | `token 9405` | 0.9824 | ok |
| c14 | choice | `token 62865` | 0.9986 | ok |

- agreement = the highest-probability candidate equals the gold candidate (the discrete decision), measured per question type and overall with 95% Wilson intervals; report-only in v1 (SPEC S-11).

