load_backend: loaded RPC backend from /var/home/rybens/.local/share/ggufone/runtime/b11026-linux-x64-vulkan/libggml-rpc.so
ggml_vulkan: Found 1 Vulkan devices:
ggml_vulkan: 0 = NVIDIA GeForce RTX 3060 Ti (NVIDIA) | uma: 0 | fp16: 1 | bf16: 1 | fp4: 0 | warp size: 32 | shared memory: 49152 | int dot: 1 | matrix cores: NV_coopmat2
load_backend: loaded Vulkan backend from /var/home/rybens/.local/share/ggufone/runtime/b11026-linux-x64-vulkan/libggml-vulkan.so
load_backend: loaded CPU backend from /var/home/rybens/.local/share/ggufone/runtime/b11026-linux-x64-vulkan/libggml-cpu-haswell.so
~llama_context:    Vulkan0 compute buffer size is 108.5801 MiB, matches expectation of 108.5801 MiB
~llama_context: Vulkan_Host compute buffer size is   4.4184 MiB, matches expectation of   4.4184 MiB
~llama_context:    Vulkan0 compute buffer size is 101.9531 MiB, matches expectation of 101.9531 MiB
~llama_context: Vulkan_Host compute buffer size is   4.1101 MiB, matches expectation of   4.1101 MiB
~llama_context:    Vulkan0 compute buffer size is  99.4043 MiB, matches expectation of  99.4043 MiB
~llama_context: Vulkan_Host compute buffer size is   4.0075 MiB, matches expectation of   4.0075 MiB
~llama_context:    Vulkan0 compute buffer size is  99.9141 MiB, matches expectation of  99.9141 MiB
~llama_context: Vulkan_Host compute buffer size is   4.1101 MiB, matches expectation of   4.1101 MiB
~llama_context:    Vulkan0 compute buffer size is  93.7969 MiB, matches expectation of  93.7969 MiB
~llama_context: Vulkan_Host compute buffer size is   3.8020 MiB, matches expectation of   3.8020 MiB
~llama_context:    Vulkan0 compute buffer size is  93.2871 MiB, matches expectation of  93.2871 MiB
~llama_context: Vulkan_Host compute buffer size is   3.8020 MiB, matches expectation of   3.8020 MiB
~llama_context:    Vulkan0 compute buffer size is  94.8164 MiB, matches expectation of  94.8164 MiB
~llama_context: Vulkan_Host compute buffer size is   3.9046 MiB, matches expectation of   3.9046 MiB
~llama_context:    Vulkan0 compute buffer size is 106.0312 MiB, matches expectation of 106.0312 MiB
~llama_context: Vulkan_Host compute buffer size is   4.3158 MiB, matches expectation of   4.3158 MiB
~llama_context:    Vulkan0 compute buffer size is  95.3262 MiB, matches expectation of  95.3262 MiB
~llama_context: Vulkan_Host compute buffer size is   3.9046 MiB, matches expectation of   3.9046 MiB
~llama_context:    Vulkan0 compute buffer size is  96.8555 MiB, matches expectation of  96.8555 MiB
~llama_context: Vulkan_Host compute buffer size is   3.9046 MiB, matches expectation of   3.9046 MiB
~llama_context:    Vulkan0 compute buffer size is 101.4434 MiB, matches expectation of 101.4434 MiB
~llama_context: Vulkan_Host compute buffer size is   4.1101 MiB, matches expectation of   4.1101 MiB
~llama_context:    Vulkan0 compute buffer size is  97.8750 MiB, matches expectation of  97.8750 MiB
~llama_context: Vulkan_Host compute buffer size is   4.0075 MiB, matches expectation of   4.0075 MiB
~llama_context:    Vulkan0 compute buffer size is  95.8359 MiB, matches expectation of  95.8359 MiB
~llama_context: Vulkan_Host compute buffer size is   3.9046 MiB, matches expectation of   3.9046 MiB
~llama_context:    Vulkan0 compute buffer size is 102.9727 MiB, matches expectation of 102.9727 MiB
~llama_context: Vulkan_Host compute buffer size is   4.2129 MiB, matches expectation of   4.2129 MiB
~llama_context:    Vulkan0 compute buffer size is  93.7969 MiB, matches expectation of  93.7969 MiB
~llama_context: Vulkan_Host compute buffer size is   3.8020 MiB, matches expectation of   3.8020 MiB
~llama_context:    Vulkan0 compute buffer size is  92.2676 MiB, matches expectation of  92.2676 MiB
~llama_context: Vulkan_Host compute buffer size is   3.8020 MiB, matches expectation of   3.8020 MiB
~llama_context:    Vulkan0 compute buffer size is 108.0703 MiB, matches expectation of 108.0703 MiB
~llama_context: Vulkan_Host compute buffer size is   4.4184 MiB, matches expectation of   4.4184 MiB
~llama_context:    Vulkan0 compute buffer size is  96.3457 MiB, matches expectation of  96.3457 MiB
~llama_context: Vulkan_Host compute buffer size is   3.9046 MiB, matches expectation of   3.9046 MiB
~llama_context:    Vulkan0 compute buffer size is  95.8359 MiB, matches expectation of  95.8359 MiB
~llama_context: Vulkan_Host compute buffer size is   3.9046 MiB, matches expectation of   3.9046 MiB
~llama_context:    Vulkan0 compute buffer size is 103.9922 MiB, matches expectation of 103.9922 MiB
~llama_context: Vulkan_Host compute buffer size is   4.2129 MiB, matches expectation of   4.2129 MiB
~llama_context:    Vulkan0 compute buffer size is  97.8750 MiB, matches expectation of  97.8750 MiB
~llama_context: Vulkan_Host compute buffer size is   4.0075 MiB, matches expectation of   4.0075 MiB
~llama_context:    Vulkan0 compute buffer size is 100.4238 MiB, matches expectation of 100.4238 MiB
~llama_context: Vulkan_Host compute buffer size is   4.1101 MiB, matches expectation of   4.1101 MiB
~llama_context:    Vulkan0 compute buffer size is  94.8164 MiB, matches expectation of  94.8164 MiB
~llama_context: Vulkan_Host compute buffer size is   3.9046 MiB, matches expectation of   3.9046 MiB
~llama_context:    Vulkan0 compute buffer size is  97.8750 MiB, matches expectation of  97.8750 MiB
~llama_context: Vulkan_Host compute buffer size is   4.0075 MiB, matches expectation of   4.0075 MiB
~llama_context:    Vulkan0 compute buffer size is  92.2676 MiB, matches expectation of  92.2676 MiB
~llama_context: Vulkan_Host compute buffer size is   3.8225 MiB, matches expectation of   3.8225 MiB
~llama_context:    Vulkan0 compute buffer size is  89.2090 MiB, matches expectation of  89.2090 MiB
~llama_context: Vulkan_Host compute buffer size is   3.5963 MiB, matches expectation of   3.5963 MiB
~llama_context:    Vulkan0 compute buffer size is  93.2871 MiB, matches expectation of  93.2871 MiB
~llama_context: Vulkan_Host compute buffer size is   3.8225 MiB, matches expectation of   3.8225 MiB
~llama_context:    Vulkan0 compute buffer size is  93.2871 MiB, matches expectation of  93.2871 MiB
~llama_context: Vulkan_Host compute buffer size is   3.8225 MiB, matches expectation of   3.8225 MiB
~llama_context:    Vulkan0 compute buffer size is  87.6797 MiB, matches expectation of  87.6797 MiB
~llama_context: Vulkan_Host compute buffer size is   3.5758 MiB, matches expectation of   3.5758 MiB
~llama_context:    Vulkan0 compute buffer size is  91.2480 MiB, matches expectation of  91.2480 MiB
~llama_context: Vulkan_Host compute buffer size is   3.6992 MiB, matches expectation of   3.6992 MiB
~llama_context:    Vulkan0 compute buffer size is  95.8359 MiB, matches expectation of  95.8359 MiB
~llama_context: Vulkan_Host compute buffer size is   3.9046 MiB, matches expectation of   3.9046 MiB
~llama_context:    Vulkan0 compute buffer size is  92.2676 MiB, matches expectation of  92.2676 MiB
~llama_context: Vulkan_Host compute buffer size is   3.8225 MiB, matches expectation of   3.8225 MiB
~llama_context:    Vulkan0 compute buffer size is  92.2676 MiB, matches expectation of  92.2676 MiB
~llama_context: Vulkan_Host compute buffer size is   3.8020 MiB, matches expectation of   3.8020 MiB
~llama_context:    Vulkan0 compute buffer size is  91.7578 MiB, matches expectation of  91.7578 MiB
~llama_context: Vulkan_Host compute buffer size is   3.6992 MiB, matches expectation of   3.6992 MiB
~llama_context:    Vulkan0 compute buffer size is  90.7383 MiB, matches expectation of  90.7383 MiB
~llama_context: Vulkan_Host compute buffer size is   3.6992 MiB, matches expectation of   3.6992 MiB
~llama_context:    Vulkan0 compute buffer size is  91.2480 MiB, matches expectation of  91.2480 MiB
~llama_context: Vulkan_Host compute buffer size is   3.6992 MiB, matches expectation of   3.6992 MiB
~llama_context:    Vulkan0 compute buffer size is  86.1504 MiB, matches expectation of  86.1504 MiB
~llama_context: Vulkan_Host compute buffer size is   3.5348 MiB, matches expectation of   3.5348 MiB
~llama_context:    Vulkan0 compute buffer size is  86.1504 MiB, matches expectation of  86.1504 MiB
~llama_context: Vulkan_Host compute buffer size is   3.4937 MiB, matches expectation of   3.4937 MiB
~llama_context:    Vulkan0 compute buffer size is  86.6602 MiB, matches expectation of  86.6602 MiB
~llama_context: Vulkan_Host compute buffer size is   3.4937 MiB, matches expectation of   3.4937 MiB
~llama_context:    Vulkan0 compute buffer size is  88.6992 MiB, matches expectation of  88.6992 MiB
~llama_context: Vulkan_Host compute buffer size is   3.5963 MiB, matches expectation of   3.5963 MiB
~llama_context:    Vulkan0 compute buffer size is  84.1113 MiB, matches expectation of  84.1113 MiB
~llama_context: Vulkan_Host compute buffer size is   3.3910 MiB, matches expectation of   3.3910 MiB
~llama_context:    Vulkan0 compute buffer size is  86.1504 MiB, matches expectation of  86.1504 MiB
~llama_context: Vulkan_Host compute buffer size is   3.4937 MiB, matches expectation of   3.4937 MiB
~llama_context:    Vulkan0 compute buffer size is  88.1895 MiB, matches expectation of  88.1895 MiB
~llama_context: Vulkan_Host compute buffer size is   3.5758 MiB, matches expectation of   3.5758 MiB
~llama_context:    Vulkan0 compute buffer size is  90.2285 MiB, matches expectation of  90.2285 MiB
~llama_context: Vulkan_Host compute buffer size is   3.6377 MiB, matches expectation of   3.6377 MiB
~llama_context:    Vulkan0 compute buffer size is  88.1895 MiB, matches expectation of  88.1895 MiB
~llama_context: Vulkan_Host compute buffer size is   3.5758 MiB, matches expectation of   3.5758 MiB
~llama_context:    Vulkan0 compute buffer size is  84.1113 MiB, matches expectation of  84.1113 MiB
~llama_context: Vulkan_Host compute buffer size is   3.3910 MiB, matches expectation of   3.3910 MiB
~llama_context:    Vulkan0 compute buffer size is  87.6797 MiB, matches expectation of  87.6797 MiB
~llama_context: Vulkan_Host compute buffer size is   3.5758 MiB, matches expectation of   3.5758 MiB
~llama_context:    Vulkan0 compute buffer size is  87.6797 MiB, matches expectation of  87.6797 MiB
~llama_context: Vulkan_Host compute buffer size is   3.5758 MiB, matches expectation of   3.5758 MiB
~llama_context:    Vulkan0 compute buffer size is  85.6406 MiB, matches expectation of  85.6406 MiB
~llama_context: Vulkan_Host compute buffer size is   3.4525 MiB, matches expectation of   3.4525 MiB
~llama_context:    Vulkan0 compute buffer size is  84.6211 MiB, matches expectation of  84.6211 MiB
~llama_context: Vulkan_Host compute buffer size is   3.4525 MiB, matches expectation of   3.4525 MiB
~llama_context:    Vulkan0 compute buffer size is  86.1504 MiB, matches expectation of  86.1504 MiB
~llama_context: Vulkan_Host compute buffer size is   3.5143 MiB, matches expectation of   3.5143 MiB
~llama_context:    Vulkan0 compute buffer size is  84.6211 MiB, matches expectation of  84.6211 MiB
~llama_context: Vulkan_Host compute buffer size is   3.4525 MiB, matches expectation of   3.4525 MiB
~llama_context:    Vulkan0 compute buffer size is  89.2090 MiB, matches expectation of  89.2090 MiB
~llama_context: Vulkan_Host compute buffer size is   3.6377 MiB, matches expectation of   3.6377 MiB
~llama_context:    Vulkan0 compute buffer size is  87.1699 MiB, matches expectation of  87.1699 MiB
~llama_context: Vulkan_Host compute buffer size is   3.5143 MiB, matches expectation of   3.5143 MiB
~llama_context:    Vulkan0 compute buffer size is  84.1113 MiB, matches expectation of  84.1113 MiB
~llama_context: Vulkan_Host compute buffer size is   3.3910 MiB, matches expectation of   3.3910 MiB
~llama_context:    Vulkan0 compute buffer size is  83.6016 MiB, matches expectation of  83.6016 MiB
~llama_context: Vulkan_Host compute buffer size is   3.3910 MiB, matches expectation of   3.3910 MiB
~llama_context:    Vulkan0 compute buffer size is  80.0332 MiB, matches expectation of  80.0332 MiB
~llama_context: Vulkan_Host compute buffer size is   3.2675 MiB, matches expectation of   3.2675 MiB
~llama_context:    Vulkan0 compute buffer size is  86.6602 MiB, matches expectation of  86.6602 MiB
~llama_context: Vulkan_Host compute buffer size is   3.5143 MiB, matches expectation of   3.5143 MiB
~llama_context:    Vulkan0 compute buffer size is  87.6797 MiB, matches expectation of  87.6797 MiB
~llama_context: Vulkan_Host compute buffer size is   3.5758 MiB, matches expectation of   3.5758 MiB
~llama_context:    Vulkan0 compute buffer size is  83.0918 MiB, matches expectation of  83.0918 MiB
~llama_context: Vulkan_Host compute buffer size is   3.3910 MiB, matches expectation of   3.3910 MiB
### quality — Spark-X2.5-4B-Q8_0.gguf

- generated: 2026-09-20T10:56:43Z
- host: Linux-7.2.4-ogc3.1.fc44.x86_64-x86_64-with-glibc2.41 · cpus 24 · cgroup quota 2.0
- config: backend=vulkan runs=5 threads=4
- reproduce: `uv run ggufone bench --suite quality --model /var/home/rybens/.hermes/models/Spark-X2.5-4B-Q8_0.gguf --backend vulkan --runs 5 --threads 4 --items 60 --cue two_step --chat-format role_split --json`
- wall: 26.3 s
- engine devices: Vulkan0=60 · Vulkan_Host=60 (compute buffers) · effective backend: vulkan
- framing: chat-template: spark2_5 / internal · prefix tokens: 78, 80, 81, 83, 84, 85, 86, 87, 88, 89, 90, 91, 92, 93, 94, 95, 96, 97, 98, 99, 101, 103, 107, 115
- prompt policy: cue=two_step · chat_format=role_split (question in a user turn)

**exact-match agreement**

| type | n | correct | agreement | 95% CI |
|---|---|---|---|---|
| choice | 24 | 9 | 0.3750 | 0.2116 – 0.5729 |
| noul | 18 | 14 | 0.7778 | 0.5478 – 0.9100 |
| score | 18 | 5 | 0.2778 | 0.1250 – 0.5087 |
| overall | 60 | 28 | 0.4667 | 0.3463 – 0.5911 |

**cue verdicts**

| item | type | cue top token | top-token mass | verdict |
|---|---|---|---|---|
| c01 | choice | `token 79152` | 1.0000 | ok |
| c02 | choice | `token 15493` | 1.0000 | ok |
| c03 | choice | `token 39` | 0.9998 | ok |
| c04 | choice | `token 28334` | 0.9993 | ok |
| c05 | choice | `<｜end▁of▁sentence｜>` | 1.0000 | W_CUE_REFUSED |
| c06 | choice | `<｜end▁of▁sentence｜>` | 1.0000 | W_CUE_REFUSED |
| c07 | choice | `token 405` | 0.9999 | ok |
| c08 | choice | `token 7215` | 1.0000 | ok |
| c09 | choice | `token 326` | 1.0000 | ok |
| c10 | choice | `token 47340` | 1.0000 | ok |
| c11 | choice | `token 4332` | 1.0000 | ok |
| c12 | choice | `token 510` | 1.0000 | ok |
| c13 | choice | `token 19776` | 0.9980 | ok |
| c14 | choice | `token 2970` | 1.0000 | ok |
| c15 | choice | `token 88960` | 0.9751 | ok |
| c16 | choice | `token 5874` | 1.0000 | ok |
| c17 | choice | `token 66898` | 0.9999 | ok |
| c18 | choice | `token 685` | 1.0000 | ok |
| c19 | choice | `<｜end▁of▁sentence｜>` | 1.0000 | W_CUE_REFUSED |
| c20 | choice | `token 4095` | 0.9999 | ok |
| c21 | choice | `token 2814` | 1.0000 | ok |
| c22 | choice | `token 1910` | 1.0000 | ok |
| c23 | choice | `<｜end▁of▁sentence｜>` | 0.9848 | W_CUE_REFUSED |
| c24 | choice | `token 6381` | 1.0000 | ok |
| s01 | score | `<｜end▁of▁sentence｜>` | 0.9998 | W_CUE_REFUSED |
| s02 | score | `<｜end▁of▁sentence｜>` | 1.0000 | W_CUE_REFUSED |
| s03 | score | `<｜end▁of▁sentence｜>` | 1.0000 | W_CUE_REFUSED |
| s04 | score | `<｜end▁of▁sentence｜>` | 1.0000 | W_CUE_REFUSED |
| s05 | score | `<｜end▁of▁sentence｜>` | 1.0000 | W_CUE_REFUSED |
| s06 | score | `<｜end▁of▁sentence｜>` | 1.0000 | W_CUE_REFUSED |
| s07 | score | `<｜end▁of▁sentence｜>` | 1.0000 | W_CUE_REFUSED |
| s08 | score | `<｜end▁of▁sentence｜>` | 1.0000 | W_CUE_REFUSED |
| s09 | score | `<｜end▁of▁sentence｜>` | 1.0000 | W_CUE_REFUSED |
| s10 | score | `<｜end▁of▁sentence｜>` | 1.0000 | W_CUE_REFUSED |
| s11 | score | `<｜end▁of▁sentence｜>` | 1.0000 | W_CUE_REFUSED |
| s12 | score | `<｜end▁of▁sentence｜>` | 1.0000 | W_CUE_REFUSED |
| s13 | score | `<｜end▁of▁sentence｜>` | 1.0000 | W_CUE_REFUSED |
| s14 | score | `<｜end▁of▁sentence｜>` | 1.0000 | W_CUE_REFUSED |
| s15 | score | `<｜end▁of▁sentence｜>` | 1.0000 | W_CUE_REFUSED |
| s16 | score | `<｜end▁of▁sentence｜>` | 0.9999 | W_CUE_REFUSED |
| s17 | score | `<｜end▁of▁sentence｜>` | 1.0000 | W_CUE_REFUSED |
| s18 | score | `<｜end▁of▁sentence｜>` | 1.0000 | W_CUE_REFUSED |
| n01 | noul | `<｜end▁of▁sentence｜>` | 0.9992 | W_CUE_REFUSED |
| n02 | noul | `<｜end▁of▁sentence｜>` | 0.9997 | W_CUE_REFUSED |
| n03 | noul | `<｜end▁of▁sentence｜>` | 0.9993 | W_CUE_REFUSED |
| n04 | noul | `<｜end▁of▁sentence｜>` | 0.9999 | W_CUE_REFUSED |
| n05 | noul | `<｜end▁of▁sentence｜>` | 0.9998 | W_CUE_REFUSED |
| n06 | noul | `<｜end▁of▁sentence｜>` | 1.0000 | W_CUE_REFUSED |
| n07 | noul | `<｜end▁of▁sentence｜>` | 0.9993 | W_CUE_REFUSED |
| n08 | noul | `<｜end▁of▁sentence｜>` | 0.9999 | W_CUE_REFUSED |
| n09 | noul | `<｜end▁of▁sentence｜>` | 1.0000 | W_CUE_REFUSED |
| n10 | noul | `<｜end▁of▁sentence｜>` | 0.9999 | W_CUE_REFUSED |
| n11 | noul | `<｜end▁of▁sentence｜>` | 0.9998 | W_CUE_REFUSED |
| n12 | noul | `<｜end▁of▁sentence｜>` | 1.0000 | W_CUE_REFUSED |
| n13 | noul | `<｜end▁of▁sentence｜>` | 0.9999 | W_CUE_REFUSED |
| n14 | noul | `<｜end▁of▁sentence｜>` | 1.0000 | W_CUE_REFUSED |
| n15 | noul | `<｜end▁of▁sentence｜>` | 0.9712 | W_CUE_REFUSED |
| n16 | noul | `<｜end▁of▁sentence｜>` | 1.0000 | W_CUE_REFUSED |
| n17 | noul | `<｜end▁of▁sentence｜>` | 1.0000 | W_CUE_REFUSED |
| n18 | noul | `<｜end▁of▁sentence｜>` | 0.9996 | W_CUE_REFUSED |

- W_CUE_REFUSED: the cue row's top token is a turn-closer — the model closes the assistant turn instead of answering, so the label mass at that row cannot reach the floor (`readout.reliability` measures it, `docs/TEMPLATES.md` §4 carries the policy).

- agreement = the highest-probability candidate equals the gold candidate (the discrete decision), measured per question type and overall with 95% Wilson intervals; report-only in v1 (SPEC S-11).

report: .e3e/bench_two_step_role_split.json

