load_backend: loaded RPC backend from /var/home/rybens/.local/share/ggufone/runtime/b11026-linux-x64-vulkan/libggml-rpc.so
ggml_vulkan: Found 1 Vulkan devices:
ggml_vulkan: 0 = NVIDIA GeForce RTX 3060 Ti (NVIDIA) | uma: 0 | fp16: 1 | bf16: 1 | fp4: 0 | warp size: 32 | shared memory: 49152 | int dot: 1 | matrix cores: NV_coopmat2
load_backend: loaded Vulkan backend from /var/home/rybens/.local/share/ggufone/runtime/b11026-linux-x64-vulkan/libggml-vulkan.so
load_backend: loaded CPU backend from /var/home/rybens/.local/share/ggufone/runtime/b11026-linux-x64-vulkan/libggml-cpu-haswell.so
~llama_context:    Vulkan0 compute buffer size is 134.0684 MiB, matches expectation of 134.0684 MiB
~llama_context: Vulkan_Host compute buffer size is   5.7048 MiB, matches expectation of   5.7048 MiB
~llama_context:    Vulkan0 compute buffer size is 127.4414 MiB, matches expectation of 127.4414 MiB
~llama_context: Vulkan_Host compute buffer size is   5.1377 MiB, matches expectation of   5.1377 MiB
~llama_context:    Vulkan0 compute buffer size is 124.8926 MiB, matches expectation of 124.8926 MiB
~llama_context: Vulkan_Host compute buffer size is   5.0349 MiB, matches expectation of   5.0349 MiB
~llama_context:    Vulkan0 compute buffer size is 125.4023 MiB, matches expectation of 125.4023 MiB
~llama_context: Vulkan_Host compute buffer size is   5.1377 MiB, matches expectation of   5.1377 MiB
~llama_context:    Vulkan0 compute buffer size is 119.2852 MiB, matches expectation of 119.2852 MiB
~llama_context: Vulkan_Host compute buffer size is   4.8294 MiB, matches expectation of   4.8294 MiB
~llama_context:    Vulkan0 compute buffer size is 118.7754 MiB, matches expectation of 118.7754 MiB
~llama_context: Vulkan_Host compute buffer size is   4.8294 MiB, matches expectation of   4.8294 MiB
~llama_context:    Vulkan0 compute buffer size is 120.3047 MiB, matches expectation of 120.3047 MiB
~llama_context: Vulkan_Host compute buffer size is   4.9320 MiB, matches expectation of   4.9320 MiB
~llama_context:    Vulkan0 compute buffer size is 131.5195 MiB, matches expectation of 131.5195 MiB
~llama_context: Vulkan_Host compute buffer size is   5.5971 MiB, matches expectation of   5.5971 MiB
~llama_context:    Vulkan0 compute buffer size is 120.8145 MiB, matches expectation of 120.8145 MiB
~llama_context: Vulkan_Host compute buffer size is   4.9320 MiB, matches expectation of   4.9320 MiB
~llama_context:    Vulkan0 compute buffer size is 122.3438 MiB, matches expectation of 122.3438 MiB
~llama_context: Vulkan_Host compute buffer size is   4.9320 MiB, matches expectation of   4.9320 MiB
~llama_context:    Vulkan0 compute buffer size is 126.9316 MiB, matches expectation of 126.9316 MiB
~llama_context: Vulkan_Host compute buffer size is   5.1377 MiB, matches expectation of   5.1377 MiB
~llama_context:    Vulkan0 compute buffer size is 123.3633 MiB, matches expectation of 123.3633 MiB
~llama_context: Vulkan_Host compute buffer size is   5.0349 MiB, matches expectation of   5.0349 MiB
~llama_context:    Vulkan0 compute buffer size is 121.3242 MiB, matches expectation of 121.3242 MiB
~llama_context: Vulkan_Host compute buffer size is   4.9320 MiB, matches expectation of   4.9320 MiB
~llama_context:    Vulkan0 compute buffer size is 128.4609 MiB, matches expectation of 128.4609 MiB
~llama_context: Vulkan_Host compute buffer size is   5.2403 MiB, matches expectation of   5.2403 MiB
~llama_context:    Vulkan0 compute buffer size is 119.2852 MiB, matches expectation of 119.2852 MiB
~llama_context: Vulkan_Host compute buffer size is   4.8294 MiB, matches expectation of   4.8294 MiB
~llama_context:    Vulkan0 compute buffer size is 117.7559 MiB, matches expectation of 117.7559 MiB
~llama_context: Vulkan_Host compute buffer size is   4.8294 MiB, matches expectation of   4.8294 MiB
~llama_context:    Vulkan0 compute buffer size is 133.5586 MiB, matches expectation of 133.5586 MiB
~llama_context: Vulkan_Host compute buffer size is   5.7048 MiB, matches expectation of   5.7048 MiB
~llama_context:    Vulkan0 compute buffer size is 121.8340 MiB, matches expectation of 121.8340 MiB
~llama_context: Vulkan_Host compute buffer size is   4.9320 MiB, matches expectation of   4.9320 MiB
~llama_context:    Vulkan0 compute buffer size is 121.3242 MiB, matches expectation of 121.3242 MiB
~llama_context: Vulkan_Host compute buffer size is   4.9320 MiB, matches expectation of   4.9320 MiB
~llama_context:    Vulkan0 compute buffer size is 129.4805 MiB, matches expectation of 129.4805 MiB
~llama_context: Vulkan_Host compute buffer size is   5.2403 MiB, matches expectation of   5.2403 MiB
~llama_context:    Vulkan0 compute buffer size is 123.3633 MiB, matches expectation of 123.3633 MiB
~llama_context: Vulkan_Host compute buffer size is   5.0349 MiB, matches expectation of   5.0349 MiB
~llama_context:    Vulkan0 compute buffer size is 125.9121 MiB, matches expectation of 125.9121 MiB
~llama_context: Vulkan_Host compute buffer size is   5.1377 MiB, matches expectation of   5.1377 MiB
~llama_context:    Vulkan0 compute buffer size is 120.3047 MiB, matches expectation of 120.3047 MiB
~llama_context: Vulkan_Host compute buffer size is   4.9320 MiB, matches expectation of   4.9320 MiB
~llama_context:    Vulkan0 compute buffer size is 123.3633 MiB, matches expectation of 123.3633 MiB
~llama_context: Vulkan_Host compute buffer size is   5.0349 MiB, matches expectation of   5.0349 MiB
~llama_context:    Vulkan0 compute buffer size is 118.2656 MiB, matches expectation of 118.2656 MiB
~llama_context: Vulkan_Host compute buffer size is   4.8089 MiB, matches expectation of   4.8089 MiB
~llama_context:    Vulkan0 compute buffer size is 115.2070 MiB, matches expectation of 115.2070 MiB
~llama_context: Vulkan_Host compute buffer size is   4.7267 MiB, matches expectation of   4.7267 MiB
~llama_context:    Vulkan0 compute buffer size is 119.2852 MiB, matches expectation of 119.2852 MiB
~llama_context: Vulkan_Host compute buffer size is   4.8089 MiB, matches expectation of   4.8089 MiB
~llama_context:    Vulkan0 compute buffer size is 119.2852 MiB, matches expectation of 119.2852 MiB
~llama_context: Vulkan_Host compute buffer size is   4.8089 MiB, matches expectation of   4.8089 MiB
~llama_context:    Vulkan0 compute buffer size is 113.6777 MiB, matches expectation of 113.6777 MiB
~llama_context: Vulkan_Host compute buffer size is   4.6856 MiB, matches expectation of   4.6856 MiB
~llama_context:    Vulkan0 compute buffer size is 117.2461 MiB, matches expectation of 117.2461 MiB
~llama_context: Vulkan_Host compute buffer size is   4.7267 MiB, matches expectation of   4.7267 MiB
~llama_context:    Vulkan0 compute buffer size is 121.8340 MiB, matches expectation of 121.8340 MiB
~llama_context: Vulkan_Host compute buffer size is   4.9320 MiB, matches expectation of   4.9320 MiB
~llama_context:    Vulkan0 compute buffer size is 118.2656 MiB, matches expectation of 118.2656 MiB
~llama_context: Vulkan_Host compute buffer size is   4.8089 MiB, matches expectation of   4.8089 MiB
~llama_context:    Vulkan0 compute buffer size is 118.2656 MiB, matches expectation of 118.2656 MiB
~llama_context: Vulkan_Host compute buffer size is   4.8294 MiB, matches expectation of   4.8294 MiB
~llama_context:    Vulkan0 compute buffer size is 117.7559 MiB, matches expectation of 117.7559 MiB
~llama_context: Vulkan_Host compute buffer size is   4.8294 MiB, matches expectation of   4.8294 MiB
~llama_context:    Vulkan0 compute buffer size is 116.7363 MiB, matches expectation of 116.7363 MiB
~llama_context: Vulkan_Host compute buffer size is   4.8089 MiB, matches expectation of   4.8089 MiB
~llama_context:    Vulkan0 compute buffer size is 117.2461 MiB, matches expectation of 117.2461 MiB
~llama_context: Vulkan_Host compute buffer size is   4.7267 MiB, matches expectation of   4.7267 MiB
~llama_context:    Vulkan0 compute buffer size is 112.1484 MiB, matches expectation of 112.1484 MiB
~llama_context: Vulkan_Host compute buffer size is   4.5211 MiB, matches expectation of   4.5211 MiB
~llama_context:    Vulkan0 compute buffer size is 112.1484 MiB, matches expectation of 112.1484 MiB
~llama_context: Vulkan_Host compute buffer size is   4.5211 MiB, matches expectation of   4.5211 MiB
~llama_context:    Vulkan0 compute buffer size is 112.6582 MiB, matches expectation of 112.6582 MiB
~llama_context: Vulkan_Host compute buffer size is   4.6241 MiB, matches expectation of   4.6241 MiB
~llama_context:    Vulkan0 compute buffer size is 114.6973 MiB, matches expectation of 114.6973 MiB
~llama_context: Vulkan_Host compute buffer size is   4.6241 MiB, matches expectation of   4.6241 MiB
~llama_context:    Vulkan0 compute buffer size is 110.1094 MiB, matches expectation of 110.1094 MiB
~llama_context: Vulkan_Host compute buffer size is   4.5211 MiB, matches expectation of   4.5211 MiB
~llama_context:    Vulkan0 compute buffer size is 112.1484 MiB, matches expectation of 112.1484 MiB
~llama_context: Vulkan_Host compute buffer size is   4.5211 MiB, matches expectation of   4.5211 MiB
~llama_context:    Vulkan0 compute buffer size is 113.6777 MiB, matches expectation of 113.6777 MiB
~llama_context: Vulkan_Host compute buffer size is   4.6241 MiB, matches expectation of   4.6241 MiB
~llama_context:    Vulkan0 compute buffer size is 115.7168 MiB, matches expectation of 115.7168 MiB
~llama_context: Vulkan_Host compute buffer size is   4.6856 MiB, matches expectation of   4.6856 MiB
~llama_context:    Vulkan0 compute buffer size is 113.6777 MiB, matches expectation of 113.6777 MiB
~llama_context: Vulkan_Host compute buffer size is   4.6241 MiB, matches expectation of   4.6241 MiB
~llama_context:    Vulkan0 compute buffer size is 109.5996 MiB, matches expectation of 109.5996 MiB
~llama_context: Vulkan_Host compute buffer size is   4.4389 MiB, matches expectation of   4.4389 MiB
~llama_context:    Vulkan0 compute buffer size is 113.1680 MiB, matches expectation of 113.1680 MiB
~llama_context: Vulkan_Host compute buffer size is   4.5622 MiB, matches expectation of   4.5622 MiB
~llama_context:    Vulkan0 compute buffer size is 113.1680 MiB, matches expectation of 113.1680 MiB
~llama_context: Vulkan_Host compute buffer size is   4.5622 MiB, matches expectation of   4.5622 MiB
~llama_context:    Vulkan0 compute buffer size is 111.1289 MiB, matches expectation of 111.1289 MiB
~llama_context: Vulkan_Host compute buffer size is   4.5006 MiB, matches expectation of   4.5006 MiB
~llama_context:    Vulkan0 compute buffer size is 110.1094 MiB, matches expectation of 110.1094 MiB
~llama_context: Vulkan_Host compute buffer size is   4.4389 MiB, matches expectation of   4.4389 MiB
~llama_context:    Vulkan0 compute buffer size is 111.6387 MiB, matches expectation of 111.6387 MiB
~llama_context: Vulkan_Host compute buffer size is   4.5006 MiB, matches expectation of   4.5006 MiB
~llama_context:    Vulkan0 compute buffer size is 110.1094 MiB, matches expectation of 110.1094 MiB
~llama_context: Vulkan_Host compute buffer size is   4.4389 MiB, matches expectation of   4.4389 MiB
~llama_context:    Vulkan0 compute buffer size is 114.6973 MiB, matches expectation of 114.6973 MiB
~llama_context: Vulkan_Host compute buffer size is   4.6241 MiB, matches expectation of   4.6241 MiB
~llama_context:    Vulkan0 compute buffer size is 112.6582 MiB, matches expectation of 112.6582 MiB
~llama_context: Vulkan_Host compute buffer size is   4.5622 MiB, matches expectation of   4.5622 MiB
~llama_context:    Vulkan0 compute buffer size is 109.5996 MiB, matches expectation of 109.5996 MiB
~llama_context: Vulkan_Host compute buffer size is   4.4389 MiB, matches expectation of   4.4389 MiB
~llama_context:    Vulkan0 compute buffer size is 109.0898 MiB, matches expectation of 109.0898 MiB
~llama_context: Vulkan_Host compute buffer size is   4.4389 MiB, matches expectation of   4.4389 MiB
~llama_context:    Vulkan0 compute buffer size is 105.5215 MiB, matches expectation of 105.5215 MiB
~llama_context: Vulkan_Host compute buffer size is   4.2539 MiB, matches expectation of   4.2539 MiB
~llama_context:    Vulkan0 compute buffer size is 112.1484 MiB, matches expectation of 112.1484 MiB
~llama_context: Vulkan_Host compute buffer size is   4.5622 MiB, matches expectation of   4.5622 MiB
~llama_context:    Vulkan0 compute buffer size is 113.1680 MiB, matches expectation of 113.1680 MiB
~llama_context: Vulkan_Host compute buffer size is   4.5622 MiB, matches expectation of   4.5622 MiB
~llama_context:    Vulkan0 compute buffer size is 108.5801 MiB, matches expectation of 108.5801 MiB
~llama_context: Vulkan_Host compute buffer size is   4.3773 MiB, matches expectation of   4.3773 MiB
### quality — Spark-X2.5-4B-Q8_0.gguf

- generated: 2026-09-20T10:58:01Z
- host: Linux-7.2.4-ogc3.1.fc44.x86_64-x86_64-with-glibc2.41 · cpus 24 · cgroup quota 2.0
- config: backend=vulkan runs=5 threads=4
- reproduce: `uv run ggufone bench --suite quality --model /var/home/rybens/.hermes/models/Spark-X2.5-4B-Q8_0.gguf --backend vulkan --runs 5 --threads 4 --items 60 --cue json_instructed --json-contract system --json`
- wall: 38.7 s
- engine devices: Vulkan0=60 · Vulkan_Host=60 (compute buffers) · effective backend: vulkan
- framing: chat-template: spark2_5 / internal · prefix tokens: 131, 133, 134, 136, 137, 138, 139, 140, 141, 142, 143, 144, 145, 146, 147, 148, 149, 150, 151, 152, 154, 156, 160, 168
- prompt policy: cue=json_instructed · json_contract=system (contract in the framing)

**exact-match agreement**

| type | n | correct | agreement | 95% CI |
|---|---|---|---|---|
| choice | 24 | 21 | 0.8750 | 0.6900 – 0.9566 |
| noul | 18 | 17 | 0.9444 | 0.7424 – 0.9901 |
| score | 18 | 10 | 0.5556 | 0.3372 – 0.7544 |
| overall | 60 | 48 | 0.8000 | 0.6822 – 0.8817 |

**cue verdicts**

| item | type | cue top token | top-token mass | verdict |
|---|---|---|---|---|
| c01 | choice | `token 97` | 0.8885 | ok |
| c02 | choice | `token 79` | 0.9697 | ok |
| c03 | choice | `token 76495` | 0.9991 | ok |
| c04 | choice | `token 33850` | 0.8727 | ok |
| c05 | choice | `token 113210` | 0.9996 | ok |
| c06 | choice | `token 80395` | 0.9836 | ok |
| c07 | choice | `token 29361` | 0.9997 | ok |
| c08 | choice | `token 93058` | 0.7522 | ok |
| c09 | choice | `token 1117` | 0.9999 | ok |
| c10 | choice | `token 9914` | 0.9997 | ok |
| c11 | choice | `token 1301` | 1.0000 | ok |
| c12 | choice | `token 13008` | 0.9931 | ok |
| c13 | choice | `token 16972` | 0.9989 | ok |
| c14 | choice | `token 16989` | 0.9997 | ok |
| c15 | choice | `token 21219` | 0.9997 | ok |
| c16 | choice | `token 625` | 1.0000 | ok |
| c17 | choice | `token 27075` | 0.9947 | ok |
| c18 | choice | `token 2297` | 0.5577 | ok |
| c19 | choice | `token 60672` | 0.9982 | ok |
| c20 | choice | `token 82613` | 0.9997 | ok |
| c21 | choice | `token 80` | 0.5404 | ok |
| c22 | choice | `token 96` | 0.9999 | ok |
| c23 | choice | `token 64686` | 0.9999 | ok |
| c24 | choice | `token 6693` | 1.0000 | ok |
| s01 | score | `token 33` | 0.7321 | ok |
| s02 | score | `token 30` | 0.6842 | ok |
| s03 | score | `token 33` | 0.9746 | ok |
| s04 | score | `token 32` | 0.6736 | ok |
| s05 | score | `token 29` | 0.6304 | ok |
| s06 | score | `token 32` | 0.8847 | ok |
| s07 | score | `token 31` | 0.5653 | ok |
| s08 | score | `token 30` | 0.8080 | ok |
| s09 | score | `token 30` | 0.9796 | ok |
| s10 | score | `token 32` | 0.6728 | ok |
| s11 | score | `token 32` | 0.8109 | ok |
| s12 | score | `token 31` | 0.6245 | ok |
| s13 | score | `token 31` | 0.9160 | ok |
| s14 | score | `token 30` | 0.6935 | ok |
| s15 | score | `token 31` | 0.9794 | ok |
| s16 | score | `token 29` | 0.8864 | ok |
| s17 | score | `token 31` | 0.7897 | ok |
| s18 | score | `token 29` | 0.9989 | ok |
| n01 | noul | `token 4244` | 0.9894 | ok |
| n02 | noul | `token 4244` | 0.9205 | ok |
| n03 | noul | `token 4244` | 0.9736 | ok |
| n04 | noul | `token 4244` | 0.9975 | ok |
| n05 | noul | `token 4244` | 0.9978 | ok |
| n06 | noul | `token 1643` | 0.6509 | ok |
| n07 | noul | `token 4244` | 0.9718 | ok |
| n08 | noul | `token 4244` | 0.7783 | ok |
| n09 | noul | `token 1643` | 0.9918 | ok |
| n10 | noul | `token 4244` | 0.9821 | ok |
| n11 | noul | `token 4244` | 0.8780 | ok |
| n12 | noul | `token 1643` | 0.9982 | ok |
| n13 | noul | `token 4244` | 0.9849 | ok |
| n14 | noul | `token 1643` | 0.9591 | ok |
| n15 | noul | `token 4244` | 0.9033 | ok |
| n16 | noul | `token 1643` | 0.5849 | ok |
| n17 | noul | `token 1643` | 0.9827 | ok |
| n18 | noul | `token 4244` | 0.9883 | ok |

- agreement = the highest-probability candidate equals the gold candidate (the discrete decision), measured per question type and overall with 95% Wilson intervals; report-only in v1 (SPEC S-11).

report: .e3e/bench_json_instructed_answer_sheet_system.json

