load_backend: loaded RPC backend from /var/home/rybens/.local/share/ggufone/runtime/b11026-linux-x64-vulkan/libggml-rpc.so
ggml_vulkan: Found 1 Vulkan devices:
ggml_vulkan: 0 = NVIDIA GeForce RTX 3060 Ti (NVIDIA) | uma: 0 | fp16: 1 | bf16: 1 | fp4: 0 | warp size: 32 | shared memory: 49152 | int dot: 1 | matrix cores: NV_coopmat2
load_backend: loaded Vulkan backend from /var/home/rybens/.local/share/ggufone/runtime/b11026-linux-x64-vulkan/libggml-vulkan.so
load_backend: loaded CPU backend from /var/home/rybens/.local/share/ggufone/runtime/b11026-linux-x64-vulkan/libggml-cpu-haswell.so
~llama_context:    Vulkan0 compute buffer size is 115.2070 MiB, matches expectation of 115.2070 MiB
~llama_context: Vulkan_Host compute buffer size is   4.7267 MiB, matches expectation of   4.7267 MiB
~llama_context:    Vulkan0 compute buffer size is 108.5801 MiB, matches expectation of 108.5801 MiB
~llama_context: Vulkan_Host compute buffer size is   4.4184 MiB, matches expectation of   4.4184 MiB
~llama_context:    Vulkan0 compute buffer size is 106.0312 MiB, matches expectation of 106.0312 MiB
~llama_context: Vulkan_Host compute buffer size is   4.3158 MiB, matches expectation of   4.3158 MiB
~llama_context:    Vulkan0 compute buffer size is 106.5410 MiB, matches expectation of 106.5410 MiB
~llama_context: Vulkan_Host compute buffer size is   4.3158 MiB, matches expectation of   4.3158 MiB
~llama_context:    Vulkan0 compute buffer size is 100.4238 MiB, matches expectation of 100.4238 MiB
~llama_context: Vulkan_Host compute buffer size is   4.1101 MiB, matches expectation of   4.1101 MiB
~llama_context:    Vulkan0 compute buffer size is  99.9141 MiB, matches expectation of  99.9141 MiB
~llama_context: Vulkan_Host compute buffer size is   4.1101 MiB, matches expectation of   4.1101 MiB
~llama_context:    Vulkan0 compute buffer size is 101.4434 MiB, matches expectation of 101.4434 MiB
~llama_context: Vulkan_Host compute buffer size is   4.1101 MiB, matches expectation of   4.1101 MiB
~llama_context:    Vulkan0 compute buffer size is 112.6582 MiB, matches expectation of 112.6582 MiB
~llama_context: Vulkan_Host compute buffer size is   4.6241 MiB, matches expectation of   4.6241 MiB
~llama_context:    Vulkan0 compute buffer size is 101.9531 MiB, matches expectation of 101.9531 MiB
~llama_context: Vulkan_Host compute buffer size is   4.1101 MiB, matches expectation of   4.1101 MiB
~llama_context:    Vulkan0 compute buffer size is 103.4824 MiB, matches expectation of 103.4824 MiB
~llama_context: Vulkan_Host compute buffer size is   4.2129 MiB, matches expectation of   4.2129 MiB
~llama_context:    Vulkan0 compute buffer size is 108.0703 MiB, matches expectation of 108.0703 MiB
~llama_context: Vulkan_Host compute buffer size is   4.4184 MiB, matches expectation of   4.4184 MiB
~llama_context:    Vulkan0 compute buffer size is 104.5020 MiB, matches expectation of 104.5020 MiB
~llama_context: Vulkan_Host compute buffer size is   4.2129 MiB, matches expectation of   4.2129 MiB
~llama_context:    Vulkan0 compute buffer size is 102.4629 MiB, matches expectation of 102.4629 MiB
~llama_context: Vulkan_Host compute buffer size is   4.2129 MiB, matches expectation of   4.2129 MiB
~llama_context:    Vulkan0 compute buffer size is 109.5996 MiB, matches expectation of 109.5996 MiB
~llama_context: Vulkan_Host compute buffer size is   4.4184 MiB, matches expectation of   4.4184 MiB
~llama_context:    Vulkan0 compute buffer size is 100.4238 MiB, matches expectation of 100.4238 MiB
~llama_context: Vulkan_Host compute buffer size is   4.1101 MiB, matches expectation of   4.1101 MiB
~llama_context:    Vulkan0 compute buffer size is  98.8945 MiB, matches expectation of  98.8945 MiB
~llama_context: Vulkan_Host compute buffer size is   4.0075 MiB, matches expectation of   4.0075 MiB
~llama_context:    Vulkan0 compute buffer size is 114.6973 MiB, matches expectation of 114.6973 MiB
~llama_context: Vulkan_Host compute buffer size is   4.6241 MiB, matches expectation of   4.6241 MiB
~llama_context:    Vulkan0 compute buffer size is 102.9727 MiB, matches expectation of 102.9727 MiB
~llama_context: Vulkan_Host compute buffer size is   4.2129 MiB, matches expectation of   4.2129 MiB
~llama_context:    Vulkan0 compute buffer size is 102.4629 MiB, matches expectation of 102.4629 MiB
~llama_context: Vulkan_Host compute buffer size is   4.2129 MiB, matches expectation of   4.2129 MiB
~llama_context:    Vulkan0 compute buffer size is 110.6191 MiB, matches expectation of 110.6191 MiB
~llama_context: Vulkan_Host compute buffer size is   4.5211 MiB, matches expectation of   4.5211 MiB
~llama_context:    Vulkan0 compute buffer size is 104.5020 MiB, matches expectation of 104.5020 MiB
~llama_context: Vulkan_Host compute buffer size is   4.2129 MiB, matches expectation of   4.2129 MiB
~llama_context:    Vulkan0 compute buffer size is 107.0508 MiB, matches expectation of 107.0508 MiB
~llama_context: Vulkan_Host compute buffer size is   4.3158 MiB, matches expectation of   4.3158 MiB
~llama_context:    Vulkan0 compute buffer size is 101.4434 MiB, matches expectation of 101.4434 MiB
~llama_context: Vulkan_Host compute buffer size is   4.1101 MiB, matches expectation of   4.1101 MiB
~llama_context:    Vulkan0 compute buffer size is 104.5020 MiB, matches expectation of 104.5020 MiB
~llama_context: Vulkan_Host compute buffer size is   4.2129 MiB, matches expectation of   4.2129 MiB
~llama_context:    Vulkan0 compute buffer size is  99.9141 MiB, matches expectation of  99.9141 MiB
~llama_context: Vulkan_Host compute buffer size is   4.0691 MiB, matches expectation of   4.0691 MiB
~llama_context:    Vulkan0 compute buffer size is  96.8555 MiB, matches expectation of  96.8555 MiB
~llama_context: Vulkan_Host compute buffer size is   3.9046 MiB, matches expectation of   3.9046 MiB
~llama_context:    Vulkan0 compute buffer size is 100.9336 MiB, matches expectation of 100.9336 MiB
~llama_context: Vulkan_Host compute buffer size is   4.0691 MiB, matches expectation of   4.0691 MiB
~llama_context:    Vulkan0 compute buffer size is 100.9336 MiB, matches expectation of 100.9336 MiB
~llama_context: Vulkan_Host compute buffer size is   4.0691 MiB, matches expectation of   4.0691 MiB
~llama_context:    Vulkan0 compute buffer size is  95.3262 MiB, matches expectation of  95.3262 MiB
~llama_context: Vulkan_Host compute buffer size is   3.9456 MiB, matches expectation of   3.9456 MiB
~llama_context:    Vulkan0 compute buffer size is  98.8945 MiB, matches expectation of  98.8945 MiB
~llama_context: Vulkan_Host compute buffer size is   4.0075 MiB, matches expectation of   4.0075 MiB
~llama_context:    Vulkan0 compute buffer size is 103.4824 MiB, matches expectation of 103.4824 MiB
~llama_context: Vulkan_Host compute buffer size is   4.2129 MiB, matches expectation of   4.2129 MiB
~llama_context:    Vulkan0 compute buffer size is  99.9141 MiB, matches expectation of  99.9141 MiB
~llama_context: Vulkan_Host compute buffer size is   4.0691 MiB, matches expectation of   4.0691 MiB
~llama_context:    Vulkan0 compute buffer size is  99.9141 MiB, matches expectation of  99.9141 MiB
~llama_context: Vulkan_Host compute buffer size is   4.1101 MiB, matches expectation of   4.1101 MiB
~llama_context:    Vulkan0 compute buffer size is  99.4043 MiB, matches expectation of  99.4043 MiB
~llama_context: Vulkan_Host compute buffer size is   4.0075 MiB, matches expectation of   4.0075 MiB
~llama_context:    Vulkan0 compute buffer size is  98.3848 MiB, matches expectation of  98.3848 MiB
~llama_context: Vulkan_Host compute buffer size is   4.0691 MiB, matches expectation of   4.0691 MiB
~llama_context:    Vulkan0 compute buffer size is  98.8945 MiB, matches expectation of  98.8945 MiB
~llama_context: Vulkan_Host compute buffer size is   4.0075 MiB, matches expectation of   4.0075 MiB
~llama_context:    Vulkan0 compute buffer size is  93.7969 MiB, matches expectation of  93.7969 MiB
~llama_context: Vulkan_Host compute buffer size is   3.7813 MiB, matches expectation of   3.7813 MiB
~llama_context:    Vulkan0 compute buffer size is  93.7969 MiB, matches expectation of  93.7969 MiB
~llama_context: Vulkan_Host compute buffer size is   3.8020 MiB, matches expectation of   3.8020 MiB
~llama_context:    Vulkan0 compute buffer size is  94.3066 MiB, matches expectation of  94.3066 MiB
~llama_context: Vulkan_Host compute buffer size is   3.8020 MiB, matches expectation of   3.8020 MiB
~llama_context:    Vulkan0 compute buffer size is  96.3457 MiB, matches expectation of  96.3457 MiB
~llama_context: Vulkan_Host compute buffer size is   3.9046 MiB, matches expectation of   3.9046 MiB
~llama_context:    Vulkan0 compute buffer size is  91.7578 MiB, matches expectation of  91.7578 MiB
~llama_context: Vulkan_Host compute buffer size is   3.6992 MiB, matches expectation of   3.6992 MiB
~llama_context:    Vulkan0 compute buffer size is  93.7969 MiB, matches expectation of  93.7969 MiB
~llama_context: Vulkan_Host compute buffer size is   3.8020 MiB, matches expectation of   3.8020 MiB
~llama_context:    Vulkan0 compute buffer size is  92.7773 MiB, matches expectation of  92.7773 MiB
~llama_context: Vulkan_Host compute buffer size is   3.7608 MiB, matches expectation of   3.7608 MiB
~llama_context:    Vulkan0 compute buffer size is  94.8164 MiB, matches expectation of  94.8164 MiB
~llama_context: Vulkan_Host compute buffer size is   3.8225 MiB, matches expectation of   3.8225 MiB
~llama_context:    Vulkan0 compute buffer size is  92.7773 MiB, matches expectation of  92.7773 MiB
~llama_context: Vulkan_Host compute buffer size is   3.7608 MiB, matches expectation of   3.7608 MiB
~llama_context:    Vulkan0 compute buffer size is  88.6992 MiB, matches expectation of  88.6992 MiB
~llama_context: Vulkan_Host compute buffer size is   3.5758 MiB, matches expectation of   3.5758 MiB
~llama_context:    Vulkan0 compute buffer size is  92.2676 MiB, matches expectation of  92.2676 MiB
~llama_context: Vulkan_Host compute buffer size is   3.7608 MiB, matches expectation of   3.7608 MiB
~llama_context:    Vulkan0 compute buffer size is  92.2676 MiB, matches expectation of  92.2676 MiB
~llama_context: Vulkan_Host compute buffer size is   3.7608 MiB, matches expectation of   3.7608 MiB
~llama_context:    Vulkan0 compute buffer size is  90.2285 MiB, matches expectation of  90.2285 MiB
~llama_context: Vulkan_Host compute buffer size is   3.6377 MiB, matches expectation of   3.6377 MiB
~llama_context:    Vulkan0 compute buffer size is  89.2090 MiB, matches expectation of  89.2090 MiB
~llama_context: Vulkan_Host compute buffer size is   3.6377 MiB, matches expectation of   3.6377 MiB
~llama_context:    Vulkan0 compute buffer size is  90.7383 MiB, matches expectation of  90.7383 MiB
~llama_context: Vulkan_Host compute buffer size is   3.6992 MiB, matches expectation of   3.6992 MiB
~llama_context:    Vulkan0 compute buffer size is  89.2090 MiB, matches expectation of  89.2090 MiB
~llama_context: Vulkan_Host compute buffer size is   3.6377 MiB, matches expectation of   3.6377 MiB
~llama_context:    Vulkan0 compute buffer size is  93.7969 MiB, matches expectation of  93.7969 MiB
~llama_context: Vulkan_Host compute buffer size is   3.8225 MiB, matches expectation of   3.8225 MiB
~llama_context:    Vulkan0 compute buffer size is  91.7578 MiB, matches expectation of  91.7578 MiB
~llama_context: Vulkan_Host compute buffer size is   3.6992 MiB, matches expectation of   3.6992 MiB
~llama_context:    Vulkan0 compute buffer size is  88.6992 MiB, matches expectation of  88.6992 MiB
~llama_context: Vulkan_Host compute buffer size is   3.5758 MiB, matches expectation of   3.5758 MiB
~llama_context:    Vulkan0 compute buffer size is  88.1895 MiB, matches expectation of  88.1895 MiB
~llama_context: Vulkan_Host compute buffer size is   3.5758 MiB, matches expectation of   3.5758 MiB
~llama_context:    Vulkan0 compute buffer size is  84.6211 MiB, matches expectation of  84.6211 MiB
~llama_context: Vulkan_Host compute buffer size is   3.4525 MiB, matches expectation of   3.4525 MiB
~llama_context:    Vulkan0 compute buffer size is  91.2480 MiB, matches expectation of  91.2480 MiB
~llama_context: Vulkan_Host compute buffer size is   3.6992 MiB, matches expectation of   3.6992 MiB
~llama_context:    Vulkan0 compute buffer size is  92.2676 MiB, matches expectation of  92.2676 MiB
~llama_context: Vulkan_Host compute buffer size is   3.7608 MiB, matches expectation of   3.7608 MiB
~llama_context:    Vulkan0 compute buffer size is  87.6797 MiB, matches expectation of  87.6797 MiB
~llama_context: Vulkan_Host compute buffer size is   3.5758 MiB, matches expectation of   3.5758 MiB
### quality — Spark-X2.5-4B-Q8_0.gguf

- generated: 2026-09-20T10:57:10Z
- host: Linux-7.2.4-ogc3.1.fc44.x86_64-x86_64-with-glibc2.41 · cpus 24 · cgroup quota 2.0
- config: backend=vulkan runs=5 threads=4
- reproduce: `uv run ggufone bench --suite quality --model /var/home/rybens/.hermes/models/Spark-X2.5-4B-Q8_0.gguf --backend vulkan --runs 5 --threads 4 --items 60 --cue json_instructed --json`
- wall: 24.4 s
- engine devices: Vulkan0=60 · Vulkan_Host=60 (compute buffers) · effective backend: vulkan
- framing: chat-template: spark2_5 / internal · prefix tokens: 86, 88, 89, 91, 92, 93, 94, 95, 96, 97, 98, 99, 100, 101, 102, 103, 104, 105, 106, 107, 109, 111, 115, 123
- prompt policy: cue=json_instructed

**exact-match agreement**

| type | n | correct | agreement | 95% CI |
|---|---|---|---|---|
| choice | 24 | 21 | 0.8750 | 0.6900 – 0.9566 |
| noul | 18 | 17 | 0.9444 | 0.7424 – 0.9901 |
| score | 18 | 13 | 0.7222 | 0.4913 – 0.8750 |
| overall | 60 | 51 | 0.8500 | 0.7389 – 0.9190 |

**cue verdicts**

| item | type | cue top token | top-token mass | verdict |
|---|---|---|---|---|
| c01 | choice | `token 97` | 0.8743 | ok |
| c02 | choice | `token 79` | 0.9874 | ok |
| c03 | choice | `token 76495` | 0.9997 | ok |
| c04 | choice | `token 33850` | 0.8280 | ok |
| c05 | choice | `token 113210` | 0.9977 | ok |
| c06 | choice | `token 80395` | 0.9745 | ok |
| c07 | choice | `token 29361` | 0.9996 | ok |
| c08 | choice | `token 93058` | 0.7543 | ok |
| c09 | choice | `token 1117` | 0.9999 | ok |
| c10 | choice | `token 9914` | 0.9999 | ok |
| c11 | choice | `token 1301` | 1.0000 | ok |
| c12 | choice | `token 13008` | 0.9991 | ok |
| c13 | choice | `token 16972` | 0.9997 | ok |
| c14 | choice | `token 16989` | 0.9998 | ok |
| c15 | choice | `token 21219` | 0.9998 | ok |
| c16 | choice | `token 625` | 1.0000 | ok |
| c17 | choice | `token 27075` | 0.7473 | ok |
| c18 | choice | `token 2297` | 0.7410 | ok |
| c19 | choice | `token 60672` | 0.9984 | ok |
| c20 | choice | `token 82613` | 0.9998 | ok |
| c21 | choice | `token 100` | 0.4814 | ok |
| c22 | choice | `token 96` | 0.9999 | ok |
| c23 | choice | `token 64686` | 1.0000 | ok |
| c24 | choice | `token 6693` | 1.0000 | ok |
| s01 | score | `token 32` | 0.5372 | ok |
| s02 | score | `token 30` | 0.7904 | ok |
| s03 | score | `token 33` | 0.8674 | ok |
| s04 | score | `token 32` | 0.5937 | ok |
| s05 | score | `token 29` | 0.4435 | ok |
| s06 | score | `token 32` | 0.8467 | ok |
| s07 | score | `token 30` | 0.7103 | ok |
| s08 | score | `token 25978` | 0.5216 | ok |
| s09 | score | `token 30` | 0.9804 | ok |
| s10 | score | `token 32` | 0.6425 | ok |
| s11 | score | `token 32` | 0.5627 | ok |
| s12 | score | `token 32` | 0.9081 | ok |
| s13 | score | `token 29` | 0.6831 | ok |
| s14 | score | `token 30` | 0.5654 | ok |
| s15 | score | `token 31` | 0.8754 | ok |
| s16 | score | `token 29` | 0.8141 | ok |
| s17 | score | `token 31` | 0.5333 | ok |
| s18 | score | `token 29` | 0.9985 | ok |
| n01 | noul | `token 4244` | 0.9962 | ok |
| n02 | noul | `token 4244` | 0.9566 | ok |
| n03 | noul | `token 4244` | 0.9925 | ok |
| n04 | noul | `token 4244` | 0.9988 | ok |
| n05 | noul | `token 4244` | 0.9946 | ok |
| n06 | noul | `token 1643` | 0.9547 | ok |
| n07 | noul | `token 4244` | 0.9809 | ok |
| n08 | noul | `token 4244` | 0.5187 | ok |
| n09 | noul | `token 1643` | 0.9994 | ok |
| n10 | noul | `token 4244` | 0.9914 | ok |
| n11 | noul | `token 4244` | 0.8413 | ok |
| n12 | noul | `token 1643` | 0.9999 | ok |
| n13 | noul | `token 4244` | 0.9741 | ok |
| n14 | noul | `token 1643` | 1.0000 | ok |
| n15 | noul | `token 4244` | 0.8418 | ok |
| n16 | noul | `token 1643` | 0.9924 | ok |
| n17 | noul | `token 1643` | 0.9999 | ok |
| n18 | noul | `token 4244` | 0.9901 | ok |

- agreement = the highest-probability candidate equals the gold candidate (the discrete decision), measured per question type and overall with 95% Wilson intervals; report-only in v1 (SPEC S-11).

report: .e3e/bench_json_instructed_answer_sheet.json

