load_backend: loaded RPC backend from /var/home/rybens/.local/share/ggufone/runtime/b11026-linux-x64-vulkan/libggml-rpc.so
ggml_vulkan: Found 1 Vulkan devices:
ggml_vulkan: 0 = NVIDIA GeForce RTX 3060 Ti (NVIDIA) | uma: 0 | fp16: 1 | bf16: 1 | fp4: 0 | warp size: 32 | shared memory: 49152 | int dot: 1 | matrix cores: NV_coopmat2
load_backend: loaded Vulkan backend from /var/home/rybens/.local/share/ggufone/runtime/b11026-linux-x64-vulkan/libggml-vulkan.so
load_backend: loaded CPU backend from /var/home/rybens/.local/share/ggufone/runtime/b11026-linux-x64-vulkan/libggml-cpu-haswell.so
~llama_context:    Vulkan0 compute buffer size is 108.5801 MiB, matches expectation of 108.5801 MiB
~llama_context: Vulkan_Host compute buffer size is   4.4184 MiB, matches expectation of   4.4184 MiB
~llama_context:    Vulkan0 compute buffer size is 101.9531 MiB, matches expectation of 101.9531 MiB
~llama_context: Vulkan_Host compute buffer size is   4.1101 MiB, matches expectation of   4.1101 MiB
~llama_context:    Vulkan0 compute buffer size is  99.4043 MiB, matches expectation of  99.4043 MiB
~llama_context: Vulkan_Host compute buffer size is   4.0075 MiB, matches expectation of   4.0075 MiB
~llama_context:    Vulkan0 compute buffer size is  99.9141 MiB, matches expectation of  99.9141 MiB
~llama_context: Vulkan_Host compute buffer size is   4.1101 MiB, matches expectation of   4.1101 MiB
~llama_context:    Vulkan0 compute buffer size is  93.7969 MiB, matches expectation of  93.7969 MiB
~llama_context: Vulkan_Host compute buffer size is   3.8020 MiB, matches expectation of   3.8020 MiB
~llama_context:    Vulkan0 compute buffer size is  93.2871 MiB, matches expectation of  93.2871 MiB
~llama_context: Vulkan_Host compute buffer size is   3.8020 MiB, matches expectation of   3.8020 MiB
~llama_context:    Vulkan0 compute buffer size is  94.8164 MiB, matches expectation of  94.8164 MiB
~llama_context: Vulkan_Host compute buffer size is   3.9046 MiB, matches expectation of   3.9046 MiB
~llama_context:    Vulkan0 compute buffer size is 106.0312 MiB, matches expectation of 106.0312 MiB
~llama_context: Vulkan_Host compute buffer size is   4.3158 MiB, matches expectation of   4.3158 MiB
~llama_context:    Vulkan0 compute buffer size is  95.3262 MiB, matches expectation of  95.3262 MiB
~llama_context: Vulkan_Host compute buffer size is   3.9046 MiB, matches expectation of   3.9046 MiB
~llama_context:    Vulkan0 compute buffer size is  96.8555 MiB, matches expectation of  96.8555 MiB
~llama_context: Vulkan_Host compute buffer size is   3.9046 MiB, matches expectation of   3.9046 MiB
~llama_context:    Vulkan0 compute buffer size is 101.4434 MiB, matches expectation of 101.4434 MiB
~llama_context: Vulkan_Host compute buffer size is   4.1101 MiB, matches expectation of   4.1101 MiB
~llama_context:    Vulkan0 compute buffer size is  97.8750 MiB, matches expectation of  97.8750 MiB
~llama_context: Vulkan_Host compute buffer size is   4.0075 MiB, matches expectation of   4.0075 MiB
~llama_context:    Vulkan0 compute buffer size is  95.8359 MiB, matches expectation of  95.8359 MiB
~llama_context: Vulkan_Host compute buffer size is   3.9046 MiB, matches expectation of   3.9046 MiB
~llama_context:    Vulkan0 compute buffer size is 102.9727 MiB, matches expectation of 102.9727 MiB
~llama_context: Vulkan_Host compute buffer size is   4.2129 MiB, matches expectation of   4.2129 MiB
~llama_context:    Vulkan0 compute buffer size is  93.7969 MiB, matches expectation of  93.7969 MiB
~llama_context: Vulkan_Host compute buffer size is   3.8020 MiB, matches expectation of   3.8020 MiB
~llama_context:    Vulkan0 compute buffer size is  92.2676 MiB, matches expectation of  92.2676 MiB
~llama_context: Vulkan_Host compute buffer size is   3.8020 MiB, matches expectation of   3.8020 MiB
~llama_context:    Vulkan0 compute buffer size is 108.0703 MiB, matches expectation of 108.0703 MiB
~llama_context: Vulkan_Host compute buffer size is   4.4184 MiB, matches expectation of   4.4184 MiB
~llama_context:    Vulkan0 compute buffer size is  96.3457 MiB, matches expectation of  96.3457 MiB
~llama_context: Vulkan_Host compute buffer size is   3.9046 MiB, matches expectation of   3.9046 MiB
~llama_context:    Vulkan0 compute buffer size is  95.8359 MiB, matches expectation of  95.8359 MiB
~llama_context: Vulkan_Host compute buffer size is   3.9046 MiB, matches expectation of   3.9046 MiB
~llama_context:    Vulkan0 compute buffer size is 103.9922 MiB, matches expectation of 103.9922 MiB
~llama_context: Vulkan_Host compute buffer size is   4.2129 MiB, matches expectation of   4.2129 MiB
~llama_context:    Vulkan0 compute buffer size is  97.8750 MiB, matches expectation of  97.8750 MiB
~llama_context: Vulkan_Host compute buffer size is   4.0075 MiB, matches expectation of   4.0075 MiB
~llama_context:    Vulkan0 compute buffer size is 100.4238 MiB, matches expectation of 100.4238 MiB
~llama_context: Vulkan_Host compute buffer size is   4.1101 MiB, matches expectation of   4.1101 MiB
~llama_context:    Vulkan0 compute buffer size is  94.8164 MiB, matches expectation of  94.8164 MiB
~llama_context: Vulkan_Host compute buffer size is   3.9046 MiB, matches expectation of   3.9046 MiB
~llama_context:    Vulkan0 compute buffer size is  97.8750 MiB, matches expectation of  97.8750 MiB
~llama_context: Vulkan_Host compute buffer size is   4.0075 MiB, matches expectation of   4.0075 MiB
~llama_context:    Vulkan0 compute buffer size is  92.2676 MiB, matches expectation of  92.2676 MiB
~llama_context: Vulkan_Host compute buffer size is   3.8225 MiB, matches expectation of   3.8225 MiB
~llama_context:    Vulkan0 compute buffer size is  89.2090 MiB, matches expectation of  89.2090 MiB
~llama_context: Vulkan_Host compute buffer size is   3.5963 MiB, matches expectation of   3.5963 MiB
~llama_context:    Vulkan0 compute buffer size is  93.2871 MiB, matches expectation of  93.2871 MiB
~llama_context: Vulkan_Host compute buffer size is   3.8225 MiB, matches expectation of   3.8225 MiB
~llama_context:    Vulkan0 compute buffer size is  93.2871 MiB, matches expectation of  93.2871 MiB
~llama_context: Vulkan_Host compute buffer size is   3.8225 MiB, matches expectation of   3.8225 MiB
~llama_context:    Vulkan0 compute buffer size is  87.6797 MiB, matches expectation of  87.6797 MiB
~llama_context: Vulkan_Host compute buffer size is   3.5758 MiB, matches expectation of   3.5758 MiB
~llama_context:    Vulkan0 compute buffer size is  91.2480 MiB, matches expectation of  91.2480 MiB
~llama_context: Vulkan_Host compute buffer size is   3.6992 MiB, matches expectation of   3.6992 MiB
~llama_context:    Vulkan0 compute buffer size is  95.8359 MiB, matches expectation of  95.8359 MiB
~llama_context: Vulkan_Host compute buffer size is   3.9046 MiB, matches expectation of   3.9046 MiB
~llama_context:    Vulkan0 compute buffer size is  92.2676 MiB, matches expectation of  92.2676 MiB
~llama_context: Vulkan_Host compute buffer size is   3.8225 MiB, matches expectation of   3.8225 MiB
~llama_context:    Vulkan0 compute buffer size is  92.2676 MiB, matches expectation of  92.2676 MiB
~llama_context: Vulkan_Host compute buffer size is   3.8020 MiB, matches expectation of   3.8020 MiB
~llama_context:    Vulkan0 compute buffer size is  91.7578 MiB, matches expectation of  91.7578 MiB
~llama_context: Vulkan_Host compute buffer size is   3.6992 MiB, matches expectation of   3.6992 MiB
~llama_context:    Vulkan0 compute buffer size is  90.7383 MiB, matches expectation of  90.7383 MiB
~llama_context: Vulkan_Host compute buffer size is   3.6992 MiB, matches expectation of   3.6992 MiB
~llama_context:    Vulkan0 compute buffer size is  91.2480 MiB, matches expectation of  91.2480 MiB
~llama_context: Vulkan_Host compute buffer size is   3.6992 MiB, matches expectation of   3.6992 MiB
~llama_context:    Vulkan0 compute buffer size is  86.1504 MiB, matches expectation of  86.1504 MiB
~llama_context: Vulkan_Host compute buffer size is   3.5348 MiB, matches expectation of   3.5348 MiB
~llama_context:    Vulkan0 compute buffer size is  86.1504 MiB, matches expectation of  86.1504 MiB
~llama_context: Vulkan_Host compute buffer size is   3.4937 MiB, matches expectation of   3.4937 MiB
~llama_context:    Vulkan0 compute buffer size is  86.6602 MiB, matches expectation of  86.6602 MiB
~llama_context: Vulkan_Host compute buffer size is   3.4937 MiB, matches expectation of   3.4937 MiB
~llama_context:    Vulkan0 compute buffer size is  88.6992 MiB, matches expectation of  88.6992 MiB
~llama_context: Vulkan_Host compute buffer size is   3.5963 MiB, matches expectation of   3.5963 MiB
~llama_context:    Vulkan0 compute buffer size is  84.1113 MiB, matches expectation of  84.1113 MiB
~llama_context: Vulkan_Host compute buffer size is   3.3910 MiB, matches expectation of   3.3910 MiB
~llama_context:    Vulkan0 compute buffer size is  86.1504 MiB, matches expectation of  86.1504 MiB
~llama_context: Vulkan_Host compute buffer size is   3.4937 MiB, matches expectation of   3.4937 MiB
~llama_context:    Vulkan0 compute buffer size is  88.1895 MiB, matches expectation of  88.1895 MiB
~llama_context: Vulkan_Host compute buffer size is   3.5758 MiB, matches expectation of   3.5758 MiB
~llama_context:    Vulkan0 compute buffer size is  90.2285 MiB, matches expectation of  90.2285 MiB
~llama_context: Vulkan_Host compute buffer size is   3.6377 MiB, matches expectation of   3.6377 MiB
~llama_context:    Vulkan0 compute buffer size is  88.1895 MiB, matches expectation of  88.1895 MiB
~llama_context: Vulkan_Host compute buffer size is   3.5758 MiB, matches expectation of   3.5758 MiB
~llama_context:    Vulkan0 compute buffer size is  84.1113 MiB, matches expectation of  84.1113 MiB
~llama_context: Vulkan_Host compute buffer size is   3.3910 MiB, matches expectation of   3.3910 MiB
~llama_context:    Vulkan0 compute buffer size is  87.6797 MiB, matches expectation of  87.6797 MiB
~llama_context: Vulkan_Host compute buffer size is   3.5758 MiB, matches expectation of   3.5758 MiB
~llama_context:    Vulkan0 compute buffer size is  87.6797 MiB, matches expectation of  87.6797 MiB
~llama_context: Vulkan_Host compute buffer size is   3.5758 MiB, matches expectation of   3.5758 MiB
~llama_context:    Vulkan0 compute buffer size is  85.6406 MiB, matches expectation of  85.6406 MiB
~llama_context: Vulkan_Host compute buffer size is   3.4525 MiB, matches expectation of   3.4525 MiB
~llama_context:    Vulkan0 compute buffer size is  84.6211 MiB, matches expectation of  84.6211 MiB
~llama_context: Vulkan_Host compute buffer size is   3.4525 MiB, matches expectation of   3.4525 MiB
~llama_context:    Vulkan0 compute buffer size is  86.1504 MiB, matches expectation of  86.1504 MiB
~llama_context: Vulkan_Host compute buffer size is   3.5143 MiB, matches expectation of   3.5143 MiB
~llama_context:    Vulkan0 compute buffer size is  84.6211 MiB, matches expectation of  84.6211 MiB
~llama_context: Vulkan_Host compute buffer size is   3.4525 MiB, matches expectation of   3.4525 MiB
~llama_context:    Vulkan0 compute buffer size is  89.2090 MiB, matches expectation of  89.2090 MiB
~llama_context: Vulkan_Host compute buffer size is   3.6377 MiB, matches expectation of   3.6377 MiB
~llama_context:    Vulkan0 compute buffer size is  87.1699 MiB, matches expectation of  87.1699 MiB
~llama_context: Vulkan_Host compute buffer size is   3.5143 MiB, matches expectation of   3.5143 MiB
~llama_context:    Vulkan0 compute buffer size is  84.1113 MiB, matches expectation of  84.1113 MiB
~llama_context: Vulkan_Host compute buffer size is   3.3910 MiB, matches expectation of   3.3910 MiB
~llama_context:    Vulkan0 compute buffer size is  83.6016 MiB, matches expectation of  83.6016 MiB
~llama_context: Vulkan_Host compute buffer size is   3.3910 MiB, matches expectation of   3.3910 MiB
~llama_context:    Vulkan0 compute buffer size is  80.0332 MiB, matches expectation of  80.0332 MiB
~llama_context: Vulkan_Host compute buffer size is   3.2675 MiB, matches expectation of   3.2675 MiB
~llama_context:    Vulkan0 compute buffer size is  86.6602 MiB, matches expectation of  86.6602 MiB
~llama_context: Vulkan_Host compute buffer size is   3.5143 MiB, matches expectation of   3.5143 MiB
~llama_context:    Vulkan0 compute buffer size is  87.6797 MiB, matches expectation of  87.6797 MiB
~llama_context: Vulkan_Host compute buffer size is   3.5758 MiB, matches expectation of   3.5758 MiB
~llama_context:    Vulkan0 compute buffer size is  83.0918 MiB, matches expectation of  83.0918 MiB
~llama_context: Vulkan_Host compute buffer size is   3.3910 MiB, matches expectation of   3.3910 MiB
### quality — Spark-X2.5-4B-Q8_0.gguf

- generated: 2026-09-20T10:55:44Z
- host: Linux-7.2.4-ogc3.1.fc44.x86_64-x86_64-with-glibc2.41 · cpus 24 · cgroup quota 2.0
- config: backend=vulkan runs=5 threads=4
- reproduce: `uv run ggufone bench --suite quality --model /var/home/rybens/.hermes/models/Spark-X2.5-4B-Q8_0.gguf --backend vulkan --runs 5 --threads 4 --items 60 --chat-format role_split --json`
- wall: 27.5 s
- engine devices: Vulkan0=60 · Vulkan_Host=60 (compute buffers) · effective backend: vulkan
- framing: chat-template: spark2_5 / internal · prefix tokens: 78, 80, 81, 83, 84, 85, 86, 87, 88, 89, 90, 91, 92, 93, 94, 95, 96, 97, 98, 99, 101, 103, 107, 115
- prompt policy: chat_format=role_split (question in a user turn)

**exact-match agreement**

| type | n | correct | agreement | 95% CI |
|---|---|---|---|---|
| choice | 24 | 22 | 0.9167 | 0.7415 – 0.9768 |
| noul | 18 | 17 | 0.9444 | 0.7424 – 0.9901 |
| score | 18 | 11 | 0.6111 | 0.3862 – 0.7970 |
| overall | 60 | 50 | 0.8333 | 0.7197 – 0.9069 |

**cue verdicts**

| item | type | cue top token | top-token mass | verdict |
|---|---|---|---|---|
| c01 | choice | `token 97` | 0.9014 | ok |
| c02 | choice | `token 79` | 0.9982 | ok |
| c03 | choice | `token 76495` | 0.9982 | ok |
| c04 | choice | `token 33850` | 0.7643 | ok |
| c05 | choice | `token 113210` | 0.9974 | ok |
| c06 | choice | `token 80395` | 0.7886 | ok |
| c07 | choice | `token 29361` | 0.9687 | ok |
| c08 | choice | `token 93058` | 0.9982 | ok |
| c09 | choice | `token 1117` | 0.9968 | ok |
| c10 | choice | `token 9914` | 0.9976 | ok |
| c11 | choice | `token 1301` | 0.9996 | ok |
| c12 | choice | `token 13008` | 0.9698 | ok |
| c13 | choice | `token 16972` | 0.9996 | ok |
| c14 | choice | `token 16989` | 0.9988 | ok |
| c15 | choice | `token 21219` | 0.9989 | ok |
| c16 | choice | `token 625` | 0.9994 | ok |
| c17 | choice | `token 27075` | 0.9514 | ok |
| c18 | choice | `token 3428` | 0.7361 | ok |
| c19 | choice | `token 60672` | 0.9854 | ok |
| c20 | choice | `token 82613` | 0.9757 | ok |
| c21 | choice | `token 100` | 0.9517 | ok |
| c22 | choice | `token 96` | 0.9613 | ok |
| c23 | choice | `token 64686` | 0.9777 | ok |
| c24 | choice | `token 6693` | 0.9969 | ok |
| s01 | score | `token 32` | 0.8526 | ok |
| s02 | score | `token 30` | 0.6755 | ok |
| s03 | score | `token 33` | 0.5071 | ok |
| s04 | score | `token 32` | 0.5764 | ok |
| s05 | score | `token 30` | 0.5920 | ok |
| s06 | score | `token 32` | 0.9544 | ok |
| s07 | score | `token 30` | 0.5459 | ok |
| s08 | score | `token 31` | 0.3807 | ok |
| s09 | score | `token 30` | 0.9988 | ok |
| s10 | score | `token 32` | 0.7325 | ok |
| s11 | score | `token 32` | 0.7092 | ok |
| s12 | score | `token 32` | 0.8229 | ok |
| s13 | score | `token 31` | 0.6139 | ok |
| s14 | score | `token 30` | 0.5188 | ok |
| s15 | score | `token 31` | 0.6150 | ok |
| s16 | score | `token 29` | 0.5903 | ok |
| s17 | score | `token 31` | 0.7083 | ok |
| s18 | score | `token 29` | 0.9472 | ok |
| n01 | noul | `token 4244` | 0.9977 | ok |
| n02 | noul | `token 4244` | 0.9871 | ok |
| n03 | noul | `token 4244` | 0.9769 | ok |
| n04 | noul | `token 4244` | 0.9997 | ok |
| n05 | noul | `token 4244` | 0.9995 | ok |
| n06 | noul | `token 1643` | 0.9012 | ok |
| n07 | noul | `token 4244` | 0.9212 | ok |
| n08 | noul | `token 4244` | 0.9391 | ok |
| n09 | noul | `token 1643` | 0.9994 | ok |
| n10 | noul | `token 4244` | 0.7811 | ok |
| n11 | noul | `token 4244` | 0.9897 | ok |
| n12 | noul | `token 1643` | 0.9999 | ok |
| n13 | noul | `token 4244` | 0.9896 | ok |
| n14 | noul | `token 1643` | 0.9999 | ok |
| n15 | noul | `token 4244` | 0.9231 | ok |
| n16 | noul | `token 1643` | 0.8281 | ok |
| n17 | noul | `token 1643` | 0.9825 | ok |
| n18 | noul | `token 4244` | 0.9959 | ok |

- agreement = the highest-probability candidate equals the gold candidate (the discrete decision), measured per question type and overall with 95% Wilson intervals; report-only in v1 (SPEC S-11).

report: .e3e/bench_shipped_role_split.json

