{
  "schema": "ggufone.bench/v1",
  "suite": "latency",
  "generated_at": "2026-09-18T11:08:40Z",
  "host": {
    "platform": "Linux-7.2.4-ogc3.1.fc44.x86_64-x86_64-with-glibc2.41",
    "python": "3.11.15",
    "cpu_count": 24,
    "machine": "x86_64",
    "cgroup_cpu_max": 2.0,
    "cgroup_memory_bytes": 8589934592
  },
  "config": {
    "suite": "latency",
    "model_path": "/var/home/rybens/.hermes/models/Spark-X2.5-4B-Q8_0.gguf",
    "backend": "auto",
    "runs": 1,
    "threads": 4,
    "devset": null,
    "items": null,
    "n_seq_max": null,
    "kv_type": "auto",
    "gpu_layers": null,
    "n_bins": 10,
    "prefill_sizes": [
      256
    ],
    "candidate_counts": [
      2,
      4,
      10
    ],
    "wave_scaling": [
      1,
      2,
      3,
      4,
      5,
      6,
      7,
      8,
      9,
      10,
      11,
      12,
      13,
      14,
      15,
      16
    ],
    "parts": [],
    "home": null
  },
  "model": {
    "path": "/var/home/rybens/.hermes/models/Spark-X2.5-4B-Q8_0.gguf",
    "name": "Spark-X2.5-4B-Q8_0.gguf",
    "bytes": 4375021152,
    "arch": "spark2_5"
  },
  "notes": [
    "`waves` counts the decode batches a decision takes after the prefill (here: 1 suffix decode per question group + 1 per extra candidate token); five single-token candidates in one question are 1 wave, not ceil(5 / n_seq_max): {'groups': 1, 'suffix_decodes': 1, 'step_decodes': 1, 'waves': 2}.",
    "every measured call reports `prefill_reused: true` once the prefix state cache is warm, which is why the decision tables isolate the question phase."
  ],
  "commands": {
    "reproduce": "uv run ggufone bench --suite latency --model /var/home/rybens/.hermes/models/Spark-X2.5-4B-Q8_0.gguf --backend auto --runs 1 --threads 4 --json"
  },
  "model_load": {
    "n": 1,
    "min": 738.2653820022824,
    "p50": 738.2653820022824,
    "p95": 738.2653820022824,
    "max": 738.2653820022824,
    "mean": 738.2653820022824
  },
  "prefill": [
    {
      "tokens": 256,
      "ms": {
        "n": 1,
        "min": 23222.646041998814,
        "p50": 23222.646041998814,
        "p95": 23222.646041998814,
        "max": 23222.646041998814,
        "mean": 23222.646041998814
      },
      "tok_per_s": {
        "n": 1,
        "min": 11.02372225529411,
        "p50": 11.02372225529411,
        "p95": 11.02372225529411,
        "max": 11.02372225529411,
        "mean": 11.02372225529411
      },
      "threads": 4,
      "backend": "cpu"
    }
  ],
  "per_question": [
    {
      "candidates": 2,
      "ms": {
        "n": 1,
        "min": 4244.292081999447,
        "p50": 4244.292081999447,
        "p95": 4244.292081999447,
        "max": 4244.292081999447,
        "mean": 4244.292081999447
      },
      "total_ms": {
        "n": 1,
        "min": 4256.632663000346,
        "p50": 4256.632663000346,
        "p95": 4256.632663000346,
        "max": 4256.632663000346,
        "mean": 4256.632663000346
      },
      "waves": 2,
      "forks": 2,
      "decode_steps": 4,
      "prefix_tokens": null,
      "n_seq_max": 3,
      "threads": 4,
      "backend": "cpu",
      "prefill_reused": true
    },
    {
      "candidates": 4,
      "ms": {
        "n": 1,
        "min": 5786.383616999956,
        "p50": 5786.383616999956,
        "p95": 5786.383616999956,
        "max": 5786.383616999956,
        "mean": 5786.383616999956
      },
      "total_ms": {
        "n": 1,
        "min": 5802.236161998735,
        "p50": 5802.236161998735,
        "p95": 5802.236161998735,
        "max": 5802.236161998735,
        "mean": 5802.236161998735
      },
      "waves": 2,
      "forks": 4,
      "decode_steps": 8,
      "prefix_tokens": null,
      "n_seq_max": 5,
      "threads": 4,
      "backend": "cpu",
      "prefill_reused": true
    },
    {
      "candidates": 10,
      "ms": {
        "n": 1,
        "min": 9685.071914002037,
        "p50": 9685.071914002037,
        "p95": 9685.071914002037,
        "max": 9685.071914002037,
        "mean": 9685.071914002037
      },
      "total_ms": {
        "n": 1,
        "min": 9699.848639000265,
        "p50": 9699.848639000265,
        "p95": 9699.848639000265,
        "max": 9699.848639000265,
        "mean": 9699.848639000265
      },
      "waves": 2,
      "forks": 10,
      "decode_steps": 20,
      "prefix_tokens": null,
      "n_seq_max": 11,
      "threads": 4,
      "backend": "cpu",
      "prefill_reused": true
    }
  ],
  "wave_scaling": [
    {
      "questions": 1,
      "ms": {
        "n": 1,
        "min": 5689.337609001086,
        "p50": 5689.337609001086,
        "p95": 5689.337609001086,
        "max": 5689.337609001086,
        "mean": 5689.337609001086
      },
      "waves": 1,
      "forks": 2,
      "decode_steps": 2,
      "ms_per_question": 5689.337609001086,
      "n_seq_max": 4,
      "threads": 4,
      "backend": "cpu"
    },
    {
      "questions": 2,
      "ms": {
        "n": 1,
        "min": 11800.408308998158,
        "p50": 11800.408308998158,
        "p95": 11800.408308998158,
        "max": 11800.408308998158,
        "mean": 11800.408308998158
      },
      "waves": 2,
      "forks": 4,
      "decode_steps": 4,
      "ms_per_question": 5900.204154499079,
      "n_seq_max": 4,
      "threads": 4,
      "backend": "cpu"
    },
    {
      "questions": 3,
      "ms": {
        "n": 1,
        "min": 11658.261139000388,
        "p50": 11658.261139000388,
        "p95": 11658.261139000388,
        "max": 11658.261139000388,
        "mean": 11658.261139000388
      },
      "waves": 3,
      "forks": 6,
      "decode_steps": 6,
      "ms_per_question": 3886.0870463334627,
      "n_seq_max": 4,
      "threads": 4,
      "backend": "cpu"
    },
    {
      "questions": 4,
      "ms": {
        "n": 1,
        "min": 19908.418344999518,
        "p50": 19908.418344999518,
        "p95": 19908.418344999518,
        "max": 19908.418344999518,
        "mean": 19908.418344999518
      },
      "waves": 4,
      "forks": 8,
      "decode_steps": 8,
      "ms_per_question": 4977.1045862498795,
      "n_seq_max": 4,
      "threads": 4,
      "backend": "cpu"
    },
    {
      "questions": 5,
      "ms": {
        "n": 1,
        "min": 50015.32419000068,
        "p50": 50015.32419000068,
        "p95": 50015.32419000068,
        "max": 50015.32419000068,
        "mean": 50015.32419000068
      },
      "waves": 5,
      "forks": 10,
      "decode_steps": 10,
      "ms_per_question": 10003.064838000137,
      "n_seq_max": 4,
      "threads": 4,
      "backend": "cpu"
    },
    {
      "questions": 6,
      "ms": {
        "n": 1,
        "min": 65664.50830900067,
        "p50": 65664.50830900067,
        "p95": 65664.50830900067,
        "max": 65664.50830900067,
        "mean": 65664.50830900067
      },
      "waves": 6,
      "forks": 12,
      "decode_steps": 12,
      "ms_per_question": 10944.084718166778,
      "n_seq_max": 4,
      "threads": 4,
      "backend": "cpu"
    },
    {
      "questions": 7,
      "ms": {
        "n": 1,
        "min": 182308.44570699992,
        "p50": 182308.44570699992,
        "p95": 182308.44570699992,
        "max": 182308.44570699992,
        "mean": 182308.44570699992
      },
      "waves": 7,
      "forks": 14,
      "decode_steps": 14,
      "ms_per_question": 26044.06367242856,
      "n_seq_max": 4,
      "threads": 4,
      "backend": "cpu"
    },
    {
      "questions": 8,
      "ms": {
        "n": 1,
        "min": 82550.47825400106,
        "p50": 82550.47825400106,
        "p95": 82550.47825400106,
        "max": 82550.47825400106,
        "mean": 82550.47825400106
      },
      "waves": 8,
      "forks": 16,
      "decode_steps": 16,
      "ms_per_question": 10318.809781750133,
      "n_seq_max": 4,
      "threads": 4,
      "backend": "cpu"
    },
    {
      "questions": 9,
      "ms": {
        "n": 1,
        "min": 91983.7681129975,
        "p50": 91983.7681129975,
        "p95": 91983.7681129975,
        "max": 91983.7681129975,
        "mean": 91983.7681129975
      },
      "waves": 9,
      "forks": 18,
      "decode_steps": 18,
      "ms_per_question": 10220.418679221944,
      "n_seq_max": 4,
      "threads": 4,
      "backend": "cpu"
    },
    {
      "questions": 10,
      "ms": {
        "n": 1,
        "min": 28250.639976999082,
        "p50": 28250.639976999082,
        "p95": 28250.639976999082,
        "max": 28250.639976999082,
        "mean": 28250.639976999082
      },
      "waves": 10,
      "forks": 20,
      "decode_steps": 20,
      "ms_per_question": 2825.063997699908,
      "n_seq_max": 4,
      "threads": 4,
      "backend": "cpu"
    },
    {
      "questions": 11,
      "ms": {
        "n": 1,
        "min": 118212.41847099736,
        "p50": 118212.41847099736,
        "p95": 118212.41847099736,
        "max": 118212.41847099736,
        "mean": 118212.41847099736
      },
      "waves": 11,
      "forks": 22,
      "decode_steps": 22,
      "ms_per_question": 10746.583497363397,
      "n_seq_max": 4,
      "threads": 4,
      "backend": "cpu"
    },
    {
      "questions": 12,
      "ms": {
        "n": 1,
        "min": 156615.00794699896,
        "p50": 156615.00794699896,
        "p95": 156615.00794699896,
        "max": 156615.00794699896,
        "mean": 156615.00794699896
      },
      "waves": 12,
      "forks": 24,
      "decode_steps": 24,
      "ms_per_question": 13051.250662249913,
      "n_seq_max": 4,
      "threads": 4,
      "backend": "cpu"
    },
    {
      "questions": 13,
      "ms": {
        "n": 1,
        "min": 60525.47640299963,
        "p50": 60525.47640299963,
        "p95": 60525.47640299963,
        "max": 60525.47640299963,
        "mean": 60525.47640299963
      },
      "waves": 13,
      "forks": 26,
      "decode_steps": 26,
      "ms_per_question": 4655.805877153818,
      "n_seq_max": 4,
      "threads": 4,
      "backend": "cpu"
    },
    {
      "questions": 14,
      "ms": {
        "n": 1,
        "min": 65516.575434001425,
        "p50": 65516.575434001425,
        "p95": 65516.575434001425,
        "max": 65516.575434001425,
        "mean": 65516.575434001425
      },
      "waves": 14,
      "forks": 28,
      "decode_steps": 28,
      "ms_per_question": 4679.7553881429585,
      "n_seq_max": 4,
      "threads": 4,
      "backend": "cpu"
    },
    {
      "questions": 15,
      "ms": {
        "n": 1,
        "min": 85965.87956499934,
        "p50": 85965.87956499934,
        "p95": 85965.87956499934,
        "max": 85965.87956499934,
        "mean": 85965.87956499934
      },
      "waves": 15,
      "forks": 30,
      "decode_steps": 30,
      "ms_per_question": 5731.058637666622,
      "n_seq_max": 4,
      "threads": 4,
      "backend": "cpu"
    },
    {
      "questions": 16,
      "ms": {
        "n": 1,
        "min": 140934.16105000142,
        "p50": 140934.16105000142,
        "p95": 140934.16105000142,
        "max": 140934.16105000142,
        "mean": 140934.16105000142
      },
      "waves": 16,
      "forks": 32,
      "decode_steps": 32,
      "ms_per_question": 8808.385065625089,
      "n_seq_max": 4,
      "threads": 4,
      "backend": "cpu"
    }
  ],
  "warm_cache": {
    "state_id": "bench-warm-prefix",
    "prefill_reused": true,
    "prefill_ms": {
      "n": 1,
      "min": 0.0,
      "p50": 0.0,
      "p95": 0.0,
      "max": 0.0,
      "mean": 0.0
    },
    "questions_ms": {
      "n": 1,
      "min": 12619.710529997974,
      "p50": 12619.710529997974,
      "p95": 12619.710529997974,
      "max": 12619.710529997974,
      "mean": 12619.710529997974
    },
    "backend": "cpu",
    "threads": 4
  },
  "load_amortisation": {
    "calls": 1,
    "model_load_ms": 738.2653820022824,
    "steady_ms_per_request": {
      "n": 1,
      "min": 15486.273632002849,
      "p50": 15486.273632002849,
      "p95": 15486.273632002849,
      "max": 15486.273632002849,
      "mean": 15486.273632002849
    },
    "serve_ms_per_request": 15486.273632002849,
    "one_shot_ms_per_request": 16224.539014005131,
    "saved_ms_per_request": 738.2653820022824,
    "backend": "cpu",
    "threads": 4
  },
  "wave_accounting": {
    "groups": 1,
    "suffix_decodes": 1,
    "step_decodes": 1,
    "waves": 2
  }
}
