{
  "schema": "ggufone.bench/v1",
  "suite": "quality",
  "generated_at": "2026-09-18T13:51:59Z",
  "host": {
    "platform": "Linux-7.2.4-ogc3.1.fc44.x86_64-x86_64-with-glibc2.41",
    "python": "3.11.15",
    "cpu_count": 24,
    "machine": "x86_64",
    "cgroup_cpu_max": 2.0,
    "cgroup_memory_bytes": 8589934592
  },
  "config": {
    "suite": "quality",
    "model_path": "/var/home/rybens/.hermes/models/Spark-X2.5-4B-Q8_0.gguf",
    "backend": "cpu",
    "runs": 1,
    "threads": 4,
    "devset": null,
    "items": 1,
    "n_seq_max": null,
    "kv_type": "auto",
    "gpu_layers": null,
    "n_bins": 10,
    "prefill_sizes": [
      256,
      2048,
      8192
    ],
    "candidate_counts": [
      2,
      4,
      10
    ],
    "wave_scaling": [
      1,
      2,
      3,
      4,
      5,
      6,
      7,
      8,
      9,
      10,
      11,
      12,
      13,
      14,
      15,
      16
    ],
    "parts": [],
    "home": null
  },
  "model": {
    "path": "/var/home/rybens/.hermes/models/Spark-X2.5-4B-Q8_0.gguf",
    "name": "Spark-X2.5-4B-Q8_0.gguf",
    "bytes": 4375021152,
    "arch": "spark2_5"
  },
  "notes": [
    "agreement = the highest-probability candidate equals the gold candidate (the discrete decision), measured per question type and overall with 95% Wilson intervals; report-only in v1 (SPEC S-11)."
  ],
  "commands": {
    "reproduce": "uv run ggufone bench --suite quality --model /var/home/rybens/.hermes/models/Spark-X2.5-4B-Q8_0.gguf --backend cpu --runs 1 --threads 4 --items 1 --json"
  },
  "devset": {
    "path": "/work/e2prov-8d4fc9f/src/ggufone/bench/devset.jsonl",
    "items": 1,
    "counts": {
      "choice": 1
    },
    "provenance": "authored for ggufone E2 (2026-09-18); no vendor evaluation set is reused"
  },
  "items": [
    {
      "id": "c01",
      "type": "choice",
      "expected": "technical",
      "got": "billing",
      "correct": false,
      "confidence": 0.6919797002071131,
      "coverage": 0.03677324001399532,
      "reliability": "low_mass",
      "probabilities": {
        "billing": 0.7689847751553348,
        "technical": 0.11125294773529501,
        "sales": 0.11970672350554913,
        "support": 5.5553603820850974e-05
      },
      "questions_ms": 15855.82094900019,
      "wall_ms": 37968.36788499786
    }
  ],
  "per_type": {
    "choice": {
      "n": 1,
      "correct": 0,
      "agreement": 0.0,
      "ci": [
        0.0,
        0.7934567085261071
      ]
    }
  },
  "overall": {
    "n": 1,
    "correct": 0,
    "agreement": 0.0,
    "ci": [
      0.0,
      0.7934567085261071
    ]
  },
  "ok": true
}
