........................................................................ [  3%]
........................................ssssssss........................ [  7%]
................................................................s....... [ 10%]
........................................................................ [ 14%]
..........................................................s............. [ 18%]
........................................................................ [ 21%]
........................................................................ [ 25%]
..........................................ss............................ [ 29%]
........................................................................ [ 32%]
........................................................................ [ 36%]
........................................................................ [ 40%]
........................................................................ [ 43%]
..................sss..................................................s [ 47%]
ssssss..................................................sssssss.sss..... [ 51%]
..............................................................ss........ [ 54%]
...................ssss................................................. [ 58%]
........................................................................ [ 62%]
......sssssss........................................................... [ 65%]
........................................................................ [ 69%]
..........................s............................................. [ 73%]
........................................................................ [ 76%]
........................................................................ [ 80%]
........s........................................sssss.................. [ 84%]
................................................s....................... [ 87%]
........................................................................ [ 91%]
........................................................................ [ 95%]
......................s...............................ssss.............. [ 98%]
....................                                                     [100%]
1906 passed, 58 skipped in 58.54s
