== tree: /work/t635/committed-head
== HEAD claim: 8938950fac0ba17f21beb2a4fdc44aa1e2bcebee
== pids.current before: 156  mem.current: 8570597376
== focused E3c gates
Using CPython 3.11.15 interpreter at: /usr/local/bin/python3
Creating virtual environment at: .venv
   Building ggufone @ file:///work/t635/committed-head
      Built ggufone @ file:///work/t635/committed-head
Installed 8 packages in 302ms
..........................................................               [100%]
58 passed in 1.18s
focused_exit=0
== full suite (the repo's own gate)
........................................................................ [  5%]
.............................sssssss.................................... [ 11%]
..................................................s..................... [ 17%]
........................................................................ [ 23%]
..................................s..................................... [ 28%]
...............................................................ss....... [ 34%]
........................................................................ [ 40%]
........................................................................ [ 46%]
........................................................................ [ 51%]
...............................sssssss.................................. [ 57%]
................sssssss.ss..........................................ss.. [ 63%]
.....................ssss............................................... [ 69%]
........................................................................ [ 74%]
........................................................................ [ 80%]
........................................................................ [ 86%]
sssss................................................................... [ 92%]
.............................................s.......................... [ 97%]
.....ssss................                                                [100%]
1206 passed, 43 skipped in 117.59s (0:01:57)
full_exit=0
== pids.current after: 160
