load_backend: loaded RPC backend from /home/rybens/.local/share/ggufone/runtime/b11026-linux-x64-vulkan/libggml-rpc.so
ggml_vulkan: Found 1 Vulkan devices:
ggml_vulkan: 0 = NVIDIA GeForce RTX 3060 Ti (NVIDIA) | uma: 0 | fp16: 1 | bf16: 1 | fp4: 0 | warp size: 32 | shared memory: 49152 | int dot: 1 | matrix cores: NV_coopmat2
load_backend: loaded Vulkan backend from /home/rybens/.local/share/ggufone/runtime/b11026-linux-x64-vulkan/libggml-vulkan.so
load_backend: loaded CPU backend from /home/rybens/.local/share/ggufone/runtime/b11026-linux-x64-vulkan/libggml-cpu-haswell.so
~llama_context:    Vulkan0 compute buffer size is 229.8047 MiB, matches expectation of 229.8047 MiB
~llama_context: Vulkan_Host compute buffer size is  21.4873 MiB, matches expectation of  21.4873 MiB
~llama_context:    Vulkan0 compute buffer size is 226.0781 MiB, matches expectation of 226.0781 MiB
~llama_context: Vulkan_Host compute buffer size is  25.7846 MiB, matches expectation of  25.7846 MiB
report: .t7c9/smoke_report.json
placement: .t7c9/smoke_placement.json
### quality — Tiel-Coder-35B-A3B-UD-Q4_K_XL.gguf

- generated: 2026-09-19T20:42:20Z
- host: Linux-7.2.4-ogc3.1.fc44.x86_64-x86_64-with-glibc2.43 · cpus 24 · cgroup quota n/a
- config: backend=vulkan runs=1 threads=4
- reproduce: `uv run ggufone bench --suite quality --model /var/home/rybens/.hermes/models/Tiel-Coder-35B-A3B-UD-Q4_K_XL.gguf --backend vulkan --runs 1 --threads 4 --items 2 --devset docs/evidence/tiel_chunks/devset_001.jsonl --gpu-layers 9 --json`
- wall: 35.1 s
- engine devices: Vulkan0=2 · Vulkan_Host=2 (compute buffers) · effective backend: vulkan
- framing: chat-template: qwen35moe / builtin · prefix tokens: 87, 109

**exact-match agreement**

| type | n | correct | agreement | 95% CI |
|---|---|---|---|---|
| choice | 1 | 0 | 0.0000 | 0.0000 – 0.7935 |
| score | 1 | 0 | 0.0000 | 0.0000 – 0.7935 |
| overall | 2 | 0 | 0.0000 | 0.0000 – 0.6576 |

**cue verdicts**

| item | type | cue top token | top-token mass | verdict |
|---|---|---|---|---|
| c01 | choice | `</think>` | 0.9662 | W_CUE_REFUSED |
| s01 | score | `<|im_end|>` | 0.9068 | W_CUE_REFUSED |

- W_CUE_REFUSED: the cue row's top token is a turn-closer — the model closes the assistant turn instead of answering, so the label mass at that row cannot reach the floor (`readout.reliability` measures it, `docs/TEMPLATES.md` §4 carries the policy).

- agreement = the highest-probability candidate equals the gold candidate (the discrete decision), measured per question type and overall with 95% Wilson intervals; report-only in v1 (SPEC S-11).

