....................................................................E... [ 66%]
.....................................                                    [100%]
==================================== ERRORS ====================================
_ ERROR at setup of test_a_host_that_dies_mid_decision_falls_back_inline_once __

self = <Popen: returncode: None args: ['/workspace/ggufone/.venv/bin/python', '/wor...>

    def delete(self):
        if getattr(self, "returncode", None) is None:
            _note(f"DEL pid={self.pid} returncode={self.returncode} created_in="
                  f"{getattr(self, '_probe_created_in', '?')} collected_during={CURRENT}")
>       original_del(self)

/tmp/leakwatch6.py:46: 
_ _ _ _ _ _ _ _ _ _ _ _ _ _ _ _ _ _ _ _ _ _ _ _ _ _ _ _ _ _ _ _ _ _ _ _ _ _ _ _ 

self = <Popen: returncode: None args: ['/workspace/ggufone/.venv/bin/python', '/wor...>
_maxsize = 9223372036854775807, _warn = <built-in function warn>

    def __del__(self, _maxsize=sys.maxsize, _warn=warnings.warn):
        if not self._child_created:
            # We didn't get to successfully create a child process.
            return
        if self.returncode is None:
            # Not reading subprocess exit status creates a zombie process which
            # is only destroyed at the parent python process exit
>           _warn("subprocess %s is still running" % self.pid,
                  ResourceWarning, source=self)
E           ResourceWarning: subprocess 17906 is still running

/usr/local/lib/python3.11/subprocess.py:1127: ResourceWarning

The above exception was the direct cause of the following exception:

cls = <class '_pytest.runner.CallInfo'>
func = <function call_and_report.<locals>.<lambda> at 0x7f0935e55da0>
when = 'setup'
reraise = (<class '_pytest.outcomes.Exit'>, <class 'KeyboardInterrupt'>)

    @classmethod
    def from_call(
        cls,
        func: Callable[[], TResult],
        when: Literal["collect", "setup", "call", "teardown"],
        reraise: type[BaseException] | tuple[type[BaseException], ...] | None = None,
    ) -> CallInfo[TResult]:
        """Call func, wrapping the result in a CallInfo.
    
        :param func:
            The function to call. Called without arguments.
        :type func: Callable[[], _pytest.runner.TResult]
        :param when:
            The phase in which the function is called.
        :param reraise:
            Exception or exceptions that shall propagate if raised by the
            function, instead of being wrapped in the CallInfo.
        """
        excinfo = None
        instant = timing.Instant()
        try:
>           result: TResult | None = func()
                                     ^^^^^^

.venv/lib/python3.11/site-packages/_pytest/runner.py:361: 
_ _ _ _ _ _ _ _ _ _ _ _ _ _ _ _ _ _ _ _ _ _ _ _ _ _ _ _ _ _ _ _ _ _ _ _ _ _ _ _ 
.venv/lib/python3.11/site-packages/_pytest/runner.py:250: in <lambda>
    lambda: runtest_hook(item=item, **kwds),
            ^^^^^^^^^^^^^^^^^^^^^^^^^^^^^^^
.venv/lib/python3.11/site-packages/pluggy/_hooks.py:512: in __call__
    return self._hookexec(self.name, self._hookimpls.copy(), kwargs, firstresult)
           ^^^^^^^^^^^^^^^^^^^^^^^^^^^^^^^^^^^^^^^^^^^^^^^^^^^^^^^^^^^^^^^^^^^^^^
.venv/lib/python3.11/site-packages/pluggy/_manager.py:120: in _hookexec
    return self._inner_hookexec(hook_name, methods, kwargs, firstresult)
           ^^^^^^^^^^^^^^^^^^^^^^^^^^^^^^^^^^^^^^^^^^^^^^^^^^^^^^^^^^^^^
.venv/lib/python3.11/site-packages/_pytest/logging.py:858: in pytest_runtest_setup
    yield
.venv/lib/python3.11/site-packages/_pytest/capture.py:895: in pytest_runtest_setup
    return (yield)
            ^^^^^
.venv/lib/python3.11/site-packages/_pytest/unraisableexception.py:178: in pytest_runtest_setup
    collect_unraisable(item.config)
.venv/lib/python3.11/site-packages/_pytest/unraisableexception.py:79: in collect_unraisable
    raise errors[0]
_ _ _ _ _ _ _ _ _ _ _ _ _ _ _ _ _ _ _ _ _ _ _ _ _ _ _ _ _ _ _ _ _ _ _ _ _ _ _ _ 

config = <_pytest.config.Config object at 0x7f0936f69210>

    def collect_unraisable(config: Config) -> None:
        pop_unraisable = config.stash[unraisable_exceptions].pop
        errors: list[pytest.PytestUnraisableExceptionWarning | RuntimeError] = []
        meta = None
        hook_error = None
        try:
            while True:
                try:
                    meta = pop_unraisable()
                except IndexError:
                    break
    
                if isinstance(meta, BaseException):
                    hook_error = RuntimeError("Failed to process unraisable exception")
                    hook_error.__cause__ = meta
                    errors.append(hook_error)
                    continue
    
                msg = meta.msg
                try:
>                   warnings.warn(pytest.PytestUnraisableExceptionWarning(msg))
E                   pytest.PytestUnraisableExceptionWarning: Exception ignored in: <function pytest_configure.<locals>.delete at 0x7f0936ede980>
E                   Enable tracemalloc to get traceback where the object was allocated.
E                   See https://docs.pytest.org/en/stable/how-to/capture-warnings.html#resource-warnings for more info.

.venv/lib/python3.11/site-packages/_pytest/unraisableexception.py:67: PytestUnraisableExceptionWarning
=========================== short test summary info ============================
ERROR tests/test_keep_client.py::test_a_host_that_dies_mid_decision_falls_back_inline_once
108 passed, 1 error in 14.13s
