# E3c host run — the four remaining dev chunks (card t_6d2e084d)
#
# One entry per chunk: the stdout+stderr of `tools/e3_reproduce.py --suite quality`
# for that chunk (rendered report + engine log), then the runner's own boundaries.

==============================================================================
chunk 003 — /home/rybens/.e3c_host/run_003.log
==============================================================================
load_backend: loaded RPC backend from /home/rybens/.local/share/ggufone/runtime/b11026-linux-x64-vulkan/libggml-rpc.so
ggml_vulkan: Found 1 Vulkan devices:
ggml_vulkan: 0 = NVIDIA GeForce RTX 3060 Ti (NVIDIA) | uma: 0 | fp16: 1 | bf16: 1 | fp4: 0 | warp size: 32 | shared memory: 49152 | int dot: 1 | matrix cores: NV_coopmat2
load_backend: loaded Vulkan backend from /home/rybens/.local/share/ggufone/runtime/b11026-linux-x64-vulkan/libggml-vulkan.so
load_backend: loaded CPU backend from /home/rybens/.local/share/ggufone/runtime/b11026-linux-x64-vulkan/libggml-cpu-haswell.so
ggml_vulkan: Device memory allocation of size 858988544 failed.
ggml_vulkan: vk::Device::allocateMemory: ErrorOutOfDeviceMemory
~llama_context:    Vulkan0 compute buffer size is 360.6733 MiB, matches expectation of 360.6733 MiB
~llama_context: Vulkan_Host compute buffer size is  12.8925 MiB, matches expectation of  12.8925 MiB
~llama_context:    Vulkan0 compute buffer size is 362.0185 MiB, matches expectation of 362.0185 MiB
~llama_context: Vulkan_Host compute buffer size is  21.4873 MiB, matches expectation of  21.4873 MiB
~llama_context:    Vulkan0 compute buffer size is 359.8356 MiB, matches expectation of 359.8356 MiB
~llama_context: Vulkan_Host compute buffer size is  25.7846 MiB, matches expectation of  25.7846 MiB
~llama_context:    Vulkan0 compute buffer size is 360.6733 MiB, matches expectation of 360.6733 MiB
~llama_context: Vulkan_Host compute buffer size is  12.8925 MiB, matches expectation of  12.8925 MiB
~llama_context:    Vulkan0 compute buffer size is 361.4250 MiB, matches expectation of 361.4250 MiB
~llama_context: Vulkan_Host compute buffer size is  21.4873 MiB, matches expectation of  21.4873 MiB
~llama_context:    Vulkan0 compute buffer size is 361.2272 MiB, matches expectation of 361.2272 MiB
~llama_context: Vulkan_Host compute buffer size is  21.4873 MiB, matches expectation of  21.4873 MiB
~llama_context:    Vulkan0 compute buffer size is 360.6733 MiB, matches expectation of 360.6733 MiB
~llama_context: Vulkan_Host compute buffer size is  12.8925 MiB, matches expectation of  12.8925 MiB
~llama_context:    Vulkan0 compute buffer size is 361.6229 MiB, matches expectation of 361.6229 MiB
~llama_context: Vulkan_Host compute buffer size is  21.4873 MiB, matches expectation of  21.4873 MiB
~llama_context:    Vulkan0 compute buffer size is 361.0294 MiB, matches expectation of 361.0294 MiB
~llama_context: Vulkan_Host compute buffer size is  21.4873 MiB, matches expectation of  21.4873 MiB
~llama_context:    Vulkan0 compute buffer size is 360.6733 MiB, matches expectation of 360.6733 MiB
~llama_context: Vulkan_Host compute buffer size is  12.8925 MiB, matches expectation of  12.8925 MiB
report: docs/evidence/e3_chunks/report_003.json
### quality — Accio-Lab_occamy-1.0-Q4_K_L.gguf

- generated: 2026-09-19T13:55:21Z
- host: Linux-7.2.4-ogc3.1.fc44.x86_64-x86_64-with-glibc2.43 · cpus 24 · cgroup quota n/a
- config: backend=vulkan runs=1 threads=4
- reproduce: `uv run ggufone bench --suite quality --model /var/home/rybens/.hermes/models/Accio-Lab_occamy-1.0-Q4_K_L.gguf --backend vulkan --runs 1 --threads 4 --devset docs/evidence/e3_chunks/devset_003.jsonl --gpu-layers 7 --json`
- wall: 544.8 s
- engine devices: Vulkan0=10 · Vulkan_Host=10 (compute buffers) · effective backend: vulkan

**exact-match agreement**

| type | n | correct | agreement | 95% CI |
|---|---|---|---|---|
| choice | 3 | 2 | 0.6667 | 0.2077 – 0.9385 |
| noul | 4 | 2 | 0.5000 | 0.1500 – 0.8500 |
| score | 3 | 0 | 0.0000 | 0.0000 – 0.5615 |
| overall | 10 | 4 | 0.4000 | 0.1682 – 0.6873 |

- agreement = the highest-probability candidate equals the gold candidate (the discrete decision), measured per question type and overall with 95% Wilson intervals; report-only in v1 (SPEC S-11).

==============================================================================
chunk 004 — /home/rybens/.e3c_host/run_004.log
==============================================================================
load_backend: loaded RPC backend from /home/rybens/.local/share/ggufone/runtime/b11026-linux-x64-vulkan/libggml-rpc.so
ggml_vulkan: Found 1 Vulkan devices:
ggml_vulkan: 0 = NVIDIA GeForce RTX 3060 Ti (NVIDIA) | uma: 0 | fp16: 1 | bf16: 1 | fp4: 0 | warp size: 32 | shared memory: 49152 | int dot: 1 | matrix cores: NV_coopmat2
load_backend: loaded Vulkan backend from /home/rybens/.local/share/ggufone/runtime/b11026-linux-x64-vulkan/libggml-vulkan.so
load_backend: loaded CPU backend from /home/rybens/.local/share/ggufone/runtime/b11026-linux-x64-vulkan/libggml-cpu-haswell.so
ggml_vulkan: Device memory allocation of size 858988544 failed.
ggml_vulkan: vk::Device::allocateMemory: ErrorOutOfDeviceMemory
~llama_context:    Vulkan0 compute buffer size is 361.8207 MiB, matches expectation of 361.8207 MiB
~llama_context: Vulkan_Host compute buffer size is  21.4873 MiB, matches expectation of  21.4873 MiB
~llama_context:    Vulkan0 compute buffer size is 359.8356 MiB, matches expectation of 359.8356 MiB
~llama_context: Vulkan_Host compute buffer size is  25.7846 MiB, matches expectation of  25.7846 MiB
~llama_context:    Vulkan0 compute buffer size is 360.9107 MiB, matches expectation of 360.9107 MiB
~llama_context: Vulkan_Host compute buffer size is  12.8925 MiB, matches expectation of  12.8925 MiB
~llama_context:    Vulkan0 compute buffer size is 361.6229 MiB, matches expectation of 361.6229 MiB
~llama_context: Vulkan_Host compute buffer size is  21.4873 MiB, matches expectation of  21.4873 MiB
~llama_context:    Vulkan0 compute buffer size is 361.2272 MiB, matches expectation of 361.2272 MiB
~llama_context: Vulkan_Host compute buffer size is  21.4873 MiB, matches expectation of  21.4873 MiB
~llama_context:    Vulkan0 compute buffer size is 360.7920 MiB, matches expectation of 360.7920 MiB
~llama_context: Vulkan_Host compute buffer size is  12.8925 MiB, matches expectation of  12.8925 MiB
~llama_context:    Vulkan0 compute buffer size is 361.4250 MiB, matches expectation of 361.4250 MiB
~llama_context: Vulkan_Host compute buffer size is  21.4873 MiB, matches expectation of  21.4873 MiB
~llama_context:    Vulkan0 compute buffer size is 360.6733 MiB, matches expectation of 360.6733 MiB
~llama_context: Vulkan_Host compute buffer size is  17.1898 MiB, matches expectation of  17.1898 MiB
~llama_context:    Vulkan0 compute buffer size is 360.5546 MiB, matches expectation of 360.5546 MiB
~llama_context: Vulkan_Host compute buffer size is  12.8925 MiB, matches expectation of  12.8925 MiB
~llama_context:    Vulkan0 compute buffer size is 362.0185 MiB, matches expectation of 362.0185 MiB
~llama_context: Vulkan_Host compute buffer size is  21.4873 MiB, matches expectation of  21.4873 MiB
report: docs/evidence/e3_chunks/report_004.json
### quality — Accio-Lab_occamy-1.0-Q4_K_L.gguf

- generated: 2026-09-19T14:04:26Z
- host: Linux-7.2.4-ogc3.1.fc44.x86_64-x86_64-with-glibc2.43 · cpus 24 · cgroup quota n/a
- config: backend=vulkan runs=1 threads=4
- reproduce: `uv run ggufone bench --suite quality --model /var/home/rybens/.hermes/models/Accio-Lab_occamy-1.0-Q4_K_L.gguf --backend vulkan --runs 1 --threads 4 --devset docs/evidence/e3_chunks/devset_004.jsonl --gpu-layers 7 --json`
- wall: 492.2 s
- engine devices: Vulkan0=10 · Vulkan_Host=10 (compute buffers) · effective backend: vulkan

**exact-match agreement**

| type | n | correct | agreement | 95% CI |
|---|---|---|---|---|
| choice | 4 | 2 | 0.5000 | 0.1500 – 0.8500 |
| noul | 3 | 1 | 0.3333 | 0.0615 – 0.7923 |
| score | 3 | 1 | 0.3333 | 0.0615 – 0.7923 |
| overall | 10 | 4 | 0.4000 | 0.1682 – 0.6873 |

- agreement = the highest-probability candidate equals the gold candidate (the discrete decision), measured per question type and overall with 95% Wilson intervals; report-only in v1 (SPEC S-11).

==============================================================================
chunk 005 — /home/rybens/.e3c_host/run_005.log
==============================================================================
load_backend: loaded RPC backend from /home/rybens/.local/share/ggufone/runtime/b11026-linux-x64-vulkan/libggml-rpc.so
ggml_vulkan: Found 1 Vulkan devices:
ggml_vulkan: 0 = NVIDIA GeForce RTX 3060 Ti (NVIDIA) | uma: 0 | fp16: 1 | bf16: 1 | fp4: 0 | warp size: 32 | shared memory: 49152 | int dot: 1 | matrix cores: NV_coopmat2
load_backend: loaded Vulkan backend from /home/rybens/.local/share/ggufone/runtime/b11026-linux-x64-vulkan/libggml-vulkan.so
load_backend: loaded CPU backend from /home/rybens/.local/share/ggufone/runtime/b11026-linux-x64-vulkan/libggml-cpu-haswell.so
ggml_vulkan: Device memory allocation of size 887802624 failed.
ggml_vulkan: vk::Device::allocateMemory: ErrorOutOfDeviceMemory
~llama_context:    Vulkan0 compute buffer size is 359.4228 MiB, matches expectation of 359.4228 MiB
~llama_context: Vulkan_Host compute buffer size is  21.4873 MiB, matches expectation of  21.4873 MiB
~llama_context:    Vulkan0 compute buffer size is 360.4359 MiB, matches expectation of 360.4359 MiB
~llama_context: Vulkan_Host compute buffer size is  12.8925 MiB, matches expectation of  12.8925 MiB
~llama_context:    Vulkan0 compute buffer size is 361.2272 MiB, matches expectation of 361.2272 MiB
~llama_context: Vulkan_Host compute buffer size is  21.4873 MiB, matches expectation of  21.4873 MiB
~llama_context:    Vulkan0 compute buffer size is 360.8315 MiB, matches expectation of 360.8315 MiB
~llama_context: Vulkan_Host compute buffer size is  21.4873 MiB, matches expectation of  21.4873 MiB
~llama_context:    Vulkan0 compute buffer size is 360.1985 MiB, matches expectation of 360.1985 MiB
~llama_context: Vulkan_Host compute buffer size is  12.8925 MiB, matches expectation of  12.8925 MiB
~llama_context:    Vulkan0 compute buffer size is 361.0294 MiB, matches expectation of 361.0294 MiB
~llama_context: Vulkan_Host compute buffer size is  21.4873 MiB, matches expectation of  21.4873 MiB
~llama_context:    Vulkan0 compute buffer size is 361.0294 MiB, matches expectation of 361.0294 MiB
~llama_context: Vulkan_Host compute buffer size is  21.4873 MiB, matches expectation of  21.4873 MiB
~llama_context:    Vulkan0 compute buffer size is 360.7920 MiB, matches expectation of 360.7920 MiB
~llama_context: Vulkan_Host compute buffer size is  12.8925 MiB, matches expectation of  12.8925 MiB
~llama_context:    Vulkan0 compute buffer size is 362.4142 MiB, matches expectation of 362.4142 MiB
~llama_context: Vulkan_Host compute buffer size is  21.4873 MiB, matches expectation of  21.4873 MiB
~llama_context:    Vulkan0 compute buffer size is 359.4228 MiB, matches expectation of 359.4228 MiB
~llama_context: Vulkan_Host compute buffer size is  21.4873 MiB, matches expectation of  21.4873 MiB
report: docs/evidence/e3_chunks/report_005.json
### quality — Accio-Lab_occamy-1.0-Q4_K_L.gguf

- generated: 2026-09-19T14:12:39Z
- host: Linux-7.2.4-ogc3.1.fc44.x86_64-x86_64-with-glibc2.43 · cpus 24 · cgroup quota n/a
- config: backend=vulkan runs=1 threads=4
- reproduce: `uv run ggufone bench --suite quality --model /var/home/rybens/.hermes/models/Accio-Lab_occamy-1.0-Q4_K_L.gguf --backend vulkan --runs 1 --threads 4 --devset docs/evidence/e3_chunks/devset_005.jsonl --gpu-layers 7 --json`
- wall: 523.0 s
- engine devices: Vulkan0=10 · Vulkan_Host=10 (compute buffers) · effective backend: vulkan

**exact-match agreement**

| type | n | correct | agreement | 95% CI |
|---|---|---|---|---|
| choice | 3 | 3 | 1.000 | 0.4385 – 1.000 |
| noul | 3 | 2 | 0.6667 | 0.2077 – 0.9385 |
| score | 4 | 3 | 0.7500 | 0.3006 – 0.9544 |
| overall | 10 | 8 | 0.8000 | 0.4902 – 0.9433 |

- agreement = the highest-probability candidate equals the gold candidate (the discrete decision), measured per question type and overall with 95% Wilson intervals; report-only in v1 (SPEC S-11).

==============================================================================
chunk 006 — /home/rybens/.e3c_host/run_006.log
==============================================================================
load_backend: loaded RPC backend from /home/rybens/.local/share/ggufone/runtime/b11026-linux-x64-vulkan/libggml-rpc.so
ggml_vulkan: Found 1 Vulkan devices:
ggml_vulkan: 0 = NVIDIA GeForce RTX 3060 Ti (NVIDIA) | uma: 0 | fp16: 1 | bf16: 1 | fp4: 0 | warp size: 32 | shared memory: 49152 | int dot: 1 | matrix cores: NV_coopmat2
load_backend: loaded Vulkan backend from /home/rybens/.local/share/ggufone/runtime/b11026-linux-x64-vulkan/libggml-vulkan.so
load_backend: loaded CPU backend from /home/rybens/.local/share/ggufone/runtime/b11026-linux-x64-vulkan/libggml-cpu-haswell.so
~llama_context:    Vulkan0 compute buffer size is 360.7920 MiB, matches expectation of 360.7920 MiB
~llama_context: Vulkan_Host compute buffer size is  12.8925 MiB, matches expectation of  12.8925 MiB
~llama_context:    Vulkan0 compute buffer size is 361.6229 MiB, matches expectation of 361.6229 MiB
~llama_context: Vulkan_Host compute buffer size is  21.4873 MiB, matches expectation of  21.4873 MiB
~llama_context:    Vulkan0 compute buffer size is 359.4228 MiB, matches expectation of 359.4228 MiB
~llama_context: Vulkan_Host compute buffer size is  21.4873 MiB, matches expectation of  21.4873 MiB
~llama_context:    Vulkan0 compute buffer size is 360.4359 MiB, matches expectation of 360.4359 MiB
~llama_context: Vulkan_Host compute buffer size is  12.8925 MiB, matches expectation of  12.8925 MiB
~llama_context:    Vulkan0 compute buffer size is 361.4250 MiB, matches expectation of 361.4250 MiB
~llama_context: Vulkan_Host compute buffer size is  21.4873 MiB, matches expectation of  21.4873 MiB
~llama_context:    Vulkan0 compute buffer size is 361.8207 MiB, matches expectation of 361.8207 MiB
~llama_context: Vulkan_Host compute buffer size is  21.4873 MiB, matches expectation of  21.4873 MiB
~llama_context:    Vulkan0 compute buffer size is 361.6229 MiB, matches expectation of 361.6229 MiB
~llama_context: Vulkan_Host compute buffer size is  21.4873 MiB, matches expectation of  21.4873 MiB
~llama_context:    Vulkan0 compute buffer size is 361.6229 MiB, matches expectation of 361.6229 MiB
~llama_context: Vulkan_Host compute buffer size is  21.4873 MiB, matches expectation of  21.4873 MiB
~llama_context:    Vulkan0 compute buffer size is 361.4250 MiB, matches expectation of 361.4250 MiB
~llama_context: Vulkan_Host compute buffer size is  21.4873 MiB, matches expectation of  21.4873 MiB
~llama_context:    Vulkan0 compute buffer size is 361.6229 MiB, matches expectation of 361.6229 MiB
~llama_context: Vulkan_Host compute buffer size is  21.4873 MiB, matches expectation of  21.4873 MiB
report: docs/evidence/e3_chunks/report_006.json
### quality — Accio-Lab_occamy-1.0-Q4_K_L.gguf

- generated: 2026-09-19T14:21:22Z
- host: Linux-7.2.4-ogc3.1.fc44.x86_64-x86_64-with-glibc2.43 · cpus 24 · cgroup quota n/a
- config: backend=vulkan runs=1 threads=4
- reproduce: `uv run ggufone bench --suite quality --model /var/home/rybens/.hermes/models/Accio-Lab_occamy-1.0-Q4_K_L.gguf --backend vulkan --runs 1 --threads 4 --devset docs/evidence/e3_chunks/devset_006.jsonl --gpu-layers 7 --json`
- wall: 477.0 s
- engine devices: Vulkan0=10 · Vulkan_Host=10 (compute buffers) · effective backend: vulkan

**exact-match agreement**

| type | n | correct | agreement | 95% CI |
|---|---|---|---|---|
| choice | 7 | 4 | 0.5714 | 0.2505 – 0.8418 |
| noul | 2 | 1 | 0.5000 | 0.0945 – 0.9055 |
| score | 1 | 1 | 1.000 | 0.2065 – 1.000 |
| overall | 10 | 6 | 0.6000 | 0.3127 – 0.8318 |

- agreement = the highest-probability candidate equals the gold candidate (the discrete decision), measured per question type and overall with 95% Wilson intervals; report-only in v1 (SPEC S-11).

==============================================================================
runner boundaries (/home/rybens/.e3c_host/run_all.log)
==============================================================================
host run start 2026-09-19T15:55:21+02:00 pid 103272
GGUFONE_RUNTIME_DIR=/home/rybens/.local/share/ggufone/runtime/b11026-linux-x64-vulkan
VK_DRIVER_FILES=/home/rybens/.e3c_host/nvidia_egl_icd.json
=== chunk 003 start 2026-09-19T15:55:21+02:00
=== chunk 003 exit=0 wall=545s 2026-09-19T16:04:26+02:00
=== chunk 004 start 2026-09-19T16:04:26+02:00
=== chunk 004 exit=0 wall=492s 2026-09-19T16:12:38+02:00
=== chunk 005 start 2026-09-19T16:12:38+02:00
=== chunk 005 exit=0 wall=524s 2026-09-19T16:21:22+02:00
=== chunk 006 start 2026-09-19T16:21:22+02:00
=== chunk 006 exit=0 wall=477s 2026-09-19T16:29:19+02:00
host run done 2026-09-19T16:29:19+02:00

