=== session start pids=213/256
setup    tests/test_runtime_fallback.py::test_usable_and_accelerator_semantics pids=223/256
teardown tests/test_runtime_fallback.py::test_usable_and_accelerator_semantics pids=223/256 next=tests/test_runtime_fallback.py::test_load_backend_library_reports_a_bundle_the_host_cannot_dlopen
setup    tests/test_runtime_fallback.py::test_load_backend_library_reports_a_bundle_the_host_cannot_dlopen pids=223/256
teardown tests/test_runtime_fallback.py::test_load_backend_library_reports_a_bundle_the_host_cannot_dlopen pids=223/256 next=tests/test_runtime_fallback.py::test_load_backend_library_uses_rtld_global
setup    tests/test_runtime_fallback.py::test_load_backend_library_uses_rtld_global pids=223/256
teardown tests/test_runtime_fallback.py::test_load_backend_library_uses_rtld_global pids=223/256 next=tests/test_runtime_fallback.py::test_load_backend_library_accepts_a_real_shared_object
setup    tests/test_runtime_fallback.py::test_load_backend_library_accepts_a_real_shared_object pids=223/256
teardown tests/test_runtime_fallback.py::test_load_backend_library_accepts_a_real_shared_object pids=223/256 next=tests/test_runtime_fallback.py::test_install_falls_back_from_cuda_to_vulkan_and_records_why
setup    tests/test_runtime_fallback.py::test_install_falls_back_from_cuda_to_vulkan_and_records_why pids=223/256
teardown tests/test_runtime_fallback.py::test_install_falls_back_from_cuda_to_vulkan_and_records_why pids=223/256 next=tests/test_runtime_fallback.py::test_install_falls_back_all_the_way_to_cpu_when_no_gpu_backend_loads
setup    tests/test_runtime_fallback.py::test_install_falls_back_all_the_way_to_cpu_when_no_gpu_backend_loads pids=223/256
teardown tests/test_runtime_fallback.py::test_install_falls_back_all_the_way_to_cpu_when_no_gpu_backend_loads pids=225/256 next=tests/test_runtime_fallback.py::test_install_keeps_cuda_when_its_backend_really_loads
setup    tests/test_runtime_fallback.py::test_install_keeps_cuda_when_its_backend_really_loads pids=225/256
teardown tests/test_runtime_fallback.py::test_install_keeps_cuda_when_its_backend_really_loads pids=230/256 next=tests/test_runtime_fallback.py::test_an_explicit_backend_is_honoured_without_falling_back
setup    tests/test_runtime_fallback.py::test_an_explicit_backend_is_honoured_without_falling_back pids=230/256
teardown tests/test_runtime_fallback.py::test_an_explicit_backend_is_honoured_without_falling_back pids=231/256 next=tests/test_runtime_fallback.py::test_install_skips_an_already_installed_backend_that_cannot_load
setup    tests/test_runtime_fallback.py::test_install_skips_an_already_installed_backend_that_cannot_load pids=231/256
teardown tests/test_runtime_fallback.py::test_install_skips_an_already_installed_backend_that_cannot_load pids=231/256 next=tests/test_runtime_fallback.py::test_install_removes_the_bundle_it_rejected
setup    tests/test_runtime_fallback.py::test_install_removes_the_bundle_it_rejected pids=231/256
teardown tests/test_runtime_fallback.py::test_install_removes_the_bundle_it_rejected pids=231/256 next=tests/test_runtime_fallback.py::test_find_runtime_prefers_the_recorded_variant
setup    tests/test_runtime_fallback.py::test_find_runtime_prefers_the_recorded_variant pids=231/256
teardown tests/test_runtime_fallback.py::test_find_runtime_prefers_the_recorded_variant pids=231/256 next=tests/test_runtime_fallback.py::test_find_runtime_falls_back_to_a_scan_when_the_record_is_stale
setup    tests/test_runtime_fallback.py::test_find_runtime_falls_back_to_a_scan_when_the_record_is_stale pids=231/256
teardown tests/test_runtime_fallback.py::test_find_runtime_falls_back_to_a_scan_when_the_record_is_stale pids=231/256 next=tests/test_runtime_fallback.py::test_a_fallback_tier_without_a_pinned_bundle_is_skipped
setup    tests/test_runtime_fallback.py::test_a_fallback_tier_without_a_pinned_bundle_is_skipped pids=231/256
teardown tests/test_runtime_fallback.py::test_a_fallback_tier_without_a_pinned_bundle_is_skipped pids=255/256 next=tests/test_runtime_fallback.py::test_install_reports_a_bundle_that_carries_no_such_backend
setup    tests/test_runtime_fallback.py::test_install_reports_a_bundle_that_carries_no_such_backend pids=255/256
teardown tests/test_runtime_fallback.py::test_install_reports_a_bundle_that_carries_no_such_backend pids=256/256 next=tests/test_runtime_fallback.py::test_doctor_reports_the_working_backend_and_the_recorded_fallback
setup    tests/test_runtime_fallback.py::test_doctor_reports_the_working_backend_and_the_recorded_fallback pids=256/256
teardown tests/test_runtime_fallback.py::test_doctor_reports_the_working_backend_and_the_recorded_fallback pids=256/256 next=tests/test_runtime_fallback.py::test_doctor_marks_the_expected_backend_ok_when_it_really_loads
setup    tests/test_runtime_fallback.py::test_doctor_marks_the_expected_backend_ok_when_it_really_loads pids=256/256
teardown tests/test_runtime_fallback.py::test_doctor_marks_the_expected_backend_ok_when_it_really_loads pids=256/256 next=tests/test_runtime_fallback.py::test_a_backend_that_does_not_load_here_is_coded_loader_error
setup    tests/test_runtime_fallback.py::test_a_backend_that_does_not_load_here_is_coded_loader_error pids=256/256
teardown tests/test_runtime_fallback.py::test_a_backend_that_does_not_load_here_is_coded_loader_error pids=256/256 next=tests/test_runtime_fallback.py::test_the_preflight_skip_is_coded_system_libs_missing
setup    tests/test_runtime_fallback.py::test_the_preflight_skip_is_coded_system_libs_missing pids=256/256
teardown tests/test_runtime_fallback.py::test_the_preflight_skip_is_coded_system_libs_missing pids=256/256 next=tests/test_runtime_fallback.py::test_a_tier_this_lock_does_not_pin_is_coded_no_asset
setup    tests/test_runtime_fallback.py::test_a_tier_this_lock_does_not_pin_is_coded_no_asset pids=256/256
teardown tests/test_runtime_fallback.py::test_a_tier_this_lock_does_not_pin_is_coded_no_asset pids=256/256 next=tests/test_runtime_fallback.py::test_a_bundle_that_carries_no_such_backend_is_coded_backend_absent
setup    tests/test_runtime_fallback.py::test_a_bundle_that_carries_no_such_backend_is_coded_backend_absent pids=256/256
teardown tests/test_runtime_fallback.py::test_a_bundle_that_carries_no_such_backend_is_coded_backend_absent pids=256/256 next=tests/test_runtime_fallback.py::test_a_dead_probe_child_is_coded_probe_failed
setup    tests/test_runtime_fallback.py::test_a_dead_probe_child_is_coded_probe_failed pids=256/256
teardown tests/test_runtime_fallback.py::test_a_dead_probe_child_is_coded_probe_failed pids=256/256 next=tests/test_runtime_fallback.py::test_reason_codes_are_a_closed_set
setup    tests/test_runtime_fallback.py::test_reason_codes_are_a_closed_set pids=256/256
teardown tests/test_runtime_fallback.py::test_reason_codes_are_a_closed_set pids=256/256 next=tests/test_runtime_fallback.py::test_doctor_reports_the_working_backend_the_list_and_the_fallback_code
setup    tests/test_runtime_fallback.py::test_doctor_reports_the_working_backend_the_list_and_the_fallback_code pids=256/256
teardown tests/test_runtime_fallback.py::test_doctor_reports_the_working_backend_the_list_and_the_fallback_code pids=256/256 next=tests/test_runtime_fallback.py::test_doctor_reads_the_backends_off_the_bundle_it_found
setup    tests/test_runtime_fallback.py::test_doctor_reads_the_backends_off_the_bundle_it_found pids=256/256
teardown tests/test_runtime_fallback.py::test_doctor_reads_the_backends_off_the_bundle_it_found pids=256/256 next=tests/test_runtime_fallback.py::test_the_working_backend_is_decided_by_dlopen_not_by_the_file_list
setup    tests/test_runtime_fallback.py::test_the_working_backend_is_decided_by_dlopen_not_by_the_file_list pids=256/256
teardown tests/test_runtime_fallback.py::test_the_working_backend_is_decided_by_dlopen_not_by_the_file_list pids=256/256 next=tests/test_runtime_install.py::test_plan_install_picks_the_pinned_asset
setup    tests/test_runtime_install.py::test_plan_install_picks_the_pinned_asset pids=256/256
teardown tests/test_runtime_install.py::test_plan_install_picks_the_pinned_asset pids=256/256 next=tests/test_runtime_install.py::test_plan_install_prefers_a_cached_bundle
setup    tests/test_runtime_install.py::test_plan_install_prefers_a_cached_bundle pids=256/256
teardown tests/test_runtime_install.py::test_plan_install_prefers_a_cached_bundle pids=256/256 next=tests/test_runtime_install.py::test_dry_run_touches_nothing
setup    tests/test_runtime_install.py::test_dry_run_touches_nothing pids=256/256
teardown tests/test_runtime_install.py::test_dry_run_touches_nothing pids=256/256 next=tests/test_runtime_install.py::test_install_from_the_offline_cache
setup    tests/test_runtime_install.py::test_install_from_the_offline_cache pids=256/256
teardown tests/test_runtime_install.py::test_install_from_the_offline_cache pids=256/256 next=tests/test_runtime_install.py::test_install_is_idempotent_without_force
setup    tests/test_runtime_install.py::test_install_is_idempotent_without_force pids=256/256
teardown tests/test_runtime_install.py::test_install_is_idempotent_without_force pids=256/256 next=tests/test_runtime_install.py::test_install_force_reinstalls
setup    tests/test_runtime_install.py::test_install_force_reinstalls pids=256/256
teardown tests/test_runtime_install.py::test_install_force_reinstalls pids=256/256 next=tests/test_runtime_install.py::test_install_rejects_a_cache_file_with_the_wrong_hash
setup    tests/test_runtime_install.py::test_install_rejects_a_cache_file_with_the_wrong_hash pids=256/256
teardown tests/test_runtime_install.py::test_install_rejects_a_cache_file_with_the_wrong_hash pids=256/256 next=tests/test_runtime_install.py::test_install_rejects_a_cache_file_with_the_wrong_size
setup    tests/test_runtime_install.py::test_install_rejects_a_cache_file_with_the_wrong_size pids=256/256
teardown tests/test_runtime_install.py::test_install_rejects_a_cache_file_with_the_wrong_size pids=256/256 next=tests/test_runtime_install.py::test_install_fails_before_downloading_when_disk_is_short
setup    tests/test_runtime_install.py::test_install_fails_before_downloading_when_disk_is_short pids=256/256
teardown tests/test_runtime_install.py::test_install_fails_before_downloading_when_disk_is_short pids=256/256 next=tests/test_runtime_install.py::test_install_fails_when_the_bundle_lacks_a_required_file
setup    tests/test_runtime_install.py::test_install_fails_when_the_bundle_lacks_a_required_file pids=256/256
teardown tests/test_runtime_install.py::test_install_fails_when_the_bundle_lacks_a_required_file pids=256/256 next=tests/test_runtime_install.py::test_install_from_a_file_url
setup    tests/test_runtime_install.py::test_install_from_a_file_url pids=256/256
teardown tests/test_runtime_install.py::test_install_from_a_file_url pids=256/256 next=tests/test_runtime_install.py::test_install_resumes_a_partial_download
setup    tests/test_runtime_install.py::test_install_resumes_a_partial_download pids=256/256
teardown tests/test_runtime_install.py::test_install_resumes_a_partial_download pids=256/256 next=tests/test_runtime_install.py::test_extract_uses_a_safe_tar_filter
setup    tests/test_runtime_install.py::test_extract_uses_a_safe_tar_filter pids=256/256
teardown tests/test_runtime_install.py::test_extract_uses_a_safe_tar_filter pids=256/256 next=tests/test_runtime_install.py::test_no_source_file_ever_names_a_compiler_toolchain
setup    tests/test_runtime_install.py::test_no_source_file_ever_names_a_compiler_toolchain pids=256/256
teardown tests/test_runtime_install.py::test_no_source_file_ever_names_a_compiler_toolchain pids=256/256 next=tests/test_runtime_install.py::test_init_dry_run_needs_no_compiler_on_path
setup    tests/test_runtime_install.py::test_init_dry_run_needs_no_compiler_on_path pids=256/256
teardown tests/test_runtime_install.py::test_init_dry_run_needs_no_compiler_on_path pids=256/256 next=tests/test_runtime_contract.py::test_oracle_runs_offline_and_exits_zero
setup    tests/test_runtime_contract.py::test_oracle_runs_offline_and_exits_zero pids=256/256
teardown tests/test_runtime_contract.py::test_oracle_runs_offline_and_exits_zero pids=256/256 next=tests/test_runtime_contract.py::test_oracle_section_d_sees_the_package
setup    tests/test_runtime_contract.py::test_oracle_section_d_sees_the_package pids=256/256
teardown tests/test_runtime_contract.py::test_oracle_section_d_sees_the_package pids=256/256 next=tests/test_runtime_contract.py::test_oracle_live_section_is_green_without_skips
setup    tests/test_runtime_contract.py::test_oracle_live_section_is_green_without_skips pids=256/256
teardown tests/test_runtime_contract.py::test_oracle_live_section_is_green_without_skips pids=256/256 next=<end>
=== session end pids=256/256 exit=1
