........................................................................ [  4%]
........................................ssssssss........................ [  8%]
................................................................s....... [ 12%]
........................................................................ [ 16%]
................................................s....................... [ 21%]
........................................................................ [ 25%]
........................................................................ [ 29%]
..............................ss........................................ [ 33%]
........................................................................ [ 38%]
........................................................................ [ 42%]
........................................................................ [ 46%]
.............................................................sss........ [ 50%]
..........................................sssssss....................... [ 55%]
...........................sssssss.sss.................................. [ 59%]
..............................ss.......................ssss............. [ 63%]
........................................................................ [ 67%]
...................................sssssss.............................. [ 72%]
...................................................s.................... [ 76%]
........................................................................ [ 80%]
........................................................................ [ 84%]
.............................s........................................ss [ 89%]
sss..................................................................... [ 93%]
...........................................s............................ [ 97%]
...ssss..........................ssssss..                                [100%]
1634 passed, 63 skipped in 40.83s
