load_backend: loaded RPC backend from /home/rybens/.local/share/ggufone/runtime/b11026-linux-x64-vulkan/libggml-rpc.so
ggml_vulkan: Found 1 Vulkan devices:
ggml_vulkan: 0 = NVIDIA GeForce RTX 3060 Ti (NVIDIA) | uma: 0 | fp16: 1 | bf16: 1 | fp4: 0 | warp size: 32 | shared memory: 49152 | int dot: 1 | matrix cores: NV_coopmat2
load_backend: loaded Vulkan backend from /home/rybens/.local/share/ggufone/runtime/b11026-linux-x64-vulkan/libggml-vulkan.so
load_backend: loaded CPU backend from /home/rybens/.local/share/ggufone/runtime/b11026-linux-x64-vulkan/libggml-cpu-haswell.so
~llama_context:    Vulkan0 compute buffer size is 226.6523 MiB, matches expectation of 226.6523 MiB
~llama_context: Vulkan_Host compute buffer size is  25.7846 MiB, matches expectation of  25.7846 MiB
~llama_context:    Vulkan0 compute buffer size is 225.5391 MiB, matches expectation of 225.5391 MiB
~llama_context: Vulkan_Host compute buffer size is  12.8925 MiB, matches expectation of  12.8925 MiB
~llama_context:    Vulkan0 compute buffer size is 227.2656 MiB, matches expectation of 227.2656 MiB
~llama_context: Vulkan_Host compute buffer size is  21.4873 MiB, matches expectation of  21.4873 MiB
~llama_context:    Vulkan0 compute buffer size is 225.5039 MiB, matches expectation of 225.5039 MiB
~llama_context: Vulkan_Host compute buffer size is  25.7846 MiB, matches expectation of  25.7846 MiB
~llama_context:    Vulkan0 compute buffer size is 226.4531 MiB, matches expectation of 226.4531 MiB
~llama_context: Vulkan_Host compute buffer size is  12.8925 MiB, matches expectation of  12.8925 MiB
~llama_context:    Vulkan0 compute buffer size is 227.2656 MiB, matches expectation of 227.2656 MiB
~llama_context: Vulkan_Host compute buffer size is  21.4873 MiB, matches expectation of  21.4873 MiB
~llama_context:    Vulkan0 compute buffer size is 226.7578 MiB, matches expectation of 226.7578 MiB
~llama_context: Vulkan_Host compute buffer size is  21.4873 MiB, matches expectation of  21.4873 MiB
~llama_context:    Vulkan0 compute buffer size is 226.1484 MiB, matches expectation of 226.1484 MiB
~llama_context: Vulkan_Host compute buffer size is  12.8925 MiB, matches expectation of  12.8925 MiB
~llama_context:    Vulkan0 compute buffer size is 227.7734 MiB, matches expectation of 227.7734 MiB
~llama_context: Vulkan_Host compute buffer size is  21.4873 MiB, matches expectation of  21.4873 MiB
~llama_context:    Vulkan0 compute buffer size is 227.7734 MiB, matches expectation of 227.7734 MiB
~llama_context: Vulkan_Host compute buffer size is  21.4873 MiB, matches expectation of  21.4873 MiB
report: docs/evidence/tiel_chunks/report_002.json
placement: docs/evidence/tiel_chunks/placement_002.json
### quality — Tiel-Coder-35B-A3B-UD-Q4_K_XL.gguf

- generated: 2026-09-19T16:09:49Z
- host: Linux-7.2.4-ogc3.1.fc44.x86_64-x86_64-with-glibc2.43 · cpus 24 · cgroup quota n/a
- config: backend=vulkan runs=1 threads=4
- reproduce: `uv run ggufone bench --suite quality --model /var/home/rybens/.hermes/models/Tiel-Coder-35B-A3B-UD-Q4_K_XL.gguf --backend vulkan --runs 1 --threads 4 --devset docs/evidence/tiel_chunks/devset_002.jsonl --gpu-layers 9 --json`
- wall: 141.0 s
- engine devices: Vulkan0=10 · Vulkan_Host=10 (compute buffers) · effective backend: vulkan

**exact-match agreement**

| type | n | correct | agreement | 95% CI |
|---|---|---|---|---|
| choice | 3 | 3 | 1.000 | 0.4385 – 1.000 |
| noul | 3 | 1 | 0.3333 | 0.0615 – 0.7923 |
| score | 4 | 1 | 0.2500 | 0.0456 – 0.6994 |
| overall | 10 | 5 | 0.5000 | 0.2366 – 0.7634 |

**cue verdicts**

| item | type | cue top token | top-token mass | verdict |
|---|---|---|---|---|
| s04 | score | `token 271` | 0.1857 | ok |
| n04 | noul | `token 2083` | 0.3551 | ok |
| c05 | choice | `token 16539` | 0.3051 | ok |
| s05 | score | `token 19` | 0.2641 | ok |
| n05 | noul | `token 760` | 0.1494 | ok |
| c06 | choice | `token 21343` | 0.2792 | ok |
| s06 | score | `token 271` | 0.3269 | ok |
| n06 | noul | `token 2083` | 0.5654 | ok |
| c07 | choice | `token 248069` | 0.0869 | ok |
| s07 | score | `token 248068` | 0.2624 | ok |

- agreement = the highest-probability candidate equals the gold candidate (the discrete decision), measured per question type and overall with 95% Wilson intervals; report-only in v1 (SPEC S-11).

