load_backend: loaded RPC backend from /home/rybens/.local/share/ggufone/runtime/b11026-linux-x64-vulkan/libggml-rpc.so
ggml_vulkan: Found 1 Vulkan devices:
ggml_vulkan: 0 = NVIDIA GeForce RTX 3060 Ti (NVIDIA) | uma: 0 | fp16: 1 | bf16: 1 | fp4: 0 | warp size: 32 | shared memory: 49152 | int dot: 1 | matrix cores: NV_coopmat2
load_backend: loaded Vulkan backend from /home/rybens/.local/share/ggufone/runtime/b11026-linux-x64-vulkan/libggml-vulkan.so
load_backend: loaded CPU backend from /home/rybens/.local/share/ggufone/runtime/b11026-linux-x64-vulkan/libggml-cpu-haswell.so
~llama_context:    Vulkan0 compute buffer size is 229.8047 MiB, matches expectation of 229.8047 MiB
~llama_context: Vulkan_Host compute buffer size is  21.4873 MiB, matches expectation of  21.4873 MiB
~llama_context:    Vulkan0 compute buffer size is 226.0781 MiB, matches expectation of 226.0781 MiB
~llama_context: Vulkan_Host compute buffer size is  25.7846 MiB, matches expectation of  25.7846 MiB
~llama_context:    Vulkan0 compute buffer size is 226.1484 MiB, matches expectation of 226.1484 MiB
~llama_context: Vulkan_Host compute buffer size is  12.8925 MiB, matches expectation of  12.8925 MiB
~llama_context:    Vulkan0 compute buffer size is 228.7891 MiB, matches expectation of 228.7891 MiB
~llama_context: Vulkan_Host compute buffer size is  21.4873 MiB, matches expectation of  21.4873 MiB
~llama_context:    Vulkan0 compute buffer size is 226.7578 MiB, matches expectation of 226.7578 MiB
~llama_context: Vulkan_Host compute buffer size is  21.4873 MiB, matches expectation of  21.4873 MiB
~llama_context:    Vulkan0 compute buffer size is 226.7578 MiB, matches expectation of 226.7578 MiB
~llama_context: Vulkan_Host compute buffer size is  12.8925 MiB, matches expectation of  12.8925 MiB
~llama_context:    Vulkan0 compute buffer size is 228.7891 MiB, matches expectation of 228.7891 MiB
~llama_context: Vulkan_Host compute buffer size is  21.4873 MiB, matches expectation of  21.4873 MiB
~llama_context:    Vulkan0 compute buffer size is 226.6523 MiB, matches expectation of 226.6523 MiB
~llama_context: Vulkan_Host compute buffer size is  25.7846 MiB, matches expectation of  25.7846 MiB
~llama_context:    Vulkan0 compute buffer size is 226.4531 MiB, matches expectation of 226.4531 MiB
~llama_context: Vulkan_Host compute buffer size is  12.8925 MiB, matches expectation of  12.8925 MiB
~llama_context:    Vulkan0 compute buffer size is 228.7891 MiB, matches expectation of 228.7891 MiB
~llama_context: Vulkan_Host compute buffer size is  21.4873 MiB, matches expectation of  21.4873 MiB
report: docs/evidence/tiel_chunks/report_001.json
placement: docs/evidence/tiel_chunks/placement_001.json
### quality — Tiel-Coder-35B-A3B-UD-Q4_K_XL.gguf

- generated: 2026-09-19T16:06:23Z
- host: Linux-7.2.4-ogc3.1.fc44.x86_64-x86_64-with-glibc2.43 · cpus 24 · cgroup quota n/a
- config: backend=vulkan runs=1 threads=4
- reproduce: `uv run ggufone bench --suite quality --model /var/home/rybens/.hermes/models/Tiel-Coder-35B-A3B-UD-Q4_K_XL.gguf --backend vulkan --runs 1 --threads 4 --devset docs/evidence/tiel_chunks/devset_001.jsonl --gpu-layers 9 --json`
- wall: 204.9 s
- engine devices: Vulkan0=10 · Vulkan_Host=10 (compute buffers) · effective backend: vulkan

**exact-match agreement**

| type | n | correct | agreement | 95% CI |
|---|---|---|---|---|
| choice | 4 | 2 | 0.5000 | 0.1500 – 0.8500 |
| noul | 3 | 0 | 0.0000 | 0.0000 – 0.5615 |
| score | 3 | 3 | 1.000 | 0.4385 – 1.000 |
| overall | 10 | 5 | 0.5000 | 0.2366 – 0.7634 |

**cue verdicts**

| item | type | cue top token | top-token mass | verdict |
|---|---|---|---|---|
| c01 | choice | `token 248068` | 0.3395 | ok |
| s01 | score | `token 248068` | 0.3581 | ok |
| n01 | noul | `token 760` | 0.2367 | ok |
| c02 | choice | `token 248068` | 0.1303 | ok |
| s02 | score | `token 18` | 0.3795 | ok |
| n02 | noul | `token 2083` | 0.2415 | ok |
| c03 | choice | `token 14501` | 0.5176 | ok |
| s03 | score | `token 19` | 0.1557 | ok |
| n03 | noul | `token 2083` | 0.2520 | ok |
| c04 | choice | `token 271` | 0.2614 | ok |

- agreement = the highest-probability candidate equals the gold candidate (the discrete decision), measured per question type and overall with 95% Wilson intervals; report-only in v1 (SPEC S-11).

NVVM compilation failed: 3
