load_backend: loaded RPC backend from /home/rybens/.local/share/ggufone/runtime/b11026-linux-x64-vulkan/libggml-rpc.so
ggml_vulkan: Found 1 Vulkan devices:
ggml_vulkan: 0 = NVIDIA GeForce RTX 3060 Ti (NVIDIA) | uma: 0 | fp16: 1 | bf16: 1 | fp4: 0 | warp size: 32 | shared memory: 49152 | int dot: 1 | matrix cores: NV_coopmat2
load_backend: loaded Vulkan backend from /home/rybens/.local/share/ggufone/runtime/b11026-linux-x64-vulkan/libggml-vulkan.so
load_backend: loaded CPU backend from /home/rybens/.local/share/ggufone/runtime/b11026-linux-x64-vulkan/libggml-cpu-haswell.so
~llama_context:    Vulkan0 compute buffer size is 224.8340 MiB, matches expectation of 224.8340 MiB
~llama_context: Vulkan_Host compute buffer size is  21.4873 MiB, matches expectation of  21.4873 MiB
~llama_context:    Vulkan0 compute buffer size is 225.2344 MiB, matches expectation of 225.2344 MiB
~llama_context: Vulkan_Host compute buffer size is  12.8925 MiB, matches expectation of  12.8925 MiB
~llama_context:    Vulkan0 compute buffer size is 227.2656 MiB, matches expectation of 227.2656 MiB
~llama_context: Vulkan_Host compute buffer size is  21.4873 MiB, matches expectation of  21.4873 MiB
~llama_context:    Vulkan0 compute buffer size is 226.2500 MiB, matches expectation of 226.2500 MiB
~llama_context: Vulkan_Host compute buffer size is  21.4873 MiB, matches expectation of  21.4873 MiB
~llama_context:    Vulkan0 compute buffer size is 224.6250 MiB, matches expectation of 224.6250 MiB
~llama_context: Vulkan_Host compute buffer size is  12.8925 MiB, matches expectation of  12.8925 MiB
~llama_context:    Vulkan0 compute buffer size is 226.7578 MiB, matches expectation of 226.7578 MiB
~llama_context: Vulkan_Host compute buffer size is  21.4873 MiB, matches expectation of  21.4873 MiB
~llama_context:    Vulkan0 compute buffer size is 226.7578 MiB, matches expectation of 226.7578 MiB
~llama_context: Vulkan_Host compute buffer size is  21.4873 MiB, matches expectation of  21.4873 MiB
~llama_context:    Vulkan0 compute buffer size is 226.1484 MiB, matches expectation of 226.1484 MiB
~llama_context: Vulkan_Host compute buffer size is  12.8925 MiB, matches expectation of  12.8925 MiB
~llama_context:    Vulkan0 compute buffer size is 230.3125 MiB, matches expectation of 230.3125 MiB
~llama_context: Vulkan_Host compute buffer size is  21.4873 MiB, matches expectation of  21.4873 MiB
~llama_context:    Vulkan0 compute buffer size is 224.8340 MiB, matches expectation of 224.8340 MiB
~llama_context: Vulkan_Host compute buffer size is  21.4873 MiB, matches expectation of  21.4873 MiB
report: docs/evidence/tiel_chunks/report_005.json
placement: docs/evidence/tiel_chunks/placement_005.json
### quality — Tiel-Coder-35B-A3B-UD-Q4_K_XL.gguf

- generated: 2026-09-19T16:30:25Z
- host: Linux-7.2.4-ogc3.1.fc44.x86_64-x86_64-with-glibc2.43 · cpus 24 · cgroup quota n/a
- config: backend=vulkan runs=1 threads=4
- reproduce: `uv run ggufone bench --suite quality --model /var/home/rybens/.hermes/models/Tiel-Coder-35B-A3B-UD-Q4_K_XL.gguf --backend vulkan --runs 1 --threads 4 --devset docs/evidence/tiel_chunks/devset_005.jsonl --gpu-layers 9 --json`
- wall: 178.3 s
- engine devices: Vulkan0=10 · Vulkan_Host=10 (compute buffers) · effective backend: vulkan

**exact-match agreement**

| type | n | correct | agreement | 95% CI |
|---|---|---|---|---|
| choice | 3 | 2 | 0.6667 | 0.2077 – 0.9385 |
| noul | 3 | 2 | 0.6667 | 0.2077 – 0.9385 |
| score | 4 | 1 | 0.2500 | 0.0456 – 0.6994 |
| overall | 10 | 5 | 0.5000 | 0.2366 – 0.7634 |

**cue verdicts**

| item | type | cue top token | top-token mass | verdict |
|---|---|---|---|---|
| s14 | score | `token 17` | 0.5358 | ok |
| n14 | noul | `token 760` | 0.1426 | ok |
| c15 | choice | `token 248068` | 0.2812 | ok |
| s15 | score | `token 271` | 0.2092 | ok |
| n15 | noul | `token 15666` | 0.3416 | ok |
| c16 | choice | `token 271` | 0.4065 | ok |
| s16 | score | `token 15` | 0.1693 | ok |
| n16 | noul | `token 2083` | 0.6855 | ok |
| c17 | choice | `token 248068` | 0.6136 | ok |
| s17 | score | `token 271` | 0.3823 | ok |

- agreement = the highest-probability candidate equals the gold candidate (the discrete decision), measured per question type and overall with 95% Wilson intervals; report-only in v1 (SPEC S-11).

