load_backend: loaded RPC backend from /home/rybens/.local/share/ggufone/runtime/b11026-linux-x64-vulkan/libggml-rpc.so
ggml_vulkan: Found 1 Vulkan devices:
ggml_vulkan: 0 = NVIDIA GeForce RTX 3060 Ti (NVIDIA) | uma: 0 | fp16: 1 | bf16: 1 | fp4: 0 | warp size: 32 | shared memory: 49152 | int dot: 1 | matrix cores: NV_coopmat2
load_backend: loaded Vulkan backend from /home/rybens/.local/share/ggufone/runtime/b11026-linux-x64-vulkan/libggml-vulkan.so
load_backend: loaded CPU backend from /home/rybens/.local/share/ggufone/runtime/b11026-linux-x64-vulkan/libggml-cpu-haswell.so
~llama_context:    Vulkan0 compute buffer size is 226.1484 MiB, matches expectation of 226.1484 MiB
~llama_context: Vulkan_Host compute buffer size is  12.8925 MiB, matches expectation of  12.8925 MiB
~llama_context:    Vulkan0 compute buffer size is 228.2812 MiB, matches expectation of 228.2812 MiB
~llama_context: Vulkan_Host compute buffer size is  21.4873 MiB, matches expectation of  21.4873 MiB
~llama_context:    Vulkan0 compute buffer size is 224.8340 MiB, matches expectation of 224.8340 MiB
~llama_context: Vulkan_Host compute buffer size is  21.4873 MiB, matches expectation of  21.4873 MiB
~llama_context:    Vulkan0 compute buffer size is 225.2344 MiB, matches expectation of 225.2344 MiB
~llama_context: Vulkan_Host compute buffer size is  12.8925 MiB, matches expectation of  12.8925 MiB
~llama_context:    Vulkan0 compute buffer size is 227.7734 MiB, matches expectation of 227.7734 MiB
~llama_context: Vulkan_Host compute buffer size is  21.4873 MiB, matches expectation of  21.4873 MiB
~llama_context:    Vulkan0 compute buffer size is 228.7891 MiB, matches expectation of 228.7891 MiB
~llama_context: Vulkan_Host compute buffer size is  21.4873 MiB, matches expectation of  21.4873 MiB
~llama_context:    Vulkan0 compute buffer size is 228.2812 MiB, matches expectation of 228.2812 MiB
~llama_context: Vulkan_Host compute buffer size is  21.4873 MiB, matches expectation of  21.4873 MiB
~llama_context:    Vulkan0 compute buffer size is 228.2812 MiB, matches expectation of 228.2812 MiB
~llama_context: Vulkan_Host compute buffer size is  21.4873 MiB, matches expectation of  21.4873 MiB
~llama_context:    Vulkan0 compute buffer size is 227.7734 MiB, matches expectation of 227.7734 MiB
~llama_context: Vulkan_Host compute buffer size is  21.4873 MiB, matches expectation of  21.4873 MiB
~llama_context:    Vulkan0 compute buffer size is 228.2812 MiB, matches expectation of 228.2812 MiB
~llama_context: Vulkan_Host compute buffer size is  21.4873 MiB, matches expectation of  21.4873 MiB
report: docs/evidence/tiel_chunks/report_006.json
placement: docs/evidence/tiel_chunks/placement_006.json
### quality — Tiel-Coder-35B-A3B-UD-Q4_K_XL.gguf

- generated: 2026-09-19T16:33:24Z
- host: Linux-7.2.4-ogc3.1.fc44.x86_64-x86_64-with-glibc2.43 · cpus 24 · cgroup quota n/a
- config: backend=vulkan runs=1 threads=4
- reproduce: `uv run ggufone bench --suite quality --model /var/home/rybens/.hermes/models/Tiel-Coder-35B-A3B-UD-Q4_K_XL.gguf --backend vulkan --runs 1 --threads 4 --devset docs/evidence/tiel_chunks/devset_006.jsonl --gpu-layers 9 --json`
- wall: 152.6 s
- engine devices: Vulkan0=10 · Vulkan_Host=10 (compute buffers) · effective backend: vulkan

**exact-match agreement**

| type | n | correct | agreement | 95% CI |
|---|---|---|---|---|
| choice | 7 | 4 | 0.5714 | 0.2505 – 0.8418 |
| noul | 2 | 1 | 0.5000 | 0.0945 – 0.9055 |
| score | 1 | 0 | 0.0000 | 0.0000 – 0.7935 |
| overall | 10 | 5 | 0.5000 | 0.2366 – 0.7634 |

**cue verdicts**

| item | type | cue top token | top-token mass | verdict |
|---|---|---|---|---|
| n17 | noul | `token 2083` | 0.7662 | ok |
| c18 | choice | `token 2054` | 0.3677 | ok |
| s18 | score | `token 248068` | 0.2504 | ok |
| n18 | noul | `token 2083` | 0.3668 | ok |
| c19 | choice | `token 248068` | 0.2585 | ok |
| c20 | choice | `token 36479` | 0.3972 | ok |
| c21 | choice | `token 248068` | 0.7971 | ok |
| c22 | choice | `token 40024` | 0.7070 | ok |
| c23 | choice | `token 271` | 0.3640 | ok |
| c24 | choice | `token 271` | 0.1644 | ok |

- agreement = the highest-probability candidate equals the gold candidate (the discrete decision), measured per question type and overall with 95% Wilson intervals; report-only in v1 (SPEC S-11).

