Running as unit: t9bcb-aux.service
tiel aux arm aux_role_split_ start 2026-09-20T13:21:52+02:00 pid 124550
cgroup=/user.slice/user-1000.slice/user@1000.service/app.slice/t9bcb-aux.service memory.max=max
model=/var/home/rybens/.hermes/models/Tiel-Coder-35B-A3B-UD-Q4_K_XL.gguf ngl=9 cue=shipped chat_format=role_split json_contract=question
9286a94c453c6a40ad51982c3dc88df4bba32fee9efad06e4588c83c059cf17c  /var/home/rybens/.hermes/models/Tiel-Coder-35B-A3B-UD-Q4_K_XL.gguf
=== chunk 001 start 2026-09-20T13:22:05+02:00
    vram_used=1460 MiB memavail=24974816kB
=== chunk 001 exit=0 wall=37s 2026-09-20T13:22:42+02:00
- framing: chat-template: qwen35moe / builtin · prefix tokens: 81, 82, 83, 84, 86, 90, 91, 94, 96, 106
~llama_context:    Vulkan0 compute buffer size is 230.3125 MiB, matches expectation of 230.3125 MiB
=== chunk 002 start 2026-09-20T13:22:42+02:00
    vram_used=1433 MiB memavail=24100680kB
=== chunk 002 exit=0 wall=37s 2026-09-20T13:23:19+02:00
- framing: chat-template: qwen35moe / builtin · prefix tokens: 74, 78, 79, 82, 83, 84, 85, 87, 90
~llama_context:    Vulkan0 compute buffer size is 227.2266 MiB, matches expectation of 227.2266 MiB
=== chunk 003 start 2026-09-20T13:23:19+02:00
    vram_used=1278 MiB memavail=25527832kB
=== chunk 003 exit=0 wall=36s 2026-09-20T13:23:55+02:00
- framing: chat-template: qwen35moe / builtin · prefix tokens: 79, 81, 82, 83, 84, 87, 88, 93
~llama_context:    Vulkan0 compute buffer size is 226.4531 MiB, matches expectation of 226.4531 MiB
=== chunk 004 start 2026-09-20T13:23:55+02:00
    vram_used=1271 MiB memavail=25467404kB
=== chunk 004 exit=0 wall=35s 2026-09-20T13:24:30+02:00
- framing: chat-template: qwen35moe / builtin · prefix tokens: 79, 80, 81, 83, 86, 87, 89, 90, 91, 92
~llama_context:    Vulkan0 compute buffer size is 229.2969 MiB, matches expectation of 229.2969 MiB
=== chunk 005 start 2026-09-20T13:24:30+02:00
    vram_used=1292 MiB memavail=25301652kB
=== chunk 005 exit=0 wall=35s 2026-09-20T13:25:05+02:00
- framing: chat-template: qwen35moe / builtin · prefix tokens: 71, 72, 76, 77, 78, 79, 80, 85, 100
~llama_context:    Vulkan0 compute buffer size is 226.2500 MiB, matches expectation of 226.2500 MiB
=== chunk 006 start 2026-09-20T13:25:05+02:00
    vram_used=1277 MiB memavail=25496908kB
=== chunk 006 exit=0 wall=40s 2026-09-20T13:25:45+02:00
- framing: chat-template: qwen35moe / builtin · prefix tokens: 75, 77, 83, 84, 85, 87, 88, 89, 93
~llama_context:    Vulkan0 compute buffer size is 226.7578 MiB, matches expectation of 226.7578 MiB
tiel aux arm aux_role_split_ done 2026-09-20T13:25:45+02:00
9286a94c453c6a40ad51982c3dc88df4bba32fee9efad06e4588c83c059cf17c  /var/home/rybens/.hermes/models/Tiel-Coder-35B-A3B-UD-Q4_K_XL.gguf
tiel aux arm aux_two_step_ start 2026-09-20T13:25:59+02:00 pid 124549
cgroup=/user.slice/user-1000.slice/user@1000.service/app.slice/t9bcb-aux.service memory.max=max
model=/var/home/rybens/.hermes/models/Tiel-Coder-35B-A3B-UD-Q4_K_XL.gguf ngl=9 cue=two_step chat_format=role_split json_contract=question
9286a94c453c6a40ad51982c3dc88df4bba32fee9efad06e4588c83c059cf17c  /var/home/rybens/.hermes/models/Tiel-Coder-35B-A3B-UD-Q4_K_XL.gguf
=== chunk 001 start 2026-09-20T13:26:13+02:00
    vram_used=1323 MiB memavail=25698968kB
=== chunk 001 exit=0 wall=43s 2026-09-20T13:26:56+02:00
- framing: chat-template: qwen35moe / builtin · prefix tokens: 81, 82, 83, 84, 86, 90, 91, 94, 96, 106
~llama_context:    Vulkan0 compute buffer size is 230.3125 MiB, matches expectation of 230.3125 MiB
=== chunk 002 start 2026-09-20T13:26:56+02:00
    vram_used=1301 MiB memavail=25429292kB
=== chunk 002 exit=0 wall=41s 2026-09-20T13:27:37+02:00
- framing: chat-template: qwen35moe / builtin · prefix tokens: 74, 78, 79, 82, 83, 84, 85, 87, 90
~llama_context:    Vulkan0 compute buffer size is 227.2266 MiB, matches expectation of 227.2266 MiB
=== chunk 003 start 2026-09-20T13:27:37+02:00
    vram_used=1285 MiB memavail=25555524kB
=== chunk 003 exit=0 wall=40s 2026-09-20T13:28:17+02:00
- framing: chat-template: qwen35moe / builtin · prefix tokens: 79, 81, 82, 83, 84, 87, 88, 93
~llama_context:    Vulkan0 compute buffer size is 226.4531 MiB, matches expectation of 226.4531 MiB
=== chunk 004 start 2026-09-20T13:28:17+02:00
    vram_used=1286 MiB memavail=25756804kB
=== chunk 004 exit=0 wall=41s 2026-09-20T13:28:58+02:00
- framing: chat-template: qwen35moe / builtin · prefix tokens: 79, 80, 81, 83, 86, 87, 89, 90, 91, 92
~llama_context:    Vulkan0 compute buffer size is 229.2969 MiB, matches expectation of 229.2969 MiB
=== chunk 005 start 2026-09-20T13:28:58+02:00
    vram_used=1286 MiB memavail=24478620kB
=== chunk 005 exit=0 wall=40s 2026-09-20T13:29:38+02:00
- framing: chat-template: qwen35moe / builtin · prefix tokens: 71, 72, 76, 77, 78, 79, 80, 85, 100
~llama_context:    Vulkan0 compute buffer size is 226.2500 MiB, matches expectation of 226.2500 MiB
=== chunk 006 start 2026-09-20T13:29:38+02:00
    vram_used=1286 MiB memavail=25758384kB
=== chunk 006 exit=0 wall=41s 2026-09-20T13:30:19+02:00
- framing: chat-template: qwen35moe / builtin · prefix tokens: 75, 77, 83, 84, 85, 87, 88, 89, 93
~llama_context:    Vulkan0 compute buffer size is 226.7578 MiB, matches expectation of 226.7578 MiB
tiel aux arm aux_two_step_ done 2026-09-20T13:30:19+02:00
9286a94c453c6a40ad51982c3dc88df4bba32fee9efad06e4588c83c059cf17c  /var/home/rybens/.hermes/models/Tiel-Coder-35B-A3B-UD-Q4_K_XL.gguf
          Finished with result: success
Main processes terminated with: code=exited, status=0/SUCCESS
               Service runtime: 8min 40.634s
             CPU time consumed: 10min 47.857s
                   Memory peak: 7.5G (swap: 128K)
