== card t_9bcbecff gates 2026-09-20T13:57:10+02:00
== tree: d170db0 (t9bcb-e3e-tiel)
== scope: cgroup=/user.slice/user-1000.slice/user@1000.service/app.slice/hermes-worker-kanban-t_9bcbecff-run-185.scope memory.max=4294967296

== gate 1: oracle docs/verify_runtime_contract.py
   exit=0 (full output: .t9bcb/oracle.txt)

failures: 0  skips: 0

== gate 2: ruff (the paths this card touches)
All checks passed!

== gate 3: the test suite
SKIPPED [1] tests/test_fit_live.py:102: live test: pass --run-network to run
SKIPPED [1] tests/test_fit_live.py:118: live test: pass --run-network to run
SKIPPED [1] tests/test_fit_live.py:133: live test: pass --run-network to run
SKIPPED [1] tests/test_fit_live.py:150: live test: pass --run-network to run
SKIPPED [1] tests/test_fit_live.py:178: live test: pass --run-network to run
SKIPPED [1] tests/test_fit_live.py:195: live test: pass --run-network to run
SKIPPED [1] tests/test_fit_live.py:232: live test: pass --run-network to run
SKIPPED [1] tests/test_fit_live.py:252: live test: pass --run-network to run
SKIPPED [1] tests/test_gguf_header.py:219: live test: pass --run-network to run
SKIPPED [1] tests/test_gguf_header.py:235: live test: pass --run-network to run
SKIPPED [1] tests/test_hf_network.py:33: live test: pass --run-network to run
SKIPPED [1] tests/test_hf_network.py:40: live test: pass --run-network to run
SKIPPED [1] tests/test_hf_network.py:51: live test: pass --run-network to run
SKIPPED [1] tests/test_hf_network.py:80: live test: pass --run-network to run
SKIPPED [1] tests/test_probe_pressure.py:312: no readable pid cgroup (not a container): the fork gates cannot be gated here
SKIPPED [1] tests/test_runtime_live.py:42: live test: pass --run-network to run
SKIPPED [1] tests/test_runtime_live.py:50: live test: pass --run-network to run
SKIPPED [1] tests/test_runtime_live.py:59: live test: pass --run-network to run
SKIPPED [1] tests/test_runtime_live.py:83: live test: pass --run-network to run
SKIPPED [1] tests/test_runtime_live.py:90: live test: pass --run-network to run
SKIPPED [1] tests/test_serving_attribution.py:546: live test: pass --run-network to run
SKIPPED [2] tests/test_templates.py:423: live test: pass --run-network to run
SKIPPED [1] tests/test_templates.py:442: live test: pass --run-network to run
SKIPPED [1] tests/test_templates.py:478: live test: pass --run-network to run
1325 passed, 48 skipped in 37.02s
   suite exit=0 (full output: .t9bcb/gates.txt)

== gates done 2026-09-20T13:57:53+02:00
