load_backend: loaded RPC backend from /home/rybens/.local/share/ggufone/runtime/b11026-linux-x64-vulkan/libggml-rpc.so
ggml_vulkan: Found 1 Vulkan devices:
ggml_vulkan: 0 = NVIDIA GeForce RTX 3060 Ti (NVIDIA) | uma: 0 | fp16: 1 | bf16: 1 | fp4: 0 | warp size: 32 | shared memory: 49152 | int dot: 1 | matrix cores: NV_coopmat2
load_backend: loaded Vulkan backend from /home/rybens/.local/share/ggufone/runtime/b11026-linux-x64-vulkan/libggml-vulkan.so
load_backend: loaded CPU backend from /home/rybens/.local/share/ggufone/runtime/b11026-linux-x64-vulkan/libggml-cpu-haswell.so
~llama_context:    Vulkan0 compute buffer size is 227.9766 MiB, matches expectation of 227.9766 MiB
~llama_context: Vulkan_Host compute buffer size is  12.8925 MiB, matches expectation of  12.8925 MiB
~llama_context:    Vulkan0 compute buffer size is 230.3125 MiB, matches expectation of 230.3125 MiB
~llama_context: Vulkan_Host compute buffer size is  21.4873 MiB, matches expectation of  21.4873 MiB
~llama_context:    Vulkan0 compute buffer size is 228.2812 MiB, matches expectation of 228.2812 MiB
~llama_context: Vulkan_Host compute buffer size is  21.4873 MiB, matches expectation of  21.4873 MiB
~llama_context:    Vulkan0 compute buffer size is 227.0625 MiB, matches expectation of 227.0625 MiB
~llama_context: Vulkan_Host compute buffer size is  12.8925 MiB, matches expectation of  12.8925 MiB
~llama_context:    Vulkan0 compute buffer size is 230.3125 MiB, matches expectation of 230.3125 MiB
~llama_context: Vulkan_Host compute buffer size is  21.4873 MiB, matches expectation of  21.4873 MiB
~llama_context:    Vulkan0 compute buffer size is 231.3281 MiB, matches expectation of 231.3281 MiB
~llama_context: Vulkan_Host compute buffer size is  21.4873 MiB, matches expectation of  21.4873 MiB
~llama_context:    Vulkan0 compute buffer size is 230.3125 MiB, matches expectation of 230.3125 MiB
~llama_context: Vulkan_Host compute buffer size is  21.4873 MiB, matches expectation of  21.4873 MiB
~llama_context:    Vulkan0 compute buffer size is 230.8203 MiB, matches expectation of 230.8203 MiB
~llama_context: Vulkan_Host compute buffer size is  21.4873 MiB, matches expectation of  21.4873 MiB
~llama_context:    Vulkan0 compute buffer size is 229.8047 MiB, matches expectation of 229.8047 MiB
~llama_context: Vulkan_Host compute buffer size is  21.4873 MiB, matches expectation of  21.4873 MiB
~llama_context:    Vulkan0 compute buffer size is 230.3125 MiB, matches expectation of 230.3125 MiB
~llama_context: Vulkan_Host compute buffer size is  21.4873 MiB, matches expectation of  21.4873 MiB
report: docs/evidence/t9bcbecff_tiel_chunks/report_006.json
placement: docs/evidence/t9bcbecff_tiel_chunks/placement_006.json
### quality — Tiel-Coder-35B-A3B-UD-Q4_K_XL.gguf

- generated: 2026-09-20T11:20:41Z
- host: Linux-7.2.4-ogc3.1.fc44.x86_64-x86_64-with-glibc2.43 · cpus 24 · cgroup quota n/a
- config: backend=vulkan runs=1 threads=4
- reproduce: `uv run ggufone bench --suite quality --model /var/home/rybens/.hermes/models/Tiel-Coder-35B-A3B-UD-Q4_K_XL.gguf --backend vulkan --runs 1 --threads 4 --devset docs/evidence/tiel_corrected_chunks/devset_006.jsonl --cue json_instructed --chat-format role_split --gpu-layers 9 --json`
- wall: 36.5 s
- engine devices: Vulkan0=10 · Vulkan_Host=10 (compute buffers) · effective backend: vulkan
- framing: chat-template: qwen35moe / builtin · prefix tokens: 80, 82, 88, 89, 90, 92, 93, 94, 98
- prompt policy: cue=json_instructed · chat_format=role_split (question in a user turn)

**exact-match agreement**

| type | n | correct | agreement | 95% CI |
|---|---|---|---|---|
| choice | 7 | 6 | 0.8571 | 0.4869 – 0.9743 |
| noul | 2 | 2 | 1.000 | 0.3424 – 1.000 |
| score | 1 | 1 | 1.000 | 0.2065 – 1.000 |
| overall | 10 | 9 | 0.9000 | 0.5958 – 0.9821 |

**cue verdicts**

| item | type | cue top token | top-token mass | verdict |
|---|---|---|---|---|
| n17 | noul | `token 2083` | 0.9982 | ok |
| c18 | choice | `token 2598` | 0.9995 | ok |
| s18 | score | `token 15` | 0.9857 | ok |
| n18 | noul | `token 9405` | 0.9955 | ok |
| c19 | choice | `token 20489` | 0.9951 | ok |
| c20 | choice | `token 36479` | 0.9968 | ok |
| c21 | choice | `token 79750` | 0.9025 | ok |
| c22 | choice | `token 40024` | 0.9982 | ok |
| c23 | choice | `token 16417` | 0.9989 | ok |
| c24 | choice | `token 5917` | 0.9985 | ok |

- agreement = the highest-probability candidate equals the gold candidate (the discrete decision), measured per question type and overall with 95% Wilson intervals; report-only in v1 (SPEC S-11).

