........................................................................ [  3%]
........................................ssssssss........................ [  7%]
................................................................s....... [ 11%]
........................................................................ [ 15%]
................................................s....................... [ 19%]
........................................................................ [ 23%]
........................................................................ [ 27%]
................................ss...................................... [ 31%]
........................................................................ [ 35%]
........................................................................ [ 39%]
........................................................................ [ 42%]
........................................................................ [ 46%]
........sss..................................................sssssss.... [ 50%]
..............................................sssssss.sss............... [ 54%]
.................................................ss..................... [ 58%]
..ssss.................................................................. [ 62%]
............................................................sssssss..... [ 66%]
........................................................................ [ 70%]
....s................................................................... [ 74%]
........................................................................ [ 78%]
..........................................................s............. [ 81%]
...........................sssss........................................ [ 85%]
.s...................................................................... [ 89%]
.................................................................s...... [ 93%]
..............................................s......................... [ 97%]
......ssss..................................                             [100%]
1785 passed, 59 skipped in 54.34s
