$ /work/e3repo/.venv/bin/python3 -m ggufone run --questions /work/e3scratch/batch_questions.json --state @/work/e3scratch/batch_state.txt --model /var/home/rybens/.hermes/models/Accio-Lab_occamy-1.0-Q4_K_L.gguf --threads 4 --n-seq-max 4 --backend vulkan --out /work/e3scratch/batch_response.json
load_backend: loaded RPC backend from /var/home/rybens/.local/share/ggufone/runtime/b11026-linux-x64-vulkan/libggml-rpc.so
ggml_vulkan: Found 1 Vulkan devices:
ggml_vulkan: 0 = NVIDIA GeForce RTX 3060 Ti (NVIDIA) | uma: 0 | fp16: 1 | bf16: 1 | fp4: 0 | warp size: 32 | shared memory: 49152 | int dot: 1 | matrix cores: NV_coopmat2
load_backend: loaded Vulkan backend from /var/home/rybens/.local/share/ggufone/runtime/b11026-linux-x64-vulkan/libggml-vulkan.so
load_backend: loaded CPU backend from /var/home/rybens/.local/share/ggufone/runtime/b11026-linux-x64-vulkan/libggml-cpu-haswell.so
~llama_context:    Vulkan0 compute buffer size is 363.5412 MiB, matches expectation of 363.5412 MiB
~llama_context: Vulkan_Host compute buffer size is  17.4555 MiB, matches expectation of  17.4555 MiB
{
  "wall_s": 3633.6,
  "questions": 20,
  "n_seq_max": 4,
  "usage": {
    "input_tokens": 1175,
    "output_tokens": 117,
    "questions": 20,
    "forks": 80,
    "prefill_tokens": 109,
    "decode_steps": 117,
    "waves": 65
  },
  "n_gpu_layers": 3,
  "placement": {
    "note": "fit plan: 3 layer(s) offloaded, kv_type=q4_0",
    "n_gpu_layers": 3,
    "kv_type": "q4_0",
    "degraded": false,
    "attempts": [],
    "warnings": []
  },
  "answers": 20,
  "ok": true
}
