load_backend: loaded RPC backend from /home/rybens/.local/share/ggufone/runtime/b11026-linux-x64-vulkan/libggml-rpc.so
ggml_vulkan: Found 1 Vulkan devices:
ggml_vulkan: 0 = NVIDIA GeForce RTX 3060 Ti (NVIDIA) | uma: 0 | fp16: 1 | bf16: 1 | fp4: 0 | warp size: 32 | shared memory: 49152 | int dot: 1 | matrix cores: NV_coopmat2
load_backend: loaded Vulkan backend from /home/rybens/.local/share/ggufone/runtime/b11026-linux-x64-vulkan/libggml-vulkan.so
load_backend: loaded CPU backend from /home/rybens/.local/share/ggufone/runtime/b11026-linux-x64-vulkan/libggml-cpu-haswell.so
~llama_context:    Vulkan0 compute buffer size is 226.6523 MiB, matches expectation of 226.6523 MiB
~llama_context: Vulkan_Host compute buffer size is  25.7846 MiB, matches expectation of  25.7846 MiB
~llama_context:    Vulkan0 compute buffer size is 225.5391 MiB, matches expectation of 225.5391 MiB
~llama_context: Vulkan_Host compute buffer size is  12.8925 MiB, matches expectation of  12.8925 MiB
~llama_context:    Vulkan0 compute buffer size is 227.2656 MiB, matches expectation of 227.2656 MiB
~llama_context: Vulkan_Host compute buffer size is  21.4873 MiB, matches expectation of  21.4873 MiB
~llama_context:    Vulkan0 compute buffer size is 225.5039 MiB, matches expectation of 225.5039 MiB
~llama_context: Vulkan_Host compute buffer size is  25.7846 MiB, matches expectation of  25.7846 MiB
~llama_context:    Vulkan0 compute buffer size is 226.4531 MiB, matches expectation of 226.4531 MiB
~llama_context: Vulkan_Host compute buffer size is  12.8925 MiB, matches expectation of  12.8925 MiB
~llama_context:    Vulkan0 compute buffer size is 227.2656 MiB, matches expectation of 227.2656 MiB
~llama_context: Vulkan_Host compute buffer size is  21.4873 MiB, matches expectation of  21.4873 MiB
~llama_context:    Vulkan0 compute buffer size is 226.7578 MiB, matches expectation of 226.7578 MiB
~llama_context: Vulkan_Host compute buffer size is  21.4873 MiB, matches expectation of  21.4873 MiB
~llama_context:    Vulkan0 compute buffer size is 226.1484 MiB, matches expectation of 226.1484 MiB
~llama_context: Vulkan_Host compute buffer size is  12.8925 MiB, matches expectation of  12.8925 MiB
~llama_context:    Vulkan0 compute buffer size is 227.7734 MiB, matches expectation of 227.7734 MiB
~llama_context: Vulkan_Host compute buffer size is  21.4873 MiB, matches expectation of  21.4873 MiB
~llama_context:    Vulkan0 compute buffer size is 227.7734 MiB, matches expectation of 227.7734 MiB
~llama_context: Vulkan_Host compute buffer size is  21.4873 MiB, matches expectation of  21.4873 MiB
report: docs/evidence/tiel_corrected_chunks/two_step_report_002.json
placement: docs/evidence/tiel_corrected_chunks/two_step_placement_002.json
### quality — Tiel-Coder-35B-A3B-UD-Q4_K_XL.gguf

- generated: 2026-09-19T20:49:47Z
- host: Linux-7.2.4-ogc3.1.fc44.x86_64-x86_64-with-glibc2.43 · cpus 24 · cgroup quota n/a
- config: backend=vulkan runs=1 threads=4
- reproduce: `uv run ggufone bench --suite quality --model /var/home/rybens/.hermes/models/Tiel-Coder-35B-A3B-UD-Q4_K_XL.gguf --backend vulkan --runs 1 --threads 4 --devset docs/evidence/tiel_corrected_chunks/devset_002.jsonl --gpu-layers 9 --json`
- wall: 39.7 s
- engine devices: Vulkan0=10 · Vulkan_Host=10 (compute buffers) · effective backend: vulkan
- framing: chat-template: qwen35moe / builtin · prefix tokens: 77, 81, 82, 85, 86, 87, 88, 90, 93

**exact-match agreement**

| type | n | correct | agreement | 95% CI |
|---|---|---|---|---|
| choice | 3 | 0 | 0.0000 | 0.0000 – 0.5615 |
| noul | 3 | 1 | 0.3333 | 0.0615 – 0.7923 |
| score | 4 | 1 | 0.2500 | 0.0456 – 0.6994 |
| overall | 10 | 2 | 0.2000 | 0.0567 – 0.5098 |

**cue verdicts**

| item | type | cue top token | top-token mass | verdict |
|---|---|---|---|---|
| s04 | score | `</think>` | 0.5470 | W_CUE_REFUSED |
| n04 | noul | `<|im_end|>` | 0.9711 | W_CUE_REFUSED |
| c05 | choice | `</think>` | 0.5418 | W_CUE_REFUSED |
| s05 | score | `<|im_end|>` | 0.4382 | W_CUE_REFUSED |
| n05 | noul | `<|im_end|>` | 0.5042 | W_CUE_REFUSED |
| c06 | choice | `</think>` | 0.9260 | W_CUE_REFUSED |
| s06 | score | `<|im_end|>` | 0.5590 | W_CUE_REFUSED |
| n06 | noul | `</think>` | 0.7136 | W_CUE_REFUSED |
| c07 | choice | `</think>` | 0.4446 | W_CUE_REFUSED |
| s07 | score | `<|im_end|>` | 0.8864 | W_CUE_REFUSED |

- W_CUE_REFUSED: the cue row's top token is a turn-closer — the model closes the assistant turn instead of answering, so the label mass at that row cannot reach the floor (`readout.reliability` measures it, `docs/TEMPLATES.md` §4 carries the policy).

- agreement = the highest-probability candidate equals the gold candidate (the discrete decision), measured per question type and overall with 95% Wilson intervals; report-only in v1 (SPEC S-11).

