load_backend: loaded RPC backend from /var/home/rybens/.local/share/ggufone/runtime/b11026-linux-x64-vulkan/libggml-rpc.so
load_backend: loaded CPU backend from /var/home/rybens/.local/share/ggufone/runtime/b11026-linux-x64-vulkan/libggml-cpu-haswell.so
model Spark-X2.5-4B-Q8_0.gguf · n_gpu_layers=0 · threads 4 · cues shipped, two_step
record docs/evidence/e3d/full.json · items 6 stratified · floor 0.1

item  type   cue        |                       probe |                      engine | verdict
                        |        got       cov   low |        got       cov   rel |
~llama_context:        CPU compute buffer size is 109.1024 MiB, matches expectation of 109.1024 MiB
c01   choice shipped    |    billing   0.01144  True |    billing  0.006961 low_mass | ok
~llama_context:        CPU compute buffer size is 109.1024 MiB, matches expectation of 109.1024 MiB
c01   choice two_step   |  technical    0.9559 False |  technical    0.9419    ok | ok
~llama_context:        CPU compute buffer size is  88.3307 MiB, matches expectation of  88.3307 MiB
n01   noul   shipped    |        yes   0.02754  True |        yes    0.0312 low_mass | ok
~llama_context:        CPU compute buffer size is  88.3307 MiB, matches expectation of  88.3307 MiB
n01   noul   two_step   |        yes     0.924 False |        yes    0.9316    ok | ok
~llama_context:        CPU compute buffer size is  92.4968 MiB, matches expectation of  92.4968 MiB
s01   score  shipped    |          1   0.04904  True |          1   0.05649 low_mass | ok
~llama_context:        CPU compute buffer size is  92.4968 MiB, matches expectation of  92.4968 MiB
s01   score  two_step   |          3    0.8664 False |          3    0.7766    ok | ok
~llama_context:        CPU compute buffer size is 102.3777 MiB, matches expectation of 102.3777 MiB
c02   choice shipped    |    billing   0.03048  True |    billing    0.0243 low_mass | ok
~llama_context:        CPU compute buffer size is 102.3777 MiB, matches expectation of 102.3777 MiB
c02   choice two_step   |    billing    0.9979 False |    billing     0.998    ok | ok
~llama_context:        CPU compute buffer size is  90.3991 MiB, matches expectation of  90.3991 MiB
n02   noul   shipped    |        yes   0.06351  True |        yes   0.07269 low_mass | ok
~llama_context:        CPU compute buffer size is  90.3991 MiB, matches expectation of  90.3991 MiB
n02   noul   two_step   |        yes    0.9901 False |        yes    0.9884    ok | ok
~llama_context:        CPU compute buffer size is  89.3893 MiB, matches expectation of  89.3893 MiB
s02   score  shipped    |          1   0.01354  True |          1   0.01005 low_mass | ok
~llama_context:        CPU compute buffer size is  89.3893 MiB, matches expectation of  89.3893 MiB
s02   score  two_step   |          1    0.9788 False |          1    0.9754    ok | ok

engine/probe verdicts: 12 ok, 0 different
engine check exit=0
