    typed_gguf.runtime.update.x__release_asset__mutmut_15: survived
    typed_gguf.runtime.update.x__release_asset__mutmut_16: survived
    typed_gguf.runtime.update.x__release_asset__mutmut_18: survived
    typed_gguf.runtime.update.x__release_asset__mutmut_42: survived
    typed_gguf.runtime.update.x_parse_releases__mutmut_34: survived
    typed_gguf.runtime.update.x_fetch_releases__mutmut_3: survived
    typed_gguf.runtime.update.x_fetch_releases__mutmut_6: survived
    typed_gguf.runtime.update.x_fetch_releases__mutmut_7: survived
    typed_gguf.runtime.update.x_fetch_releases__mutmut_8: survived
    typed_gguf.runtime.update.x_fetch_releases__mutmut_12: survived
    typed_gguf.runtime.update.x_fetch_releases__mutmut_13: survived
    typed_gguf.runtime.update.x_fetch_releases__mutmut_14: survived
    typed_gguf.runtime.update.x_fetch_releases__mutmut_15: survived
    typed_gguf.runtime.update.x_fetch_releases__mutmut_16: survived
    typed_gguf.runtime.update.x_fetch_releases__mutmut_17: survived
    typed_gguf.runtime.update.x_fetch_releases__mutmut_18: survived
    typed_gguf.runtime.update.x_fetch_releases__mutmut_21: survived
    typed_gguf.runtime.update.x_fetch_releases__mutmut_22: survived
    typed_gguf.runtime.update.x_fetch_releases__mutmut_23: survived
    typed_gguf.runtime.update.x_fetch_releases__mutmut_24: survived
    typed_gguf.runtime.update.x_fetch_releases__mutmut_27: survived
    typed_gguf.runtime.update.x_fetch_releases__mutmut_28: survived
    typed_gguf.runtime.update.x_fetch_releases__mutmut_33: survived
    typed_gguf.runtime.update.x_fetch_releases__mutmut_34: survived
    typed_gguf.runtime.update.x_fetch_releases__mutmut_35: survived
    typed_gguf.runtime.update.x_fetch_releases__mutmut_36: survived
    typed_gguf.runtime.update.x_build_of_tag__mutmut_10: survived
    typed_gguf.runtime.update.x_pick_target__mutmut_13: survived
    typed_gguf.runtime.update.x_pick_target__mutmut_19: survived
    typed_gguf.runtime.update.x__same_dir__mutmut_1: survived
    typed_gguf.runtime.update.x__same_dir__mutmut_4: survived
    typed_gguf.runtime.update.x__same_dir__mutmut_10: survived
    typed_gguf.runtime.update.x__same_dir__mutmut_11: survived
    typed_gguf.runtime.update.x__same_dir__mutmut_12: survived
    typed_gguf.runtime.update.x_variant_of_dir__mutmut_4: survived
    typed_gguf.runtime.update.x_current_runtime__mutmut_10: survived
    typed_gguf.runtime.update.x_current_runtime__mutmut_32: survived
    typed_gguf.runtime.update.x_current_runtime__mutmut_33: survived
    typed_gguf.runtime.update.x_current_runtime__mutmut_35: survived
    typed_gguf.runtime.update.x_current_runtime__mutmut_36: survived
    typed_gguf.runtime.update.x_current_runtime__mutmut_37: survived
    typed_gguf.runtime.update.x_current_runtime__mutmut_42: survived
    typed_gguf.runtime.update.x_current_runtime__mutmut_48: survived
    typed_gguf.runtime.update.x_current_runtime__mutmut_49: survived
    typed_gguf.runtime.update.x_current_runtime__mutmut_50: survived
    typed_gguf.runtime.update.x_current_runtime__mutmut_52: survived
    typed_gguf.runtime.update.x__require_probe__mutmut_2: survived
    typed_gguf.runtime.update.x__require_probe__mutmut_3: survived
    typed_gguf.runtime.update.x__require_probe__mutmut_4: survived
    typed_gguf.runtime.update.x__require_probe__mutmut_5: survived
    typed_gguf.runtime.update.x__require_probe__mutmut_6: survived
    typed_gguf.runtime.update.x__require_probe__mutmut_11: survived
    typed_gguf.runtime.update.x__require_probe__mutmut_12: survived
    typed_gguf.runtime.update.x__require_probe__mutmut_13: survived
    typed_gguf.runtime.update.x__require_probe__mutmut_14: survived
    typed_gguf.runtime.update.x__require_probe__mutmut_15: survived
    typed_gguf.runtime.update.x__require_probe__mutmut_16: survived
    typed_gguf.runtime.update.x__require_probe__mutmut_17: survived
    typed_gguf.runtime.update.x__require_probe__mutmut_18: survived
    typed_gguf.runtime.update.x__require_probe__mutmut_20: survived
    typed_gguf.runtime.update.x__require_probe__mutmut_22: survived
    typed_gguf.runtime.update.x__require_probe__mutmut_27: survived
    typed_gguf.runtime.update.x__require_probe__mutmut_28: survived
    typed_gguf.runtime.update.x__require_probe__mutmut_29: survived
    typed_gguf.runtime.update.x__require_probe__mutmut_30: survived
    typed_gguf.runtime.update.x__require_probe__mutmut_31: survived
    typed_gguf.runtime.update.x__require_probe__mutmut_32: survived
    typed_gguf.runtime.update.x__require_probe__mutmut_35: survived
    typed_gguf.runtime.update.x__require_probe__mutmut_36: survived
    typed_gguf.runtime.update.x__require_probe__mutmut_39: survived
    typed_gguf.runtime.update.x__require_probe__mutmut_40: survived
    typed_gguf.runtime.update.x__stop_host__mutmut_3: survived
    typed_gguf.runtime.update.x__stop_host__mutmut_16: survived
    typed_gguf.runtime.update.x__stop_host__mutmut_17: survived
    typed_gguf.runtime.update.x__stop_host__mutmut_18: survived
    typed_gguf.runtime.update.x__stop_host__mutmut_22: survived
    typed_gguf.runtime.update.x__stop_host__mutmut_23: survived
    typed_gguf.runtime.update.x__stop_host__mutmut_24: survived
    typed_gguf.runtime.update.x__asset_payload__mutmut_3: survived
    typed_gguf.runtime.update.x__updated_warnings__mutmut_6: survived
    typed_gguf.runtime.update.x__updated_warnings__mutmut_7: survived
    typed_gguf.runtime.update.x__probe_payload__mutmut_3: survived
    typed_gguf.runtime.update.x__probe_payload__mutmut_9: survived
    typed_gguf.runtime.update.x__stage__mutmut_1: survived
    typed_gguf.runtime.update.x__stage__mutmut_3: survived
    typed_gguf.runtime.update.x__stage__mutmut_5: survived
    typed_gguf.runtime.update.x__stage__mutmut_22: survived
    typed_gguf.runtime.update.x__stage__mutmut_26: survived
    typed_gguf.runtime.update.x__stage__mutmut_28: survived
    typed_gguf.runtime.update.x__stage__mutmut_29: survived
    typed_gguf.runtime.update.x__stage__mutmut_30: survived
    typed_gguf.runtime.update.x__stage__mutmut_31: survived
    typed_gguf.runtime.update.x__stage__mutmut_32: survived
    typed_gguf.runtime.update.x__stage__mutmut_33: survived
    typed_gguf.runtime.update.x__stage__mutmut_44: survived
    typed_gguf.runtime.update.x_update__mutmut_19: survived
    typed_gguf.runtime.update.x_update__mutmut_20: survived
    typed_gguf.runtime.update.x_update__mutmut_21: survived
    typed_gguf.runtime.update.x_update__mutmut_23: survived
    typed_gguf.runtime.update.x_update__mutmut_24: survived
    typed_gguf.runtime.update.x_update__mutmut_25: survived
    typed_gguf.runtime.update.x_update__mutmut_60: survived
    typed_gguf.runtime.update.x_update__mutmut_61: survived
    typed_gguf.runtime.update.x_update__mutmut_62: survived
    typed_gguf.runtime.update.x_update__mutmut_63: survived
    typed_gguf.runtime.update.x_update__mutmut_64: survived
    typed_gguf.runtime.update.x_update__mutmut_72: survived
    typed_gguf.runtime.update.x_update__mutmut_130: survived
    typed_gguf.runtime.update.x_update__mutmut_153: survived
    typed_gguf.runtime.update.x_update__mutmut_154: survived
    typed_gguf.runtime.update.x_update__mutmut_166: survived
    typed_gguf.runtime.update.x_update__mutmut_181: survived
    typed_gguf.runtime.update.x_update__mutmut_187: survived
    typed_gguf.runtime.update.x_update__mutmut_199: survived
    typed_gguf.runtime.update.x_update__mutmut_208: survived
    typed_gguf.runtime.update.x_update__mutmut_215: survived
    typed_gguf.runtime.update.x_update__mutmut_216: survived
    typed_gguf.runtime.update.x_update__mutmut_229: survived
    typed_gguf.runtime.update.x_update__mutmut_230: survived
    typed_gguf.runtime.update.x_update__mutmut_233: survived
    typed_gguf.runtime.update.x_update__mutmut_234: survived
    typed_gguf.runtime.update.x_update__mutmut_269: survived
    typed_gguf.runtime.update.x_update__mutmut_294: survived
    typed_gguf.runtime.update.x_update__mutmut_296: survived
    typed_gguf.runtime.update.x_update__mutmut_297: survived
    typed_gguf.runtime.update.x_rollback__mutmut_16: survived
    typed_gguf.runtime.update.x_rollback__mutmut_17: survived
    typed_gguf.runtime.update.x_rollback__mutmut_30: survived
    typed_gguf.runtime.update.x_rollback__mutmut_35: survived
    typed_gguf.runtime.update.x_rollback__mutmut_36: survived
    typed_gguf.runtime.update.x_rollback__mutmut_50: survived
    typed_gguf.runtime.update.x_rollback__mutmut_51: survived
    typed_gguf.runtime.update.x_rollback__mutmut_59: survived
    typed_gguf.runtime.update.x_rollback__mutmut_60: survived
    typed_gguf.runtime.update.x_rollback__mutmut_64: survived
    typed_gguf.runtime.update.x_rollback__mutmut_65: survived
    typed_gguf.runtime.update.x_rollback__mutmut_73: survived
