load_backend: loaded RPC backend from /var/home/rybens/.local/share/ggufone/runtime/b11026-linux-x64-vulkan/libggml-rpc.so
ggml_vulkan: Found 1 Vulkan devices:
ggml_vulkan: 0 = NVIDIA GeForce RTX 3060 Ti (NVIDIA) | uma: 0 | fp16: 1 | bf16: 1 | fp4: 0 | warp size: 32 | shared memory: 49152 | int dot: 1 | matrix cores: NV_coopmat2
load_backend: loaded Vulkan backend from /var/home/rybens/.local/share/ggufone/runtime/b11026-linux-x64-vulkan/libggml-vulkan.so
load_backend: loaded CPU backend from /var/home/rybens/.local/share/ggufone/runtime/b11026-linux-x64-vulkan/libggml-cpu-haswell.so
ggml_vulkan: Device memory allocation of size 887802624 failed.
ggml_vulkan: vk::Device::allocateMemory: ErrorOutOfDeviceMemory
ggml_vulkan: Device memory allocation of size 825059328 failed.
ggml_vulkan: vk::Device::allocateMemory: ErrorOutOfDeviceMemory
~llama_context:    Vulkan0 compute buffer size is 1008.5625 MiB, matches expectation of 1008.5625 MiB
~llama_context: Vulkan_Host compute buffer size is  94.7150 MiB, matches expectation of  94.7150 MiB
{"item": "c01", "prefixes": {"shipped": {"prefill_ms": 67307.9, "cue_decode_s": 61.0, "top_token": [["<|im_end|>", 0.9999], ["</think>", 0.0]], "coverage": {"shipped": {"bare": 1.7e-07, "space": 1e-08, "caps": 1e-08, "newline": 5e-08, "long": 1.7e-07}}, "ranked": {"shipped=bare": {"got": "support", "correct": false, "confidence": 0.0785}, "shipped=newline": {"got": "billing", "correct": false, "confidence": 0.4824}}}}, "cross_check": null}
~llama_context:    Vulkan0 compute buffer size is 1008.4375 MiB, matches expectation of 1008.4375 MiB
~llama_context: Vulkan_Host compute buffer size is 111.9359 MiB, matches expectation of 111.9359 MiB
{"item": "s01", "prefixes": {"shipped": {"prefill_ms": 45938.2, "cue_decode_s": 36.6, "top_token": [["<|im_end|>", 1.0], ["</think>", 0.0]], "coverage": {"shipped": {"bare": 1.04e-06, "space": 0.0, "caps": 1.04e-06, "newline": 1e-08, "long": 0.0}}, "ranked": {"shipped=bare": {"got": "4", "correct": false, "confidence": 0.9496}, "shipped=newline": {"got": "4", "correct": false, "confidence": 0.1864}}}}, "cross_check": null}
~llama_context:    Vulkan0 compute buffer size is 1008.4062 MiB, matches expectation of 1008.4062 MiB
~llama_context: Vulkan_Host compute buffer size is  60.2732 MiB, matches expectation of  60.2732 MiB
{"item": "n01", "prefixes": {"shipped": {"prefill_ms": 53157.2, "cue_decode_s": 49.4, "top_token": [["<|im_end|>", 1.0], ["</think>", 0.0]], "coverage": {"shipped": {"bare": 3.92e-06, "space": 2e-08, "caps": 3e-08, "newline": 1e-07, "long": 3.92e-06}}, "ranked": {"shipped=bare": {"got": "no", "correct": false, "confidence": 0.9443}, "shipped=newline": {"got": "no", "correct": false, "confidence": 0.5716}}}}, "cross_check": null}
~llama_context:    Vulkan0 compute buffer size is 1008.5625 MiB, matches expectation of 1008.5625 MiB
~llama_context: Vulkan_Host compute buffer size is  94.7150 MiB, matches expectation of  94.7150 MiB
{"item": "c02", "prefixes": {"shipped": {"prefill_ms": 31498.6, "cue_decode_s": 23.9, "top_token": [["<|im_end|>", 1.0], ["</think>", 0.0]], "coverage": {"shipped": {"bare": 7.3e-07, "space": 1e-08, "caps": 1e-08, "newline": 0.0, "long": 7.3e-07}}, "ranked": {"shipped=bare": {"got": "escalation", "correct": false, "confidence": 0.9987}, "shipped=newline": {"got": "escalation", "correct": false, "confidence": 0.9934}}}}, "cross_check": null}
~llama_context:    Vulkan0 compute buffer size is 1008.5625 MiB, matches expectation of 1008.5625 MiB
~llama_context: Vulkan_Host compute buffer size is  94.7150 MiB, matches expectation of  94.7150 MiB
{"item": "s02", "prefixes": {"shipped": {"prefill_ms": 25230.0, "cue_decode_s": 27.6, "top_token": [["<|im_end|>", 1.0], ["</think>", 0.0]], "coverage": {"shipped": {"bare": 8.55e-06, "space": 0.0, "caps": 8.55e-06, "newline": 1e-08, "long": 0.0}}, "ranked": {"shipped=bare": {"got": "3", "correct": true, "confidence": 0.9083}, "shipped=newline": {"got": "3", "correct": true, "confidence": 0.3335}}}}, "cross_check": null}
~llama_context:    Vulkan0 compute buffer size is 1008.4062 MiB, matches expectation of 1008.4062 MiB
~llama_context: Vulkan_Host compute buffer size is  60.2732 MiB, matches expectation of  60.2732 MiB
{"item": "n02", "prefixes": {"shipped": {"prefill_ms": 32306.6, "cue_decode_s": 20.9, "top_token": [["<|im_end|>", 1.0], ["Answer", 0.0]], "coverage": {"shipped": {"bare": 4.57e-06, "space": 7e-08, "caps": 5e-08, "newline": 3.6e-07, "long": 4.57e-06}}, "ranked": {"shipped=bare": {"got": "no", "correct": false, "confidence": 0.8082}, "shipped=newline": {"got": "no", "correct": false, "confidence": 0.4643}}}}, "cross_check": null}
~llama_context:    Vulkan0 compute buffer size is 1008.5625 MiB, matches expectation of 1008.5625 MiB
~llama_context: Vulkan_Host compute buffer size is  94.7150 MiB, matches expectation of  94.7150 MiB
{"item": "c03", "prefixes": {"shipped": {"prefill_ms": 22974.3, "cue_decode_s": 37.0, "top_token": [["<|im_end|>", 0.9996], ["</think>", 0.0003]], "coverage": {"shipped": {"bare": 1.9e-07, "space": 1e-08, "caps": 1e-08, "newline": 2e-08, "long": 1.9e-07}}, "ranked": {"shipped=bare": {"got": "marketing", "correct": false, "confidence": 0.2414}, "shipped=newline": {"got": "mobile", "correct": true, "confidence": 0.412}}}}, "cross_check": null}
~llama_context:    Vulkan0 compute buffer size is 1008.4375 MiB, matches expectation of 1008.4375 MiB
~llama_context: Vulkan_Host compute buffer size is 111.9359 MiB, matches expectation of 111.9359 MiB
{"item": "s03", "prefixes": {"shipped": {"prefill_ms": 56903.4, "cue_decode_s": 37.9, "top_token": [["<|im_end|>", 1.0], ["4", 0.0]], "coverage": {"shipped": {"bare": 2.09e-06, "space": 0.0, "caps": 2.09e-06, "newline": 1e-08, "long": 0.0}}, "ranked": {"shipped=bare": {"got": "4", "correct": true, "confidence": 0.827}, "shipped=newline": {"got": "4", "correct": true, "confidence": 0.2105}}}}, "cross_check": null}
~llama_context:    Vulkan0 compute buffer size is 1008.4062 MiB, matches expectation of 1008.4062 MiB
~llama_context: Vulkan_Host compute buffer size is  60.2732 MiB, matches expectation of  60.2732 MiB
{"item": "n03", "prefixes": {"shipped": {"prefill_ms": 24584.7, "cue_decode_s": 23.2, "top_token": [["<|im_end|>", 0.9998], ["</think>", 0.0001]], "coverage": {"shipped": {"bare": 6.78e-06, "space": 7e-08, "caps": 6e-08, "newline": 2.7e-07, "long": 6.78e-06}}, "ranked": {"shipped=bare": {"got": "no", "correct": false, "confidence": 0.9062}, "shipped=newline": {"got": "no", "correct": false, "confidence": 0.4062}}}}, "cross_check": null}
~llama_context:    Vulkan0 compute buffer size is 1008.5625 MiB, matches expectation of 1008.5625 MiB
~llama_context: Vulkan_Host compute buffer size is  94.7150 MiB, matches expectation of  94.7150 MiB
{"item": "c04", "prefixes": {"shipped": {"prefill_ms": 25549.4, "cue_decode_s": 27.6, "top_token": [["<|im_end|>", 1.0], ["</think>", 0.0]], "coverage": {"shipped": {"bare": 1.3e-07, "space": 0.0, "caps": 1e-08, "newline": 4e-08, "long": 1.3e-07}}, "ranked": {"shipped=bare": {"got": "confidential", "correct": false, "confidence": 0.9998}, "shipped=newline": {"got": "confidential", "correct": false, "confidence": 0.9447}}}}, "cross_check": null}
run: .e3b/after_001.json
report: .e3b/after_001.md
policy report: .e3b/reports/policy_shipped-bare.json
policy report: .e3b/reports/policy_shipped-newline.json
# E3b — `qwen35moe` label policy: candidate-mass coverage per variant

- card `t_6952f0dd` · model `Accio-Lab_occamy-1.0-Q4_K_L.gguf` (24,113,674,848 bytes, sha256 `633ae57faf731e86…`)
- runtime `/var/home/rybens/.local/share/ggufone/runtime/b11026-linux-x64-vulkan` · backend `vulkan` · threads 4 · `--gpu-layers` requested 7
- placement used: `{"note": "degraded after a backend allocation failure: 0 layer(s) offloaded, kv_type=f16", "n_gpu_layers": 0, "kv_type": "f16", "degraded": true, "attempts": ["n_gpu_layers=7 -> oom", "n_gpu_layers=3 -> oom"], "warnings": ["W_BACKEND_OOM", "W_FIT_DOWNGRADE"]}`
- dev items: c01, s01, n01, c02, s02, n02, c03, s03, n03, c04 (choice 4, noul 3, score 3) · prefix variants: `shipped` · generated 2026-09-19T14:24:53Z
- engine floor: coverage < **0.10** ⇒ `low_mass` (`OPTION_DEFAULTS['coverage_floor']`)
- wall: 942.6 s (one model load 22261 ms, one context per item-prefix, one decode batch per prefix for all cue variants)

## 1. What the model puts at the cue (the row coverage is read from)

| item | cue | top tokens at the cue (full-vocab p) |
|---|---|---|
| c01 | `shipped` | `<|im_end|>` 0.9999 · `</think>` 0.0000 · ````` 0.0000 · `Answer` 0.0000 |
| s01 | `shipped` | `<|im_end|>` 1.0000 · `</think>` 0.0000 · `4` 0.0000 · `Answer` 0.0000 |
| n01 | `shipped` | `<|im_end|>` 1.0000 · `</think>` 0.0000 · `Answer` 0.0000 · `no` 0.0000 |
| c02 | `shipped` | `<|im_end|>` 1.0000 · `</think>` 0.0000 · `Answer` 0.0000 · `technical` 0.0000 |
| s02 | `shipped` | `<|im_end|>` 1.0000 · `</think>` 0.0000 · `3` 0.0000 · `Answer` 0.0000 |
| n02 | `shipped` | `<|im_end|>` 1.0000 · `Answer` 0.0000 · `</think>` 0.0000 · `no` 0.0000 |
| c03 | `shipped` | `<|im_end|>` 0.9996 · `</think>` 0.0003 · ````` 0.0000 · `Answer` 0.0000 |
| s03 | `shipped` | `<|im_end|>` 1.0000 · `4` 0.0000 · `</think>` 0.0000 · `Answer` 0.0000 |
| n03 | `shipped` | `<|im_end|>` 0.9998 · `</think>` 0.0001 · `Answer` 0.0000 · ````` 0.0000 |
| c04 | `shipped` | `<|im_end|>` 1.0000 · `</think>` 0.0000 · `Answer` 0.0000 · ````` 0.0000 |

## 2. Coverage per item, cue × label variant

| cue | label | c01 | s01 | n01 | c02 | s02 | n02 | c03 | s03 | n03 | c04 | above floor | median |
|---|---|---|---|---|---|---|---|---|---|---|---|---|---|
| `shipped` | `bare` | 0.0000* | 0.0000* | 0.0000* | 0.0000* | 0.0000* | 0.0000* | 0.0000* | 0.0000* | 0.0000* | 0.0000* | 0/10 | 0.0000 |
| `shipped` | `space` | 0.0000* | 0.0000* | 0.0000* | 0.0000* | 0.0000* | 0.0000* | 0.0000* | 0.0000* | 0.0000* | 0.0000* | 0/10 | 0.0000 |
| `shipped` | `caps` | 0.0000* | 0.0000* | 0.0000* | 0.0000* | 0.0000* | 0.0000* | 0.0000* | 0.0000* | 0.0000* | 0.0000* | 0/10 | 0.0000 |
| `shipped` | `newline` | 0.0000* | 0.0000* | 0.0000* | 0.0000* | 0.0000* | 0.0000* | 0.0000* | 0.0000* | 0.0000* | 0.0000* | 0/10 | 0.0000 |
| `shipped` | `long` | 0.0000* | 0.0000* | 0.0000* | 0.0000* | 0.0000* | 0.0000* | 0.0000* | 0.0000* | 0.0000* | 0.0000* | 0/10 | 0.0000 |

`*` = below the engine's floor (0.10 ⇒ `low_mass`). Coverage is the full-vocabulary mass of the label's first token at the cue (`readout.coverage_from_scale`), read from the cue row — so every label variant of one cue costs no extra forward pass.

## 3. Variant summary

| cue | label | mean coverage | median | above floor | low_mass share | best item | worst item |
|---|---|---|---|---|---|---|---|
| `shipped` | `bare` | 0.0000 | 0.0000 | 0/10 | 1.00 | s02 0.0000 | c04 0.0000 |
| `shipped` | `space` | 0.0000 | 0.0000 | 0/10 | 1.00 | n02 0.0000 | s03 0.0000 |
| `shipped` | `caps` | 0.0000 | 0.0000 | 0/10 | 1.00 | s02 0.0000 | c03 0.0000 |
| `shipped` | `newline` | 0.0000 | 0.0000 | 0/10 | 1.00 | n02 0.0000 | c02 0.0000 |
| `shipped` | `long` | 0.0000 | 0.0000 | 0/10 | 1.00 | n03 0.0000 | s02 0.0000 |

## 4. The prefix control (shipped vs the template's own empty think block)

No `--extra-prefix` in this run: only the shipped prompt shape was measured.

## 5. The ranked readout (the engine's decision under a policy)

| policy | n | correct | agreement | 95% CI | low_mass | median coverage |
|---|---|---|---|---|---|---|
| `shipped=bare` | 10 | 2 | 0.200 | 0.057–0.510 | 10/10 | 0.0000 |
| `shipped=newline` | 10 | 3 | 0.300 | 0.108–0.603 | 10/10 | 0.0000 |

## 6. Cross-check against `DecisionEngine` (shipped policy, `bare`)

No `--cross-check N` in this run: the probe's shipped-policy numbers were not confirmed against `DecisionEngine`.


EXIT=0
