=== tiel extras2 start 2026-09-19T18:41:47+02:00
tiel label sweep start 2026-09-19T18:41:47+02:00 pid 983330
|---|---|---|---|---|---|---|---|
| `shipped` | `bare` | 1.243e-03 | 7.721e-04 | 0/6 | 1.00 | n01 3.651e-03 | c02 1.004e-06 |
| `shipped` | `space` | 9.960e-06 | 4.964e-06 | 0/6 | 1.00 | n02 3.750e-05 | c02 2.858e-07 |
| `shipped` | `caps` | 1.869e-04 | 3.945e-06 | 0/6 | 1.00 | s01 7.721e-04 | c02 2.859e-07 |
| `shipped` | `newline` | 4.700e-06 | 2.223e-06 | 0/6 | 1.00 | c01 2.169e-05 | c02 8.953e-08 |
| `shipped` | `long` | 1.058e-03 | 4.088e-06 | 0/6 | 1.00 | n01 3.651e-03 | s02 6.886e-07 |
| `blank` | `bare` | 2.188e-04 | 2.318e-04 | 0/6 | 1.00 | n02 6.676e-04 | c02 1.115e-06 |
| `blank` | `space` | 1.401e-06 | 1.564e-06 | 0/6 | 1.00 | n01 3.866e-06 | c02 5.412e-08 |
| `blank` | `caps` | 5.098e-05 | 6.115e-06 | 0/6 | 1.00 | s01 2.318e-04 | c01 1.821e-07 |
| `blank` | `newline` | 5.804e-06 | 1.984e-06 | 0/6 | 1.00 | c02 1.612e-05 | n01 2.094e-07 |
| `blank` | `long` | 1.697e-04 | 2.109e-06 | 0/6 | 1.00 | n02 6.676e-04 | s02 3.014e-07 |
| `explicit` | `bare` | 1.241e-02 | 2.303e-03 | 0/6 | 1.00 | n01 4.169e-02 | c02 3.783e-06 |
| `explicit` | `space` | 1.927e-04 | 2.443e-04 | 0/6 | 1.00 | n02 5.386e-04 | c02 4.829e-06 |
| `explicit` | `caps` | 8.594e-04 | 8.666e-04 | 0/6 | 1.00 | s02 2.303e-03 | c02 5.663e-06 |
| `explicit` | `newline` | 8.189e-06 | 3.400e-06 | 0/6 | 1.00 | s02 2.314e-05 | n01 3.561e-07 |
| `explicit` | `long` | 1.194e-02 | 2.410e-05 | 0/6 | 1.00 | n01 4.169e-02 | s02 1.427e-06 |

## 4. The prefix control (shipped vs the template's own empty think block)

No `--extra-prefix` in this run: only the shipped prompt shape was measured.

## 5. The ranked readout (the engine's decision under a policy)

No policy was ranked in this run: coverage was measured alone (`--rank cue=label` runs the full readout).

## 6. Cross-check against `DecisionEngine` (shipped policy, `bare`)

No `--cross-check N` in this run: the probe's shipped-policy numbers were not confirmed against `DecisionEngine`.


tiel label sweep exit=0 2026-09-19T18:45:06+02:00
=== labels rc=0 2026-09-19T18:45:06+02:00
tiel batch start 2026-09-19T18:45:06+02:00 pid 989512 n_seq_max=8
$ /usr/bin/python3 -m ggufone run --questions .e3c_tiel/batch_questions.json --state @.e3c_tiel/batch_state.txt --model /var/home/rybens/.hermes/models/Tiel-Coder-35B-A3B-UD-Q4_K_XL.gguf --threads 4 --n-seq-max 8 --backend vulkan --out .e3c_tiel/batch_response.json
load_backend: loaded RPC backend from /home/rybens/.local/share/ggufone/runtime/b11026-linux-x64-vulkan/libggml-rpc.so
ggml_vulkan: Found 1 Vulkan devices:
ggml_vulkan: 0 = NVIDIA GeForce RTX 3060 Ti (NVIDIA) | uma: 0 | fp16: 1 | bf16: 1 | fp4: 0 | warp size: 32 | shared memory: 49152 | int dot: 1 | matrix cores: NV_coopmat2
load_backend: loaded Vulkan backend from /home/rybens/.local/share/ggufone/runtime/b11026-linux-x64-vulkan/libggml-vulkan.so
load_backend: loaded CPU backend from /home/rybens/.local/share/ggufone/runtime/b11026-linux-x64-vulkan/libggml-cpu-haswell.so
~llama_context:    Vulkan0 compute buffer size is 229.9062 MiB, matches expectation of 229.9062 MiB
~llama_context: Vulkan_Host compute buffer size is  34.6450 MiB, matches expectation of  34.6450 MiB
{
  "wall_s": 67.1,
  "questions": 20,
  "n_seq_max": 8,
  "usage": {
    "input_tokens": 1175,
    "output_tokens": 117,
    "questions": 20,
    "forks": 80,
    "prefill_tokens": 109,
    "decode_steps": 117,
    "waves": 40
  },
  "n_gpu_layers": 9,
  "placement": {
    "note": "fit plan: 9 layer(s) offloaded, kv_type=q4_0",
    "n_gpu_layers": 9,
    "kv_type": "q4_0",
    "degraded": false,
    "attempts": [],
    "warnings": []
  },
  "answers": 20,
  "ok": true
}
tiel batch exit=0 2026-09-19T18:46:13+02:00
=== batch rc=0 2026-09-19T18:46:13+02:00
=== tiel extras2 done 2026-09-19T18:46:13+02:00
