load_backend: loaded RPC backend from /var/home/rybens/.local/share/ggufone/runtime/b11026-linux-x64-vulkan/libggml-rpc.so
ggml_vulkan: Found 1 Vulkan devices:
ggml_vulkan: 0 = NVIDIA GeForce RTX 3060 Ti (NVIDIA) | uma: 0 | fp16: 1 | bf16: 1 | fp4: 0 | warp size: 32 | shared memory: 49152 | int dot: 1 | matrix cores: NV_coopmat2
load_backend: loaded Vulkan backend from /var/home/rybens/.local/share/ggufone/runtime/b11026-linux-x64-vulkan/libggml-vulkan.so
load_backend: loaded CPU backend from /var/home/rybens/.local/share/ggufone/runtime/b11026-linux-x64-vulkan/libggml-cpu-haswell.so
~llama_context:    Vulkan0 compute buffer size is 107.0508 MiB, matches expectation of 107.0508 MiB
~llama_context: Vulkan_Host compute buffer size is   4.3158 MiB, matches expectation of   4.3158 MiB
~llama_context:    Vulkan0 compute buffer size is 100.4238 MiB, matches expectation of 100.4238 MiB
~llama_context: Vulkan_Host compute buffer size is   4.1101 MiB, matches expectation of   4.1101 MiB
~llama_context:    Vulkan0 compute buffer size is  97.8750 MiB, matches expectation of  97.8750 MiB
~llama_context: Vulkan_Host compute buffer size is   4.0075 MiB, matches expectation of   4.0075 MiB
~llama_context:    Vulkan0 compute buffer size is  98.3848 MiB, matches expectation of  98.3848 MiB
~llama_context: Vulkan_Host compute buffer size is   4.0075 MiB, matches expectation of   4.0075 MiB
~llama_context:    Vulkan0 compute buffer size is  92.2676 MiB, matches expectation of  92.2676 MiB
~llama_context: Vulkan_Host compute buffer size is   3.8020 MiB, matches expectation of   3.8020 MiB
~llama_context:    Vulkan0 compute buffer size is  91.7578 MiB, matches expectation of  91.7578 MiB
~llama_context: Vulkan_Host compute buffer size is   3.6992 MiB, matches expectation of   3.6992 MiB
~llama_context:    Vulkan0 compute buffer size is  93.2871 MiB, matches expectation of  93.2871 MiB
~llama_context: Vulkan_Host compute buffer size is   3.8020 MiB, matches expectation of   3.8020 MiB
~llama_context:    Vulkan0 compute buffer size is 104.5020 MiB, matches expectation of 104.5020 MiB
~llama_context: Vulkan_Host compute buffer size is   4.2129 MiB, matches expectation of   4.2129 MiB
~llama_context:    Vulkan0 compute buffer size is  93.7969 MiB, matches expectation of  93.7969 MiB
~llama_context: Vulkan_Host compute buffer size is   3.8020 MiB, matches expectation of   3.8020 MiB
~llama_context:    Vulkan0 compute buffer size is  95.3262 MiB, matches expectation of  95.3262 MiB
~llama_context: Vulkan_Host compute buffer size is   3.9046 MiB, matches expectation of   3.9046 MiB
~llama_context:    Vulkan0 compute buffer size is  99.9141 MiB, matches expectation of  99.9141 MiB
~llama_context: Vulkan_Host compute buffer size is   4.1101 MiB, matches expectation of   4.1101 MiB
~llama_context:    Vulkan0 compute buffer size is  96.3457 MiB, matches expectation of  96.3457 MiB
~llama_context: Vulkan_Host compute buffer size is   3.9046 MiB, matches expectation of   3.9046 MiB
~llama_context:    Vulkan0 compute buffer size is  94.3066 MiB, matches expectation of  94.3066 MiB
~llama_context: Vulkan_Host compute buffer size is   3.8020 MiB, matches expectation of   3.8020 MiB
~llama_context:    Vulkan0 compute buffer size is 101.4434 MiB, matches expectation of 101.4434 MiB
~llama_context: Vulkan_Host compute buffer size is   4.1101 MiB, matches expectation of   4.1101 MiB
~llama_context:    Vulkan0 compute buffer size is  92.2676 MiB, matches expectation of  92.2676 MiB
~llama_context: Vulkan_Host compute buffer size is   3.8020 MiB, matches expectation of   3.8020 MiB
~llama_context:    Vulkan0 compute buffer size is  90.7383 MiB, matches expectation of  90.7383 MiB
~llama_context: Vulkan_Host compute buffer size is   3.6992 MiB, matches expectation of   3.6992 MiB
~llama_context:    Vulkan0 compute buffer size is 106.5410 MiB, matches expectation of 106.5410 MiB
~llama_context: Vulkan_Host compute buffer size is   4.3158 MiB, matches expectation of   4.3158 MiB
~llama_context:    Vulkan0 compute buffer size is  94.8164 MiB, matches expectation of  94.8164 MiB
~llama_context: Vulkan_Host compute buffer size is   3.9046 MiB, matches expectation of   3.9046 MiB
~llama_context:    Vulkan0 compute buffer size is  94.3066 MiB, matches expectation of  94.3066 MiB
~llama_context: Vulkan_Host compute buffer size is   3.8020 MiB, matches expectation of   3.8020 MiB
~llama_context:    Vulkan0 compute buffer size is 102.4629 MiB, matches expectation of 102.4629 MiB
~llama_context: Vulkan_Host compute buffer size is   4.2129 MiB, matches expectation of   4.2129 MiB
~llama_context:    Vulkan0 compute buffer size is  96.3457 MiB, matches expectation of  96.3457 MiB
~llama_context: Vulkan_Host compute buffer size is   3.9046 MiB, matches expectation of   3.9046 MiB
~llama_context:    Vulkan0 compute buffer size is  98.8945 MiB, matches expectation of  98.8945 MiB
~llama_context: Vulkan_Host compute buffer size is   4.0075 MiB, matches expectation of   4.0075 MiB
~llama_context:    Vulkan0 compute buffer size is  93.2871 MiB, matches expectation of  93.2871 MiB
~llama_context: Vulkan_Host compute buffer size is   3.8020 MiB, matches expectation of   3.8020 MiB
~llama_context:    Vulkan0 compute buffer size is  96.3457 MiB, matches expectation of  96.3457 MiB
~llama_context: Vulkan_Host compute buffer size is   3.9046 MiB, matches expectation of   3.9046 MiB
~llama_context:    Vulkan0 compute buffer size is  90.7383 MiB, matches expectation of  90.7383 MiB
~llama_context: Vulkan_Host compute buffer size is   3.6992 MiB, matches expectation of   3.6992 MiB
~llama_context:    Vulkan0 compute buffer size is  87.6797 MiB, matches expectation of  87.6797 MiB
~llama_context: Vulkan_Host compute buffer size is   3.5963 MiB, matches expectation of   3.5963 MiB
~llama_context:    Vulkan0 compute buffer size is  91.7578 MiB, matches expectation of  91.7578 MiB
~llama_context: Vulkan_Host compute buffer size is   3.6992 MiB, matches expectation of   3.6992 MiB
~llama_context:    Vulkan0 compute buffer size is  91.7578 MiB, matches expectation of  91.7578 MiB
~llama_context: Vulkan_Host compute buffer size is   3.6992 MiB, matches expectation of   3.6992 MiB
~llama_context:    Vulkan0 compute buffer size is  86.1504 MiB, matches expectation of  86.1504 MiB
~llama_context: Vulkan_Host compute buffer size is   3.5758 MiB, matches expectation of   3.5758 MiB
~llama_context:    Vulkan0 compute buffer size is  89.7188 MiB, matches expectation of  89.7188 MiB
~llama_context: Vulkan_Host compute buffer size is   3.6992 MiB, matches expectation of   3.6992 MiB
~llama_context:    Vulkan0 compute buffer size is  94.3066 MiB, matches expectation of  94.3066 MiB
~llama_context: Vulkan_Host compute buffer size is   3.8020 MiB, matches expectation of   3.8020 MiB
~llama_context:    Vulkan0 compute buffer size is  90.7383 MiB, matches expectation of  90.7383 MiB
~llama_context: Vulkan_Host compute buffer size is   3.6992 MiB, matches expectation of   3.6992 MiB
~llama_context:    Vulkan0 compute buffer size is  90.7383 MiB, matches expectation of  90.7383 MiB
~llama_context: Vulkan_Host compute buffer size is   3.6992 MiB, matches expectation of   3.6992 MiB
~llama_context:    Vulkan0 compute buffer size is  90.2285 MiB, matches expectation of  90.2285 MiB
~llama_context: Vulkan_Host compute buffer size is   3.6992 MiB, matches expectation of   3.6992 MiB
~llama_context:    Vulkan0 compute buffer size is  89.2090 MiB, matches expectation of  89.2090 MiB
~llama_context: Vulkan_Host compute buffer size is   3.6992 MiB, matches expectation of   3.6992 MiB
~llama_context:    Vulkan0 compute buffer size is  89.7188 MiB, matches expectation of  89.7188 MiB
~llama_context: Vulkan_Host compute buffer size is   3.6992 MiB, matches expectation of   3.6992 MiB
~llama_context:    Vulkan0 compute buffer size is  84.6211 MiB, matches expectation of  84.6211 MiB
~llama_context: Vulkan_Host compute buffer size is   3.4525 MiB, matches expectation of   3.4525 MiB
~llama_context:    Vulkan0 compute buffer size is  84.6211 MiB, matches expectation of  84.6211 MiB
~llama_context: Vulkan_Host compute buffer size is   3.4937 MiB, matches expectation of   3.4937 MiB
~llama_context:    Vulkan0 compute buffer size is  85.1309 MiB, matches expectation of  85.1309 MiB
~llama_context: Vulkan_Host compute buffer size is   3.4937 MiB, matches expectation of   3.4937 MiB
~llama_context:    Vulkan0 compute buffer size is  87.1699 MiB, matches expectation of  87.1699 MiB
~llama_context: Vulkan_Host compute buffer size is   3.5963 MiB, matches expectation of   3.5963 MiB
~llama_context:    Vulkan0 compute buffer size is  82.5820 MiB, matches expectation of  82.5820 MiB
~llama_context: Vulkan_Host compute buffer size is   3.3910 MiB, matches expectation of   3.3910 MiB
~llama_context:    Vulkan0 compute buffer size is  84.6211 MiB, matches expectation of  84.6211 MiB
~llama_context: Vulkan_Host compute buffer size is   3.4937 MiB, matches expectation of   3.4937 MiB
~llama_context:    Vulkan0 compute buffer size is  86.6602 MiB, matches expectation of  86.6602 MiB
~llama_context: Vulkan_Host compute buffer size is   3.5143 MiB, matches expectation of   3.5143 MiB
~llama_context:    Vulkan0 compute buffer size is  88.6992 MiB, matches expectation of  88.6992 MiB
~llama_context: Vulkan_Host compute buffer size is   3.5758 MiB, matches expectation of   3.5758 MiB
~llama_context:    Vulkan0 compute buffer size is  86.6602 MiB, matches expectation of  86.6602 MiB
~llama_context: Vulkan_Host compute buffer size is   3.5143 MiB, matches expectation of   3.5143 MiB
~llama_context:    Vulkan0 compute buffer size is  82.5820 MiB, matches expectation of  82.5820 MiB
~llama_context: Vulkan_Host compute buffer size is   3.3294 MiB, matches expectation of   3.3294 MiB
~llama_context:    Vulkan0 compute buffer size is  86.1504 MiB, matches expectation of  86.1504 MiB
~llama_context: Vulkan_Host compute buffer size is   3.5143 MiB, matches expectation of   3.5143 MiB
~llama_context:    Vulkan0 compute buffer size is  86.1504 MiB, matches expectation of  86.1504 MiB
~llama_context: Vulkan_Host compute buffer size is   3.5143 MiB, matches expectation of   3.5143 MiB
~llama_context:    Vulkan0 compute buffer size is  84.1113 MiB, matches expectation of  84.1113 MiB
~llama_context: Vulkan_Host compute buffer size is   3.3910 MiB, matches expectation of   3.3910 MiB
~llama_context:    Vulkan0 compute buffer size is  83.0918 MiB, matches expectation of  83.0918 MiB
~llama_context: Vulkan_Host compute buffer size is   3.3910 MiB, matches expectation of   3.3910 MiB
~llama_context:    Vulkan0 compute buffer size is  84.6211 MiB, matches expectation of  84.6211 MiB
~llama_context: Vulkan_Host compute buffer size is   3.4525 MiB, matches expectation of   3.4525 MiB
~llama_context:    Vulkan0 compute buffer size is  83.0918 MiB, matches expectation of  83.0918 MiB
~llama_context: Vulkan_Host compute buffer size is   3.3910 MiB, matches expectation of   3.3910 MiB
~llama_context:    Vulkan0 compute buffer size is  87.6797 MiB, matches expectation of  87.6797 MiB
~llama_context: Vulkan_Host compute buffer size is   3.5758 MiB, matches expectation of   3.5758 MiB
~llama_context:    Vulkan0 compute buffer size is  85.6406 MiB, matches expectation of  85.6406 MiB
~llama_context: Vulkan_Host compute buffer size is   3.4525 MiB, matches expectation of   3.4525 MiB
~llama_context:    Vulkan0 compute buffer size is  82.5820 MiB, matches expectation of  82.5820 MiB
~llama_context: Vulkan_Host compute buffer size is   3.3294 MiB, matches expectation of   3.3294 MiB
~llama_context:    Vulkan0 compute buffer size is  82.0723 MiB, matches expectation of  82.0723 MiB
~llama_context: Vulkan_Host compute buffer size is   3.3294 MiB, matches expectation of   3.3294 MiB
~llama_context:    Vulkan0 compute buffer size is  78.5039 MiB, matches expectation of  78.5039 MiB
~llama_context: Vulkan_Host compute buffer size is   3.2060 MiB, matches expectation of   3.2060 MiB
~llama_context:    Vulkan0 compute buffer size is  85.1309 MiB, matches expectation of  85.1309 MiB
~llama_context: Vulkan_Host compute buffer size is   3.4525 MiB, matches expectation of   3.4525 MiB
~llama_context:    Vulkan0 compute buffer size is  86.1504 MiB, matches expectation of  86.1504 MiB
~llama_context: Vulkan_Host compute buffer size is   3.5143 MiB, matches expectation of   3.5143 MiB
~llama_context:    Vulkan0 compute buffer size is  81.5625 MiB, matches expectation of  81.5625 MiB
~llama_context: Vulkan_Host compute buffer size is   3.3294 MiB, matches expectation of   3.3294 MiB
### quality — Spark-X2.5-4B-Q8_0.gguf

- generated: 2026-09-20T10:56:12Z
- host: Linux-7.2.4-ogc3.1.fc44.x86_64-x86_64-with-glibc2.41 · cpus 24 · cgroup quota 2.0
- config: backend=vulkan runs=5 threads=4
- reproduce: `uv run ggufone bench --suite quality --model /var/home/rybens/.hermes/models/Spark-X2.5-4B-Q8_0.gguf --backend vulkan --runs 5 --threads 4 --items 60 --cue two_step --json`
- wall: 31.8 s
- engine devices: Vulkan0=60 · Vulkan_Host=60 (compute buffers) · effective backend: vulkan
- framing: chat-template: spark2_5 / internal · prefix tokens: 82, 84, 85, 87, 88, 89, 90, 91, 92, 93, 94, 95, 96, 97, 98, 99, 100, 101, 102, 103, 105, 107, 111, 119
- prompt policy: cue=two_step

**exact-match agreement**

| type | n | correct | agreement | 95% CI |
|---|---|---|---|---|
| choice | 24 | 21 | 0.8750 | 0.6900 – 0.9566 |
| noul | 18 | 14 | 0.7778 | 0.5478 – 0.9100 |
| score | 18 | 11 | 0.6111 | 0.3862 – 0.7970 |
| overall | 60 | 46 | 0.7667 | 0.6456 – 0.8556 |

**cue verdicts**

| item | type | cue top token | top-token mass | verdict |
|---|---|---|---|---|
| c01 | choice | `token 97` | 0.8622 | ok |
| c02 | choice | `token 79` | 0.9977 | ok |
| c03 | choice | `token 76495` | 0.9952 | ok |
| c04 | choice | `token 33850` | 0.8418 | ok |
| c05 | choice | `token 113210` | 0.9970 | ok |
| c06 | choice | `token 80395` | 0.9231 | ok |
| c07 | choice | `token 29361` | 0.9694 | ok |
| c08 | choice | `token 93058` | 0.9508 | ok |
| c09 | choice | `token 1117` | 0.9973 | ok |
| c10 | choice | `token 9914` | 0.9853 | ok |
| c11 | choice | `token 1301` | 0.9940 | ok |
| c12 | choice | `token 13008` | 0.4893 | ok |
| c13 | choice | `token 16972` | 0.9052 | ok |
| c14 | choice | `token 16989` | 0.9660 | ok |
| c15 | choice | `token 21219` | 0.9491 | ok |
| c16 | choice | `token 625` | 0.9821 | ok |
| c17 | choice | `token 27075` | 0.8925 | ok |
| c18 | choice | `token 3428` | 0.7415 | ok |
| c19 | choice | `<｜end▁of▁sentence｜>` | 0.9992 | W_CUE_REFUSED |
| c20 | choice | `token 82613` | 0.9906 | ok |
| c21 | choice | `token 100` | 0.3077 | ok |
| c22 | choice | `token 96` | 0.8803 | ok |
| c23 | choice | `token 64686` | 0.9987 | ok |
| c24 | choice | `token 6693` | 0.9876 | ok |
| s01 | score | `token 32` | 0.7848 | ok |
| s02 | score | `token 30` | 0.4793 | ok |
| s03 | score | `token 33` | 0.5295 | ok |
| s04 | score | `<｜end▁of▁sentence｜>` | 0.9998 | W_CUE_REFUSED |
| s05 | score | `token 30` | 0.4632 | ok |
| s06 | score | `token 32` | 0.8536 | ok |
| s07 | score | `token 30` | 0.7392 | ok |
| s08 | score | `token 30` | 0.9141 | ok |
| s09 | score | `token 30` | 0.8781 | ok |
| s10 | score | `token 30` | 0.5633 | ok |
| s11 | score | `token 30` | 0.5403 | ok |
| s12 | score | `token 31` | 0.6384 | ok |
| s13 | score | `token 31` | 0.8419 | ok |
| s14 | score | `token 30` | 0.7844 | ok |
| s15 | score | `token 30` | 0.5254 | ok |
| s16 | score | `token 30` | 0.6377 | ok |
| s17 | score | `token 31` | 0.5004 | ok |
| s18 | score | `token 29` | 0.4661 | ok |
| n01 | noul | `token 4244` | 0.7716 | ok |
| n02 | noul | `token 4244` | 0.9219 | ok |
| n03 | noul | `token 4244` | 0.9260 | ok |
| n04 | noul | `token 4244` | 0.8737 | ok |
| n05 | noul | `token 4244` | 0.7357 | ok |
| n06 | noul | `token 4244` | 0.5415 | ok |
| n07 | noul | `token 4244` | 0.8779 | ok |
| n08 | noul | `token 4244` | 0.7360 | ok |
| n09 | noul | `token 1643` | 0.6509 | ok |
| n10 | noul | `token 4244` | 0.9453 | ok |
| n11 | noul | `token 4244` | 0.5261 | ok |
| n12 | noul | `token 1643` | 0.8818 | ok |
| n13 | noul | `token 4244` | 0.7464 | ok |
| n14 | noul | `token 1643` | 0.8240 | ok |
| n15 | noul | `token 1643` | 0.6071 | ok |
| n16 | noul | `token 4244` | 0.5499 | ok |
| n17 | noul | `token 1643` | 0.6775 | ok |
| n18 | noul | `token 4244` | 0.9346 | ok |

- W_CUE_REFUSED: the cue row's top token is a turn-closer — the model closes the assistant turn instead of answering, so the label mass at that row cannot reach the floor (`readout.reliability` measures it, `docs/TEMPLATES.md` §4 carries the policy).

- agreement = the highest-probability candidate equals the gold candidate (the discrete decision), measured per question type and overall with 95% Wilson intervals; report-only in v1 (SPEC S-11).

report: .e3e/bench_two_step_answer_sheet.json

