load_backend: loaded RPC backend from /var/home/rybens/.local/share/ggufone/runtime/b11026-linux-x64-vulkan/libggml-rpc.so
ggml_vulkan: Found 1 Vulkan devices:
ggml_vulkan: 0 = NVIDIA GeForce RTX 3060 Ti (NVIDIA) | uma: 0 | fp16: 1 | bf16: 1 | fp4: 0 | warp size: 32 | shared memory: 49152 | int dot: 1 | matrix cores: NV_coopmat2
load_backend: loaded Vulkan backend from /var/home/rybens/.local/share/ggufone/runtime/b11026-linux-x64-vulkan/libggml-vulkan.so
load_backend: loaded CPU backend from /var/home/rybens/.local/share/ggufone/runtime/b11026-linux-x64-vulkan/libggml-cpu-haswell.so
~llama_context:    Vulkan0 compute buffer size is 107.0508 MiB, matches expectation of 107.0508 MiB
~llama_context: Vulkan_Host compute buffer size is   4.3158 MiB, matches expectation of   4.3158 MiB
~llama_context:    Vulkan0 compute buffer size is 100.4238 MiB, matches expectation of 100.4238 MiB
~llama_context: Vulkan_Host compute buffer size is   4.1101 MiB, matches expectation of   4.1101 MiB
~llama_context:    Vulkan0 compute buffer size is  97.8750 MiB, matches expectation of  97.8750 MiB
~llama_context: Vulkan_Host compute buffer size is   4.0075 MiB, matches expectation of   4.0075 MiB
~llama_context:    Vulkan0 compute buffer size is  98.3848 MiB, matches expectation of  98.3848 MiB
~llama_context: Vulkan_Host compute buffer size is   4.0075 MiB, matches expectation of   4.0075 MiB
~llama_context:    Vulkan0 compute buffer size is  92.2676 MiB, matches expectation of  92.2676 MiB
~llama_context: Vulkan_Host compute buffer size is   3.8020 MiB, matches expectation of   3.8020 MiB
~llama_context:    Vulkan0 compute buffer size is  91.7578 MiB, matches expectation of  91.7578 MiB
~llama_context: Vulkan_Host compute buffer size is   3.6992 MiB, matches expectation of   3.6992 MiB
~llama_context:    Vulkan0 compute buffer size is  93.2871 MiB, matches expectation of  93.2871 MiB
~llama_context: Vulkan_Host compute buffer size is   3.8020 MiB, matches expectation of   3.8020 MiB
~llama_context:    Vulkan0 compute buffer size is 104.5020 MiB, matches expectation of 104.5020 MiB
~llama_context: Vulkan_Host compute buffer size is   4.2129 MiB, matches expectation of   4.2129 MiB
~llama_context:    Vulkan0 compute buffer size is  93.7969 MiB, matches expectation of  93.7969 MiB
~llama_context: Vulkan_Host compute buffer size is   3.8020 MiB, matches expectation of   3.8020 MiB
~llama_context:    Vulkan0 compute buffer size is  95.3262 MiB, matches expectation of  95.3262 MiB
~llama_context: Vulkan_Host compute buffer size is   3.9046 MiB, matches expectation of   3.9046 MiB
~llama_context:    Vulkan0 compute buffer size is  99.9141 MiB, matches expectation of  99.9141 MiB
~llama_context: Vulkan_Host compute buffer size is   4.1101 MiB, matches expectation of   4.1101 MiB
~llama_context:    Vulkan0 compute buffer size is  96.3457 MiB, matches expectation of  96.3457 MiB
~llama_context: Vulkan_Host compute buffer size is   3.9046 MiB, matches expectation of   3.9046 MiB
~llama_context:    Vulkan0 compute buffer size is  94.3066 MiB, matches expectation of  94.3066 MiB
~llama_context: Vulkan_Host compute buffer size is   3.8020 MiB, matches expectation of   3.8020 MiB
~llama_context:    Vulkan0 compute buffer size is 101.4434 MiB, matches expectation of 101.4434 MiB
~llama_context: Vulkan_Host compute buffer size is   4.1101 MiB, matches expectation of   4.1101 MiB
~llama_context:    Vulkan0 compute buffer size is  92.2676 MiB, matches expectation of  92.2676 MiB
~llama_context: Vulkan_Host compute buffer size is   3.8020 MiB, matches expectation of   3.8020 MiB
~llama_context:    Vulkan0 compute buffer size is  90.7383 MiB, matches expectation of  90.7383 MiB
~llama_context: Vulkan_Host compute buffer size is   3.6992 MiB, matches expectation of   3.6992 MiB
~llama_context:    Vulkan0 compute buffer size is 106.5410 MiB, matches expectation of 106.5410 MiB
~llama_context: Vulkan_Host compute buffer size is   4.3158 MiB, matches expectation of   4.3158 MiB
~llama_context:    Vulkan0 compute buffer size is  94.8164 MiB, matches expectation of  94.8164 MiB
~llama_context: Vulkan_Host compute buffer size is   3.9046 MiB, matches expectation of   3.9046 MiB
~llama_context:    Vulkan0 compute buffer size is  94.3066 MiB, matches expectation of  94.3066 MiB
~llama_context: Vulkan_Host compute buffer size is   3.8020 MiB, matches expectation of   3.8020 MiB
~llama_context:    Vulkan0 compute buffer size is 102.4629 MiB, matches expectation of 102.4629 MiB
~llama_context: Vulkan_Host compute buffer size is   4.2129 MiB, matches expectation of   4.2129 MiB
~llama_context:    Vulkan0 compute buffer size is  96.3457 MiB, matches expectation of  96.3457 MiB
~llama_context: Vulkan_Host compute buffer size is   3.9046 MiB, matches expectation of   3.9046 MiB
~llama_context:    Vulkan0 compute buffer size is  98.8945 MiB, matches expectation of  98.8945 MiB
~llama_context: Vulkan_Host compute buffer size is   4.0075 MiB, matches expectation of   4.0075 MiB
~llama_context:    Vulkan0 compute buffer size is  93.2871 MiB, matches expectation of  93.2871 MiB
~llama_context: Vulkan_Host compute buffer size is   3.8020 MiB, matches expectation of   3.8020 MiB
~llama_context:    Vulkan0 compute buffer size is  96.3457 MiB, matches expectation of  96.3457 MiB
~llama_context: Vulkan_Host compute buffer size is   3.9046 MiB, matches expectation of   3.9046 MiB
~llama_context:    Vulkan0 compute buffer size is  90.7383 MiB, matches expectation of  90.7383 MiB
~llama_context: Vulkan_Host compute buffer size is   3.6992 MiB, matches expectation of   3.6992 MiB
~llama_context:    Vulkan0 compute buffer size is  87.6797 MiB, matches expectation of  87.6797 MiB
~llama_context: Vulkan_Host compute buffer size is   3.5963 MiB, matches expectation of   3.5963 MiB
~llama_context:    Vulkan0 compute buffer size is  91.7578 MiB, matches expectation of  91.7578 MiB
~llama_context: Vulkan_Host compute buffer size is   3.6992 MiB, matches expectation of   3.6992 MiB
~llama_context:    Vulkan0 compute buffer size is  91.7578 MiB, matches expectation of  91.7578 MiB
~llama_context: Vulkan_Host compute buffer size is   3.6992 MiB, matches expectation of   3.6992 MiB
~llama_context:    Vulkan0 compute buffer size is  86.1504 MiB, matches expectation of  86.1504 MiB
~llama_context: Vulkan_Host compute buffer size is   3.5758 MiB, matches expectation of   3.5758 MiB
~llama_context:    Vulkan0 compute buffer size is  89.7188 MiB, matches expectation of  89.7188 MiB
~llama_context: Vulkan_Host compute buffer size is   3.6992 MiB, matches expectation of   3.6992 MiB
~llama_context:    Vulkan0 compute buffer size is  94.3066 MiB, matches expectation of  94.3066 MiB
~llama_context: Vulkan_Host compute buffer size is   3.8020 MiB, matches expectation of   3.8020 MiB
~llama_context:    Vulkan0 compute buffer size is  90.7383 MiB, matches expectation of  90.7383 MiB
~llama_context: Vulkan_Host compute buffer size is   3.6992 MiB, matches expectation of   3.6992 MiB
~llama_context:    Vulkan0 compute buffer size is  90.7383 MiB, matches expectation of  90.7383 MiB
~llama_context: Vulkan_Host compute buffer size is   3.6992 MiB, matches expectation of   3.6992 MiB
~llama_context:    Vulkan0 compute buffer size is  90.2285 MiB, matches expectation of  90.2285 MiB
~llama_context: Vulkan_Host compute buffer size is   3.6992 MiB, matches expectation of   3.6992 MiB
~llama_context:    Vulkan0 compute buffer size is  89.2090 MiB, matches expectation of  89.2090 MiB
~llama_context: Vulkan_Host compute buffer size is   3.6992 MiB, matches expectation of   3.6992 MiB
~llama_context:    Vulkan0 compute buffer size is  89.7188 MiB, matches expectation of  89.7188 MiB
~llama_context: Vulkan_Host compute buffer size is   3.6992 MiB, matches expectation of   3.6992 MiB
~llama_context:    Vulkan0 compute buffer size is  84.6211 MiB, matches expectation of  84.6211 MiB
~llama_context: Vulkan_Host compute buffer size is   3.4525 MiB, matches expectation of   3.4525 MiB
~llama_context:    Vulkan0 compute buffer size is  84.6211 MiB, matches expectation of  84.6211 MiB
~llama_context: Vulkan_Host compute buffer size is   3.4937 MiB, matches expectation of   3.4937 MiB
~llama_context:    Vulkan0 compute buffer size is  85.1309 MiB, matches expectation of  85.1309 MiB
~llama_context: Vulkan_Host compute buffer size is   3.4937 MiB, matches expectation of   3.4937 MiB
~llama_context:    Vulkan0 compute buffer size is  87.1699 MiB, matches expectation of  87.1699 MiB
~llama_context: Vulkan_Host compute buffer size is   3.5963 MiB, matches expectation of   3.5963 MiB
~llama_context:    Vulkan0 compute buffer size is  82.5820 MiB, matches expectation of  82.5820 MiB
~llama_context: Vulkan_Host compute buffer size is   3.3910 MiB, matches expectation of   3.3910 MiB
~llama_context:    Vulkan0 compute buffer size is  84.6211 MiB, matches expectation of  84.6211 MiB
~llama_context: Vulkan_Host compute buffer size is   3.4937 MiB, matches expectation of   3.4937 MiB
~llama_context:    Vulkan0 compute buffer size is  86.6602 MiB, matches expectation of  86.6602 MiB
~llama_context: Vulkan_Host compute buffer size is   3.5143 MiB, matches expectation of   3.5143 MiB
~llama_context:    Vulkan0 compute buffer size is  88.6992 MiB, matches expectation of  88.6992 MiB
~llama_context: Vulkan_Host compute buffer size is   3.5758 MiB, matches expectation of   3.5758 MiB
~llama_context:    Vulkan0 compute buffer size is  86.6602 MiB, matches expectation of  86.6602 MiB
~llama_context: Vulkan_Host compute buffer size is   3.5143 MiB, matches expectation of   3.5143 MiB
~llama_context:    Vulkan0 compute buffer size is  82.5820 MiB, matches expectation of  82.5820 MiB
~llama_context: Vulkan_Host compute buffer size is   3.3294 MiB, matches expectation of   3.3294 MiB
~llama_context:    Vulkan0 compute buffer size is  86.1504 MiB, matches expectation of  86.1504 MiB
~llama_context: Vulkan_Host compute buffer size is   3.5143 MiB, matches expectation of   3.5143 MiB
~llama_context:    Vulkan0 compute buffer size is  86.1504 MiB, matches expectation of  86.1504 MiB
~llama_context: Vulkan_Host compute buffer size is   3.5143 MiB, matches expectation of   3.5143 MiB
~llama_context:    Vulkan0 compute buffer size is  84.1113 MiB, matches expectation of  84.1113 MiB
~llama_context: Vulkan_Host compute buffer size is   3.3910 MiB, matches expectation of   3.3910 MiB
~llama_context:    Vulkan0 compute buffer size is  83.0918 MiB, matches expectation of  83.0918 MiB
~llama_context: Vulkan_Host compute buffer size is   3.3910 MiB, matches expectation of   3.3910 MiB
~llama_context:    Vulkan0 compute buffer size is  84.6211 MiB, matches expectation of  84.6211 MiB
~llama_context: Vulkan_Host compute buffer size is   3.4525 MiB, matches expectation of   3.4525 MiB
~llama_context:    Vulkan0 compute buffer size is  83.0918 MiB, matches expectation of  83.0918 MiB
~llama_context: Vulkan_Host compute buffer size is   3.3910 MiB, matches expectation of   3.3910 MiB
~llama_context:    Vulkan0 compute buffer size is  87.6797 MiB, matches expectation of  87.6797 MiB
~llama_context: Vulkan_Host compute buffer size is   3.5758 MiB, matches expectation of   3.5758 MiB
~llama_context:    Vulkan0 compute buffer size is  85.6406 MiB, matches expectation of  85.6406 MiB
~llama_context: Vulkan_Host compute buffer size is   3.4525 MiB, matches expectation of   3.4525 MiB
~llama_context:    Vulkan0 compute buffer size is  82.5820 MiB, matches expectation of  82.5820 MiB
~llama_context: Vulkan_Host compute buffer size is   3.3294 MiB, matches expectation of   3.3294 MiB
~llama_context:    Vulkan0 compute buffer size is  82.0723 MiB, matches expectation of  82.0723 MiB
~llama_context: Vulkan_Host compute buffer size is   3.3294 MiB, matches expectation of   3.3294 MiB
~llama_context:    Vulkan0 compute buffer size is  78.5039 MiB, matches expectation of  78.5039 MiB
~llama_context: Vulkan_Host compute buffer size is   3.2060 MiB, matches expectation of   3.2060 MiB
~llama_context:    Vulkan0 compute buffer size is  85.1309 MiB, matches expectation of  85.1309 MiB
~llama_context: Vulkan_Host compute buffer size is   3.4525 MiB, matches expectation of   3.4525 MiB
~llama_context:    Vulkan0 compute buffer size is  86.1504 MiB, matches expectation of  86.1504 MiB
~llama_context: Vulkan_Host compute buffer size is   3.5143 MiB, matches expectation of   3.5143 MiB
~llama_context:    Vulkan0 compute buffer size is  81.5625 MiB, matches expectation of  81.5625 MiB
~llama_context: Vulkan_Host compute buffer size is   3.3294 MiB, matches expectation of   3.3294 MiB
### quality — Spark-X2.5-4B-Q8_0.gguf

- generated: 2026-09-20T10:55:14Z
- host: Linux-7.2.4-ogc3.1.fc44.x86_64-x86_64-with-glibc2.41 · cpus 24 · cgroup quota 2.0
- config: backend=vulkan runs=5 threads=4
- reproduce: `uv run ggufone bench --suite quality --model /var/home/rybens/.hermes/models/Spark-X2.5-4B-Q8_0.gguf --backend vulkan --runs 5 --threads 4 --items 60 --json`
- wall: 29.4 s
- engine devices: Vulkan0=60 · Vulkan_Host=60 (compute buffers) · effective backend: vulkan
- framing: chat-template: spark2_5 / internal · prefix tokens: 82, 84, 85, 87, 88, 89, 90, 91, 92, 93, 94, 95, 96, 97, 98, 99, 100, 101, 102, 103, 105, 107, 111, 119

**exact-match agreement**

| type | n | correct | agreement | 95% CI |
|---|---|---|---|---|
| choice | 24 | 20 | 0.8333 | 0.6415 – 0.9332 |
| noul | 18 | 16 | 0.8889 | 0.6720 – 0.9690 |
| score | 18 | 6 | 0.3333 | 0.1628 – 0.5625 |
| overall | 60 | 42 | 0.7000 | 0.5749 – 0.8010 |

**cue verdicts**

| item | type | cue top token | top-token mass | verdict |
|---|---|---|---|---|
| c01 | choice | `token 198` | 0.9611 | ok |
| c02 | choice | `token 198` | 0.9464 | ok |
| c03 | choice | `token 198` | 0.9945 | ok |
| c04 | choice | `token 198` | 0.9818 | ok |
| c05 | choice | `token 198` | 0.9067 | ok |
| c06 | choice | `token 198` | 0.7311 | ok |
| c07 | choice | `token 198` | 0.9717 | ok |
| c08 | choice | `token 198` | 0.9972 | ok |
| c09 | choice | `token 198` | 0.7228 | ok |
| c10 | choice | `token 198` | 0.9961 | ok |
| c11 | choice | `token 198` | 0.9150 | ok |
| c12 | choice | `token 198` | 0.9778 | ok |
| c13 | choice | `token 198` | 0.9545 | ok |
| c14 | choice | `token 198` | 0.9919 | ok |
| c15 | choice | `token 198` | 0.9144 | ok |
| c16 | choice | `token 198` | 0.9772 | ok |
| c17 | choice | `token 198` | 0.9978 | ok |
| c18 | choice | `token 198` | 0.9474 | ok |
| c19 | choice | `token 60672` | 0.5255 | ok |
| c20 | choice | `token 198` | 0.8908 | ok |
| c21 | choice | `token 198` | 0.9905 | ok |
| c22 | choice | `token 198` | 0.9189 | ok |
| c23 | choice | `token 198` | 0.8675 | ok |
| c24 | choice | `token 198` | 0.7901 | ok |
| s01 | score | `token 198` | 0.7534 | ok |
| s02 | score | `token 198` | 0.9690 | ok |
| s03 | score | `token 198` | 0.6889 | ok |
| s04 | score | `token 32` | 0.3882 | ok |
| s05 | score | `token 198` | 0.9493 | ok |
| s06 | score | `token 198` | 0.8856 | ok |
| s07 | score | `token 198` | 0.8809 | ok |
| s08 | score | `token 198` | 0.8635 | ok |
| s09 | score | `token 198` | 0.7897 | ok |
| s10 | score | `token 198` | 0.8402 | ok |
| s11 | score | `token 198` | 0.9538 | ok |
| s12 | score | `token 198` | 0.9603 | ok |
| s13 | score | `token 198` | 0.7556 | ok |
| s14 | score | `token 198` | 0.9109 | ok |
| s15 | score | `token 198` | 0.9434 | ok |
| s16 | score | `token 198` | 0.7713 | ok |
| s17 | score | `token 198` | 0.9255 | ok |
| s18 | score | `token 198` | 0.9584 | ok |
| n01 | noul | `token 198` | 0.9260 | ok |
| n02 | noul | `token 198` | 0.8884 | ok |
| n03 | noul | `token 198` | 0.7334 | ok |
| n04 | noul | `token 198` | 0.9827 | ok |
| n05 | noul | `token 198` | 0.9883 | ok |
| n06 | noul | `token 198` | 0.8590 | ok |
| n07 | noul | `token 198` | 0.8798 | ok |
| n08 | noul | `token 198` | 0.9611 | ok |
| n09 | noul | `token 198` | 0.8702 | ok |
| n10 | noul | `token 198` | 0.9607 | ok |
| n11 | noul | `token 198` | 0.7587 | ok |
| n12 | noul | `token 198` | 0.9459 | ok |
| n13 | noul | `token 198` | 0.7166 | ok |
| n14 | noul | `token 198` | 0.9344 | ok |
| n15 | noul | `token 198` | 0.5861 | ok |
| n16 | noul | `token 198` | 0.4536 | ok |
| n17 | noul | `token 198` | 0.9471 | ok |
| n18 | noul | `token 198` | 0.6403 | ok |

- agreement = the highest-probability candidate equals the gold candidate (the discrete decision), measured per question type and overall with 95% Wilson intervals; report-only in v1 (SPEC S-11).

report: .e3e/bench_shipped_answer_sheet.json

