load_backend: loaded RPC backend from /var/home/rybens/.local/share/ggufone/runtime/b11026-linux-x64-vulkan/libggml-rpc.so
ggml_vulkan: Found 1 Vulkan devices:
ggml_vulkan: 0 = NVIDIA GeForce RTX 3060 Ti (NVIDIA) | uma: 0 | fp16: 1 | bf16: 1 | fp4: 0 | warp size: 32 | shared memory: 49152 | int dot: 1 | matrix cores: NV_coopmat2
load_backend: loaded Vulkan backend from /var/home/rybens/.local/share/ggufone/runtime/b11026-linux-x64-vulkan/libggml-vulkan.so
load_backend: loaded CPU backend from /var/home/rybens/.local/share/ggufone/runtime/b11026-linux-x64-vulkan/libggml-cpu-haswell.so
~llama_context:    Vulkan0 compute buffer size is 135.5977 MiB, matches expectation of 135.5977 MiB
~llama_context: Vulkan_Host compute buffer size is   5.8122 MiB, matches expectation of   5.8122 MiB
~llama_context:    Vulkan0 compute buffer size is 128.9707 MiB, matches expectation of 128.9707 MiB
~llama_context: Vulkan_Host compute buffer size is   5.2403 MiB, matches expectation of   5.2403 MiB
~llama_context:    Vulkan0 compute buffer size is 126.4219 MiB, matches expectation of 126.4219 MiB
~llama_context: Vulkan_Host compute buffer size is   5.1377 MiB, matches expectation of   5.1377 MiB
~llama_context:    Vulkan0 compute buffer size is 126.9316 MiB, matches expectation of 126.9316 MiB
~llama_context: Vulkan_Host compute buffer size is   5.1377 MiB, matches expectation of   5.1377 MiB
~llama_context:    Vulkan0 compute buffer size is 120.8145 MiB, matches expectation of 120.8145 MiB
~llama_context: Vulkan_Host compute buffer size is   4.9320 MiB, matches expectation of   4.9320 MiB
~llama_context:    Vulkan0 compute buffer size is 120.3047 MiB, matches expectation of 120.3047 MiB
~llama_context: Vulkan_Host compute buffer size is   4.9320 MiB, matches expectation of   4.9320 MiB
~llama_context:    Vulkan0 compute buffer size is 121.8340 MiB, matches expectation of 121.8340 MiB
~llama_context: Vulkan_Host compute buffer size is   4.9320 MiB, matches expectation of   4.9320 MiB
~llama_context:    Vulkan0 compute buffer size is 133.0488 MiB, matches expectation of 133.0488 MiB
~llama_context: Vulkan_Host compute buffer size is   5.7048 MiB, matches expectation of   5.7048 MiB
~llama_context:    Vulkan0 compute buffer size is 122.3438 MiB, matches expectation of 122.3438 MiB
~llama_context: Vulkan_Host compute buffer size is   4.9320 MiB, matches expectation of   4.9320 MiB
~llama_context:    Vulkan0 compute buffer size is 123.8730 MiB, matches expectation of 123.8730 MiB
~llama_context: Vulkan_Host compute buffer size is   5.0349 MiB, matches expectation of   5.0349 MiB
~llama_context:    Vulkan0 compute buffer size is 128.4609 MiB, matches expectation of 128.4609 MiB
~llama_context: Vulkan_Host compute buffer size is   5.2403 MiB, matches expectation of   5.2403 MiB
~llama_context:    Vulkan0 compute buffer size is 124.8926 MiB, matches expectation of 124.8926 MiB
~llama_context: Vulkan_Host compute buffer size is   5.0349 MiB, matches expectation of   5.0349 MiB
~llama_context:    Vulkan0 compute buffer size is 122.8535 MiB, matches expectation of 122.8535 MiB
~llama_context: Vulkan_Host compute buffer size is   5.0349 MiB, matches expectation of   5.0349 MiB
~llama_context:    Vulkan0 compute buffer size is 129.9902 MiB, matches expectation of 129.9902 MiB
~llama_context: Vulkan_Host compute buffer size is   5.2403 MiB, matches expectation of   5.2403 MiB
~llama_context:    Vulkan0 compute buffer size is 120.8145 MiB, matches expectation of 120.8145 MiB
~llama_context: Vulkan_Host compute buffer size is   4.9320 MiB, matches expectation of   4.9320 MiB
~llama_context:    Vulkan0 compute buffer size is 119.2852 MiB, matches expectation of 119.2852 MiB
~llama_context: Vulkan_Host compute buffer size is   4.8294 MiB, matches expectation of   4.8294 MiB
~llama_context:    Vulkan0 compute buffer size is 135.0879 MiB, matches expectation of 135.0879 MiB
~llama_context: Vulkan_Host compute buffer size is   5.7048 MiB, matches expectation of   5.7048 MiB
~llama_context:    Vulkan0 compute buffer size is 123.3633 MiB, matches expectation of 123.3633 MiB
~llama_context: Vulkan_Host compute buffer size is   5.0349 MiB, matches expectation of   5.0349 MiB
~llama_context:    Vulkan0 compute buffer size is 122.8535 MiB, matches expectation of 122.8535 MiB
~llama_context: Vulkan_Host compute buffer size is   5.0349 MiB, matches expectation of   5.0349 MiB
~llama_context:    Vulkan0 compute buffer size is 131.0098 MiB, matches expectation of 131.0098 MiB
~llama_context: Vulkan_Host compute buffer size is   5.5971 MiB, matches expectation of   5.5971 MiB
~llama_context:    Vulkan0 compute buffer size is 124.8926 MiB, matches expectation of 124.8926 MiB
~llama_context: Vulkan_Host compute buffer size is   5.0349 MiB, matches expectation of   5.0349 MiB
~llama_context:    Vulkan0 compute buffer size is 127.4414 MiB, matches expectation of 127.4414 MiB
~llama_context: Vulkan_Host compute buffer size is   5.1377 MiB, matches expectation of   5.1377 MiB
~llama_context:    Vulkan0 compute buffer size is 121.8340 MiB, matches expectation of 121.8340 MiB
~llama_context: Vulkan_Host compute buffer size is   4.9320 MiB, matches expectation of   4.9320 MiB
~llama_context:    Vulkan0 compute buffer size is 124.8926 MiB, matches expectation of 124.8926 MiB
~llama_context: Vulkan_Host compute buffer size is   5.0349 MiB, matches expectation of   5.0349 MiB
~llama_context:    Vulkan0 compute buffer size is 119.7949 MiB, matches expectation of 119.7949 MiB
~llama_context: Vulkan_Host compute buffer size is   4.9320 MiB, matches expectation of   4.9320 MiB
~llama_context:    Vulkan0 compute buffer size is 116.7363 MiB, matches expectation of 116.7363 MiB
~llama_context: Vulkan_Host compute buffer size is   4.7267 MiB, matches expectation of   4.7267 MiB
~llama_context:    Vulkan0 compute buffer size is 120.8145 MiB, matches expectation of 120.8145 MiB
~llama_context: Vulkan_Host compute buffer size is   4.9320 MiB, matches expectation of   4.9320 MiB
~llama_context:    Vulkan0 compute buffer size is 120.8145 MiB, matches expectation of 120.8145 MiB
~llama_context: Vulkan_Host compute buffer size is   4.9320 MiB, matches expectation of   4.9320 MiB
~llama_context:    Vulkan0 compute buffer size is 115.2070 MiB, matches expectation of 115.2070 MiB
~llama_context: Vulkan_Host compute buffer size is   4.6856 MiB, matches expectation of   4.6856 MiB
~llama_context:    Vulkan0 compute buffer size is 118.7754 MiB, matches expectation of 118.7754 MiB
~llama_context: Vulkan_Host compute buffer size is   4.8294 MiB, matches expectation of   4.8294 MiB
~llama_context:    Vulkan0 compute buffer size is 123.3633 MiB, matches expectation of 123.3633 MiB
~llama_context: Vulkan_Host compute buffer size is   5.0349 MiB, matches expectation of   5.0349 MiB
~llama_context:    Vulkan0 compute buffer size is 119.7949 MiB, matches expectation of 119.7949 MiB
~llama_context: Vulkan_Host compute buffer size is   4.9320 MiB, matches expectation of   4.9320 MiB
~llama_context:    Vulkan0 compute buffer size is 119.7949 MiB, matches expectation of 119.7949 MiB
~llama_context: Vulkan_Host compute buffer size is   4.8294 MiB, matches expectation of   4.8294 MiB
~llama_context:    Vulkan0 compute buffer size is 119.2852 MiB, matches expectation of 119.2852 MiB
~llama_context: Vulkan_Host compute buffer size is   4.8294 MiB, matches expectation of   4.8294 MiB
~llama_context:    Vulkan0 compute buffer size is 118.2656 MiB, matches expectation of 118.2656 MiB
~llama_context: Vulkan_Host compute buffer size is   4.8089 MiB, matches expectation of   4.8089 MiB
~llama_context:    Vulkan0 compute buffer size is 118.7754 MiB, matches expectation of 118.7754 MiB
~llama_context: Vulkan_Host compute buffer size is   4.8294 MiB, matches expectation of   4.8294 MiB
~llama_context:    Vulkan0 compute buffer size is 113.6777 MiB, matches expectation of 113.6777 MiB
~llama_context: Vulkan_Host compute buffer size is   4.6032 MiB, matches expectation of   4.6032 MiB
~llama_context:    Vulkan0 compute buffer size is 113.6777 MiB, matches expectation of 113.6777 MiB
~llama_context: Vulkan_Host compute buffer size is   4.6241 MiB, matches expectation of   4.6241 MiB
~llama_context:    Vulkan0 compute buffer size is 114.1875 MiB, matches expectation of 114.1875 MiB
~llama_context: Vulkan_Host compute buffer size is   4.6241 MiB, matches expectation of   4.6241 MiB
~llama_context:    Vulkan0 compute buffer size is 116.2266 MiB, matches expectation of 116.2266 MiB
~llama_context: Vulkan_Host compute buffer size is   4.7267 MiB, matches expectation of   4.7267 MiB
~llama_context:    Vulkan0 compute buffer size is 111.6387 MiB, matches expectation of 111.6387 MiB
~llama_context: Vulkan_Host compute buffer size is   4.5211 MiB, matches expectation of   4.5211 MiB
~llama_context:    Vulkan0 compute buffer size is 113.6777 MiB, matches expectation of 113.6777 MiB
~llama_context: Vulkan_Host compute buffer size is   4.6241 MiB, matches expectation of   4.6241 MiB
~llama_context:    Vulkan0 compute buffer size is 115.2070 MiB, matches expectation of 115.2070 MiB
~llama_context: Vulkan_Host compute buffer size is   4.6856 MiB, matches expectation of   4.6856 MiB
~llama_context:    Vulkan0 compute buffer size is 117.2461 MiB, matches expectation of 117.2461 MiB
~llama_context: Vulkan_Host compute buffer size is   4.7472 MiB, matches expectation of   4.7472 MiB
~llama_context:    Vulkan0 compute buffer size is 115.2070 MiB, matches expectation of 115.2070 MiB
~llama_context: Vulkan_Host compute buffer size is   4.6856 MiB, matches expectation of   4.6856 MiB
~llama_context:    Vulkan0 compute buffer size is 111.1289 MiB, matches expectation of 111.1289 MiB
~llama_context: Vulkan_Host compute buffer size is   4.5006 MiB, matches expectation of   4.5006 MiB
~llama_context:    Vulkan0 compute buffer size is 114.6973 MiB, matches expectation of 114.6973 MiB
~llama_context: Vulkan_Host compute buffer size is   4.6241 MiB, matches expectation of   4.6241 MiB
~llama_context:    Vulkan0 compute buffer size is 114.6973 MiB, matches expectation of 114.6973 MiB
~llama_context: Vulkan_Host compute buffer size is   4.6241 MiB, matches expectation of   4.6241 MiB
~llama_context:    Vulkan0 compute buffer size is 112.6582 MiB, matches expectation of 112.6582 MiB
~llama_context: Vulkan_Host compute buffer size is   4.5622 MiB, matches expectation of   4.5622 MiB
~llama_context:    Vulkan0 compute buffer size is 111.6387 MiB, matches expectation of 111.6387 MiB
~llama_context: Vulkan_Host compute buffer size is   4.5006 MiB, matches expectation of   4.5006 MiB
~llama_context:    Vulkan0 compute buffer size is 113.1680 MiB, matches expectation of 113.1680 MiB
~llama_context: Vulkan_Host compute buffer size is   4.5622 MiB, matches expectation of   4.5622 MiB
~llama_context:    Vulkan0 compute buffer size is 111.6387 MiB, matches expectation of 111.6387 MiB
~llama_context: Vulkan_Host compute buffer size is   4.5006 MiB, matches expectation of   4.5006 MiB
~llama_context:    Vulkan0 compute buffer size is 116.2266 MiB, matches expectation of 116.2266 MiB
~llama_context: Vulkan_Host compute buffer size is   4.6856 MiB, matches expectation of   4.6856 MiB
~llama_context:    Vulkan0 compute buffer size is 114.1875 MiB, matches expectation of 114.1875 MiB
~llama_context: Vulkan_Host compute buffer size is   4.6241 MiB, matches expectation of   4.6241 MiB
~llama_context:    Vulkan0 compute buffer size is 111.1289 MiB, matches expectation of 111.1289 MiB
~llama_context: Vulkan_Host compute buffer size is   4.5006 MiB, matches expectation of   4.5006 MiB
~llama_context:    Vulkan0 compute buffer size is 110.6191 MiB, matches expectation of 110.6191 MiB
~llama_context: Vulkan_Host compute buffer size is   4.5006 MiB, matches expectation of   4.5006 MiB
~llama_context:    Vulkan0 compute buffer size is 107.0508 MiB, matches expectation of 107.0508 MiB
~llama_context: Vulkan_Host compute buffer size is   4.3158 MiB, matches expectation of   4.3158 MiB
~llama_context:    Vulkan0 compute buffer size is 113.6777 MiB, matches expectation of 113.6777 MiB
~llama_context: Vulkan_Host compute buffer size is   4.6241 MiB, matches expectation of   4.6241 MiB
~llama_context:    Vulkan0 compute buffer size is 114.6973 MiB, matches expectation of 114.6973 MiB
~llama_context: Vulkan_Host compute buffer size is   4.6241 MiB, matches expectation of   4.6241 MiB
~llama_context:    Vulkan0 compute buffer size is 110.1094 MiB, matches expectation of 110.1094 MiB
~llama_context: Vulkan_Host compute buffer size is   4.4389 MiB, matches expectation of   4.4389 MiB
### quality — Spark-X2.5-4B-Q8_0.gguf

- generated: 2026-09-20T10:58:40Z
- host: Linux-7.2.4-ogc3.1.fc44.x86_64-x86_64-with-glibc2.41 · cpus 24 · cgroup quota 2.0
- config: backend=vulkan runs=5 threads=4
- reproduce: `uv run ggufone bench --suite quality --model /var/home/rybens/.hermes/models/Spark-X2.5-4B-Q8_0.gguf --backend vulkan --runs 5 --threads 4 --items 60 --cue json_instructed --chat-format role_split --json-contract system --json`
- wall: 34.2 s
- engine devices: Vulkan0=60 · Vulkan_Host=60 (compute buffers) · effective backend: vulkan
- framing: chat-template: spark2_5 / internal · prefix tokens: 127, 129, 130, 132, 133, 134, 135, 136, 137, 138, 139, 140, 141, 142, 143, 144, 145, 146, 147, 148, 150, 152, 156, 164
- prompt policy: cue=json_instructed · chat_format=role_split (question in a user turn) · json_contract=system (contract in the framing)

**exact-match agreement**

| type | n | correct | agreement | 95% CI |
|---|---|---|---|---|
| choice | 24 | 21 | 0.8750 | 0.6900 – 0.9566 |
| noul | 18 | 17 | 0.9444 | 0.7424 – 0.9901 |
| score | 18 | 12 | 0.6667 | 0.4375 – 0.8372 |
| overall | 60 | 50 | 0.8333 | 0.7197 – 0.9069 |

**cue verdicts**

| item | type | cue top token | top-token mass | verdict |
|---|---|---|---|---|
| c01 | choice | `token 97` | 0.9044 | ok |
| c02 | choice | `token 79` | 0.9954 | ok |
| c03 | choice | `token 76495` | 1.0000 | ok |
| c04 | choice | `token 33850` | 0.9672 | ok |
| c05 | choice | `token 113210` | 0.9969 | ok |
| c06 | choice | `token 80395` | 0.9965 | ok |
| c07 | choice | `token 29361` | 0.9997 | ok |
| c08 | choice | `token 93058` | 0.9264 | ok |
| c09 | choice | `token 1117` | 1.0000 | ok |
| c10 | choice | `token 9914` | 0.9999 | ok |
| c11 | choice | `token 1301` | 1.0000 | ok |
| c12 | choice | `token 13008` | 0.9986 | ok |
| c13 | choice | `token 16972` | 0.9999 | ok |
| c14 | choice | `token 16989` | 0.9999 | ok |
| c15 | choice | `token 21219` | 0.9998 | ok |
| c16 | choice | `token 625` | 1.0000 | ok |
| c17 | choice | `token 27075` | 0.9218 | ok |
| c18 | choice | `token 2297` | 0.5360 | ok |
| c19 | choice | `token 60672` | 0.9994 | ok |
| c20 | choice | `token 82613` | 0.9998 | ok |
| c21 | choice | `token 100` | 0.9469 | ok |
| c22 | choice | `token 96` | 1.0000 | ok |
| c23 | choice | `token 64686` | 1.0000 | ok |
| c24 | choice | `token 6693` | 1.0000 | ok |
| s01 | score | `token 33` | 0.6216 | ok |
| s02 | score | `token 30` | 0.8480 | ok |
| s03 | score | `token 33` | 0.9479 | ok |
| s04 | score | `token 31` | 0.6139 | ok |
| s05 | score | `token 29` | 0.8527 | ok |
| s06 | score | `token 32` | 0.8556 | ok |
| s07 | score | `token 30` | 0.5165 | ok |
| s08 | score | `token 30` | 0.8613 | ok |
| s09 | score | `token 30` | 0.9995 | ok |
| s10 | score | `token 32` | 0.6754 | ok |
| s11 | score | `token 30` | 0.5322 | ok |
| s12 | score | `token 32` | 0.8261 | ok |
| s13 | score | `token 31` | 0.9013 | ok |
| s14 | score | `token 29` | 0.5348 | ok |
| s15 | score | `token 31` | 0.7381 | ok |
| s16 | score | `token 29` | 0.9764 | ok |
| s17 | score | `token 31` | 0.5866 | ok |
| s18 | score | `token 29` | 0.9998 | ok |
| n01 | noul | `token 4244` | 0.9999 | ok |
| n02 | noul | `token 4244` | 0.9983 | ok |
| n03 | noul | `token 4244` | 0.9969 | ok |
| n04 | noul | `token 4244` | 1.0000 | ok |
| n05 | noul | `token 4244` | 0.9999 | ok |
| n06 | noul | `token 1643` | 0.9978 | ok |
| n07 | noul | `token 4244` | 0.9985 | ok |
| n08 | noul | `token 4244` | 0.7987 | ok |
| n09 | noul | `token 1643` | 0.9966 | ok |
| n10 | noul | `token 4244` | 0.9993 | ok |
| n11 | noul | `token 4244` | 0.7781 | ok |
| n12 | noul | `token 1643` | 0.9998 | ok |
| n13 | noul | `token 4244` | 0.9999 | ok |
| n14 | noul | `token 1643` | 0.9999 | ok |
| n15 | noul | `token 4244` | 0.9345 | ok |
| n16 | noul | `token 1643` | 0.9870 | ok |
| n17 | noul | `token 1643` | 0.9997 | ok |
| n18 | noul | `token 4244` | 0.9999 | ok |

- agreement = the highest-probability candidate equals the gold candidate (the discrete decision), measured per question type and overall with 95% Wilson intervals; report-only in v1 (SPEC S-11).

report: .e3e/bench_json_instructed_role_split_system.json

