load_backend: loaded RPC backend from /var/home/rybens/.local/share/ggufone/runtime/b11026-linux-x64-vulkan/libggml-rpc.so
ggml_vulkan: Found 1 Vulkan devices:
ggml_vulkan: 0 = NVIDIA GeForce RTX 3060 Ti (NVIDIA) | uma: 0 | fp16: 1 | bf16: 1 | fp4: 0 | warp size: 32 | shared memory: 49152 | int dot: 1 | matrix cores: NV_coopmat2
load_backend: loaded Vulkan backend from /var/home/rybens/.local/share/ggufone/runtime/b11026-linux-x64-vulkan/libggml-vulkan.so
load_backend: loaded CPU backend from /var/home/rybens/.local/share/ggufone/runtime/b11026-linux-x64-vulkan/libggml-cpu-haswell.so
~llama_context:    Vulkan0 compute buffer size is 116.7363 MiB, matches expectation of 116.7363 MiB
~llama_context: Vulkan_Host compute buffer size is   4.7267 MiB, matches expectation of   4.7267 MiB
~llama_context:    Vulkan0 compute buffer size is 110.1094 MiB, matches expectation of 110.1094 MiB
~llama_context: Vulkan_Host compute buffer size is   4.5211 MiB, matches expectation of   4.5211 MiB
~llama_context:    Vulkan0 compute buffer size is 107.5605 MiB, matches expectation of 107.5605 MiB
~llama_context: Vulkan_Host compute buffer size is   4.4184 MiB, matches expectation of   4.4184 MiB
~llama_context:    Vulkan0 compute buffer size is 108.0703 MiB, matches expectation of 108.0703 MiB
~llama_context: Vulkan_Host compute buffer size is   4.4184 MiB, matches expectation of   4.4184 MiB
~llama_context:    Vulkan0 compute buffer size is 101.9531 MiB, matches expectation of 101.9531 MiB
~llama_context: Vulkan_Host compute buffer size is   4.1101 MiB, matches expectation of   4.1101 MiB
~llama_context:    Vulkan0 compute buffer size is 101.4434 MiB, matches expectation of 101.4434 MiB
~llama_context: Vulkan_Host compute buffer size is   4.1101 MiB, matches expectation of   4.1101 MiB
~llama_context:    Vulkan0 compute buffer size is 102.9727 MiB, matches expectation of 102.9727 MiB
~llama_context: Vulkan_Host compute buffer size is   4.2129 MiB, matches expectation of   4.2129 MiB
~llama_context:    Vulkan0 compute buffer size is 114.1875 MiB, matches expectation of 114.1875 MiB
~llama_context: Vulkan_Host compute buffer size is   4.6241 MiB, matches expectation of   4.6241 MiB
~llama_context:    Vulkan0 compute buffer size is 103.4824 MiB, matches expectation of 103.4824 MiB
~llama_context: Vulkan_Host compute buffer size is   4.2129 MiB, matches expectation of   4.2129 MiB
~llama_context:    Vulkan0 compute buffer size is 105.0117 MiB, matches expectation of 105.0117 MiB
~llama_context: Vulkan_Host compute buffer size is   4.3158 MiB, matches expectation of   4.3158 MiB
~llama_context:    Vulkan0 compute buffer size is 109.5996 MiB, matches expectation of 109.5996 MiB
~llama_context: Vulkan_Host compute buffer size is   4.4184 MiB, matches expectation of   4.4184 MiB
~llama_context:    Vulkan0 compute buffer size is 106.0312 MiB, matches expectation of 106.0312 MiB
~llama_context: Vulkan_Host compute buffer size is   4.3158 MiB, matches expectation of   4.3158 MiB
~llama_context:    Vulkan0 compute buffer size is 103.9922 MiB, matches expectation of 103.9922 MiB
~llama_context: Vulkan_Host compute buffer size is   4.2129 MiB, matches expectation of   4.2129 MiB
~llama_context:    Vulkan0 compute buffer size is 111.1289 MiB, matches expectation of 111.1289 MiB
~llama_context: Vulkan_Host compute buffer size is   4.5211 MiB, matches expectation of   4.5211 MiB
~llama_context:    Vulkan0 compute buffer size is 101.9531 MiB, matches expectation of 101.9531 MiB
~llama_context: Vulkan_Host compute buffer size is   4.1101 MiB, matches expectation of   4.1101 MiB
~llama_context:    Vulkan0 compute buffer size is 100.4238 MiB, matches expectation of 100.4238 MiB
~llama_context: Vulkan_Host compute buffer size is   4.1101 MiB, matches expectation of   4.1101 MiB
~llama_context:    Vulkan0 compute buffer size is 116.2266 MiB, matches expectation of 116.2266 MiB
~llama_context: Vulkan_Host compute buffer size is   4.7267 MiB, matches expectation of   4.7267 MiB
~llama_context:    Vulkan0 compute buffer size is 104.5020 MiB, matches expectation of 104.5020 MiB
~llama_context: Vulkan_Host compute buffer size is   4.2129 MiB, matches expectation of   4.2129 MiB
~llama_context:    Vulkan0 compute buffer size is 103.9922 MiB, matches expectation of 103.9922 MiB
~llama_context: Vulkan_Host compute buffer size is   4.2129 MiB, matches expectation of   4.2129 MiB
~llama_context:    Vulkan0 compute buffer size is 112.1484 MiB, matches expectation of 112.1484 MiB
~llama_context: Vulkan_Host compute buffer size is   4.5211 MiB, matches expectation of   4.5211 MiB
~llama_context:    Vulkan0 compute buffer size is 106.0312 MiB, matches expectation of 106.0312 MiB
~llama_context: Vulkan_Host compute buffer size is   4.3158 MiB, matches expectation of   4.3158 MiB
~llama_context:    Vulkan0 compute buffer size is 108.5801 MiB, matches expectation of 108.5801 MiB
~llama_context: Vulkan_Host compute buffer size is   4.4184 MiB, matches expectation of   4.4184 MiB
~llama_context:    Vulkan0 compute buffer size is 102.9727 MiB, matches expectation of 102.9727 MiB
~llama_context: Vulkan_Host compute buffer size is   4.2129 MiB, matches expectation of   4.2129 MiB
~llama_context:    Vulkan0 compute buffer size is 106.0312 MiB, matches expectation of 106.0312 MiB
~llama_context: Vulkan_Host compute buffer size is   4.3158 MiB, matches expectation of   4.3158 MiB
~llama_context:    Vulkan0 compute buffer size is 101.4434 MiB, matches expectation of 101.4434 MiB
~llama_context: Vulkan_Host compute buffer size is   4.1924 MiB, matches expectation of   4.1924 MiB
~llama_context:    Vulkan0 compute buffer size is  98.3848 MiB, matches expectation of  98.3848 MiB
~llama_context: Vulkan_Host compute buffer size is   4.0075 MiB, matches expectation of   4.0075 MiB
~llama_context:    Vulkan0 compute buffer size is 102.4629 MiB, matches expectation of 102.4629 MiB
~llama_context: Vulkan_Host compute buffer size is   4.1924 MiB, matches expectation of   4.1924 MiB
~llama_context:    Vulkan0 compute buffer size is 102.4629 MiB, matches expectation of 102.4629 MiB
~llama_context: Vulkan_Host compute buffer size is   4.1924 MiB, matches expectation of   4.1924 MiB
~llama_context:    Vulkan0 compute buffer size is  96.8555 MiB, matches expectation of  96.8555 MiB
~llama_context: Vulkan_Host compute buffer size is   3.9456 MiB, matches expectation of   3.9456 MiB
~llama_context:    Vulkan0 compute buffer size is 100.4238 MiB, matches expectation of 100.4238 MiB
~llama_context: Vulkan_Host compute buffer size is   4.1101 MiB, matches expectation of   4.1101 MiB
~llama_context:    Vulkan0 compute buffer size is 105.0117 MiB, matches expectation of 105.0117 MiB
~llama_context: Vulkan_Host compute buffer size is   4.3158 MiB, matches expectation of   4.3158 MiB
~llama_context:    Vulkan0 compute buffer size is 101.4434 MiB, matches expectation of 101.4434 MiB
~llama_context: Vulkan_Host compute buffer size is   4.1924 MiB, matches expectation of   4.1924 MiB
~llama_context:    Vulkan0 compute buffer size is 101.4434 MiB, matches expectation of 101.4434 MiB
~llama_context: Vulkan_Host compute buffer size is   4.1101 MiB, matches expectation of   4.1101 MiB
~llama_context:    Vulkan0 compute buffer size is 100.9336 MiB, matches expectation of 100.9336 MiB
~llama_context: Vulkan_Host compute buffer size is   4.1101 MiB, matches expectation of   4.1101 MiB
~llama_context:    Vulkan0 compute buffer size is  99.9141 MiB, matches expectation of  99.9141 MiB
~llama_context: Vulkan_Host compute buffer size is   4.0691 MiB, matches expectation of   4.0691 MiB
~llama_context:    Vulkan0 compute buffer size is 100.4238 MiB, matches expectation of 100.4238 MiB
~llama_context: Vulkan_Host compute buffer size is   4.1101 MiB, matches expectation of   4.1101 MiB
~llama_context:    Vulkan0 compute buffer size is  95.3262 MiB, matches expectation of  95.3262 MiB
~llama_context: Vulkan_Host compute buffer size is   3.8636 MiB, matches expectation of   3.8636 MiB
~llama_context:    Vulkan0 compute buffer size is  95.3262 MiB, matches expectation of  95.3262 MiB
~llama_context: Vulkan_Host compute buffer size is   3.9046 MiB, matches expectation of   3.9046 MiB
~llama_context:    Vulkan0 compute buffer size is  95.8359 MiB, matches expectation of  95.8359 MiB
~llama_context: Vulkan_Host compute buffer size is   3.9046 MiB, matches expectation of   3.9046 MiB
~llama_context:    Vulkan0 compute buffer size is  97.8750 MiB, matches expectation of  97.8750 MiB
~llama_context: Vulkan_Host compute buffer size is   4.0075 MiB, matches expectation of   4.0075 MiB
~llama_context:    Vulkan0 compute buffer size is  93.2871 MiB, matches expectation of  93.2871 MiB
~llama_context: Vulkan_Host compute buffer size is   3.8020 MiB, matches expectation of   3.8020 MiB
~llama_context:    Vulkan0 compute buffer size is  95.3262 MiB, matches expectation of  95.3262 MiB
~llama_context: Vulkan_Host compute buffer size is   3.9046 MiB, matches expectation of   3.9046 MiB
~llama_context:    Vulkan0 compute buffer size is  94.3066 MiB, matches expectation of  94.3066 MiB
~llama_context: Vulkan_Host compute buffer size is   3.8225 MiB, matches expectation of   3.8225 MiB
~llama_context:    Vulkan0 compute buffer size is  96.3457 MiB, matches expectation of  96.3457 MiB
~llama_context: Vulkan_Host compute buffer size is   3.8841 MiB, matches expectation of   3.8841 MiB
~llama_context:    Vulkan0 compute buffer size is  94.3066 MiB, matches expectation of  94.3066 MiB
~llama_context: Vulkan_Host compute buffer size is   3.8225 MiB, matches expectation of   3.8225 MiB
~llama_context:    Vulkan0 compute buffer size is  90.2285 MiB, matches expectation of  90.2285 MiB
~llama_context: Vulkan_Host compute buffer size is   3.6377 MiB, matches expectation of   3.6377 MiB
~llama_context:    Vulkan0 compute buffer size is  93.7969 MiB, matches expectation of  93.7969 MiB
~llama_context: Vulkan_Host compute buffer size is   3.8225 MiB, matches expectation of   3.8225 MiB
~llama_context:    Vulkan0 compute buffer size is  93.7969 MiB, matches expectation of  93.7969 MiB
~llama_context: Vulkan_Host compute buffer size is   3.8225 MiB, matches expectation of   3.8225 MiB
~llama_context:    Vulkan0 compute buffer size is  91.7578 MiB, matches expectation of  91.7578 MiB
~llama_context: Vulkan_Host compute buffer size is   3.6992 MiB, matches expectation of   3.6992 MiB
~llama_context:    Vulkan0 compute buffer size is  90.7383 MiB, matches expectation of  90.7383 MiB
~llama_context: Vulkan_Host compute buffer size is   3.6992 MiB, matches expectation of   3.6992 MiB
~llama_context:    Vulkan0 compute buffer size is  92.2676 MiB, matches expectation of  92.2676 MiB
~llama_context: Vulkan_Host compute buffer size is   3.7608 MiB, matches expectation of   3.7608 MiB
~llama_context:    Vulkan0 compute buffer size is  90.7383 MiB, matches expectation of  90.7383 MiB
~llama_context: Vulkan_Host compute buffer size is   3.6992 MiB, matches expectation of   3.6992 MiB
~llama_context:    Vulkan0 compute buffer size is  95.3262 MiB, matches expectation of  95.3262 MiB
~llama_context: Vulkan_Host compute buffer size is   3.8841 MiB, matches expectation of   3.8841 MiB
~llama_context:    Vulkan0 compute buffer size is  93.2871 MiB, matches expectation of  93.2871 MiB
~llama_context: Vulkan_Host compute buffer size is   3.7608 MiB, matches expectation of   3.7608 MiB
~llama_context:    Vulkan0 compute buffer size is  90.2285 MiB, matches expectation of  90.2285 MiB
~llama_context: Vulkan_Host compute buffer size is   3.6377 MiB, matches expectation of   3.6377 MiB
~llama_context:    Vulkan0 compute buffer size is  89.7188 MiB, matches expectation of  89.7188 MiB
~llama_context: Vulkan_Host compute buffer size is   3.6377 MiB, matches expectation of   3.6377 MiB
~llama_context:    Vulkan0 compute buffer size is  86.1504 MiB, matches expectation of  86.1504 MiB
~llama_context: Vulkan_Host compute buffer size is   3.5143 MiB, matches expectation of   3.5143 MiB
~llama_context:    Vulkan0 compute buffer size is  92.7773 MiB, matches expectation of  92.7773 MiB
~llama_context: Vulkan_Host compute buffer size is   3.7608 MiB, matches expectation of   3.7608 MiB
~llama_context:    Vulkan0 compute buffer size is  93.7969 MiB, matches expectation of  93.7969 MiB
~llama_context: Vulkan_Host compute buffer size is   3.8225 MiB, matches expectation of   3.8225 MiB
~llama_context:    Vulkan0 compute buffer size is  89.2090 MiB, matches expectation of  89.2090 MiB
~llama_context: Vulkan_Host compute buffer size is   3.6377 MiB, matches expectation of   3.6377 MiB
### quality — Spark-X2.5-4B-Q8_0.gguf

- generated: 2026-09-20T10:57:34Z
- host: Linux-7.2.4-ogc3.1.fc44.x86_64-x86_64-with-glibc2.41 · cpus 24 · cgroup quota 2.0
- config: backend=vulkan runs=5 threads=4
- reproduce: `uv run ggufone bench --suite quality --model /var/home/rybens/.hermes/models/Spark-X2.5-4B-Q8_0.gguf --backend vulkan --runs 5 --threads 4 --items 60 --cue json_instructed --chat-format role_split --json`
- wall: 26.1 s
- engine devices: Vulkan0=60 · Vulkan_Host=60 (compute buffers) · effective backend: vulkan
- framing: chat-template: spark2_5 / internal · prefix tokens: 82, 84, 85, 87, 88, 89, 90, 91, 92, 93, 94, 95, 96, 97, 98, 99, 100, 101, 102, 103, 105, 107, 111, 119
- prompt policy: cue=json_instructed · chat_format=role_split (question in a user turn)

**exact-match agreement**

| type | n | correct | agreement | 95% CI |
|---|---|---|---|---|
| choice | 24 | 21 | 0.8750 | 0.6900 – 0.9566 |
| noul | 18 | 18 | 1.000 | 0.8241 – 1.000 |
| score | 18 | 11 | 0.6111 | 0.3862 – 0.7970 |
| overall | 60 | 50 | 0.8333 | 0.7197 – 0.9069 |

**cue verdicts**

| item | type | cue top token | top-token mass | verdict |
|---|---|---|---|---|
| c01 | choice | `token 97` | 0.8700 | ok |
| c02 | choice | `token 79` | 0.9954 | ok |
| c03 | choice | `token 76495` | 1.0000 | ok |
| c04 | choice | `token 33850` | 0.8582 | ok |
| c05 | choice | `token 113210` | 0.9955 | ok |
| c06 | choice | `token 80395` | 0.9931 | ok |
| c07 | choice | `token 29361` | 0.9997 | ok |
| c08 | choice | `token 93058` | 0.9785 | ok |
| c09 | choice | `token 1117` | 1.0000 | ok |
| c10 | choice | `token 9914` | 0.9999 | ok |
| c11 | choice | `token 1301` | 1.0000 | ok |
| c12 | choice | `token 13008` | 0.9996 | ok |
| c13 | choice | `token 16972` | 0.9999 | ok |
| c14 | choice | `token 16989` | 0.9999 | ok |
| c15 | choice | `token 21219` | 0.9998 | ok |
| c16 | choice | `token 625` | 1.0000 | ok |
| c17 | choice | `token 27075` | 0.8061 | ok |
| c18 | choice | `token 2297` | 0.5303 | ok |
| c19 | choice | `token 60672` | 0.9994 | ok |
| c20 | choice | `token 82613` | 0.9998 | ok |
| c21 | choice | `token 100` | 0.8992 | ok |
| c22 | choice | `token 96` | 1.0000 | ok |
| c23 | choice | `token 64686` | 1.0000 | ok |
| c24 | choice | `token 6693` | 1.0000 | ok |
| s01 | score | `token 33` | 0.9226 | ok |
| s02 | score | `token 30` | 0.7854 | ok |
| s03 | score | `token 33` | 0.8885 | ok |
| s04 | score | `token 32` | 0.5414 | ok |
| s05 | score | `token 29` | 0.8892 | ok |
| s06 | score | `token 32` | 0.8977 | ok |
| s07 | score | `token 30` | 0.5965 | ok |
| s08 | score | `token 30` | 0.6209 | ok |
| s09 | score | `token 30` | 0.9977 | ok |
| s10 | score | `token 32` | 0.7818 | ok |
| s11 | score | `token 31` | 0.5342 | ok |
| s12 | score | `token 32` | 0.9192 | ok |
| s13 | score | `token 29` | 0.6987 | ok |
| s14 | score | `token 29` | 0.5063 | ok |
| s15 | score | `token 31` | 0.5626 | ok |
| s16 | score | `token 29` | 0.9563 | ok |
| s17 | score | `token 31` | 0.6999 | ok |
| s18 | score | `token 29` | 0.9995 | ok |
| n01 | noul | `token 4244` | 0.9991 | ok |
| n02 | noul | `token 4244` | 0.9835 | ok |
| n03 | noul | `token 4244` | 0.9973 | ok |
| n04 | noul | `token 4244` | 1.0000 | ok |
| n05 | noul | `token 4244` | 0.9994 | ok |
| n06 | noul | `token 1643` | 1.0000 | ok |
| n07 | noul | `token 4244` | 0.9936 | ok |
| n08 | noul | `token 1643` | 0.9535 | ok |
| n09 | noul | `token 1643` | 1.0000 | ok |
| n10 | noul | `token 4244` | 0.9865 | ok |
| n11 | noul | `token 4244` | 0.5949 | ok |
| n12 | noul | `token 1643` | 1.0000 | ok |
| n13 | noul | `token 4244` | 0.9991 | ok |
| n14 | noul | `token 1643` | 1.0000 | ok |
| n15 | noul | `token 4244` | 0.8819 | ok |
| n16 | noul | `token 1643` | 1.0000 | ok |
| n17 | noul | `token 1643` | 0.9999 | ok |
| n18 | noul | `token 4244` | 0.9998 | ok |

- agreement = the highest-probability candidate equals the gold candidate (the discrete decision), measured per question type and overall with 95% Wilson intervals; report-only in v1 (SPEC S-11).

report: .e3e/bench_json_instructed_role_split.json

